TimeQuest Timing Analyzer report for lab4
Fri Nov 24 16:04:36 2017
Quartus II 64-Bit Version 13.0.1 Build 232 06/12/2013 Service Pack 1 SJ Full Version


---------------------
; Table of Contents ;
---------------------
  1. Legal Notice
  2. TimeQuest Timing Analyzer Summary
  3. Parallel Compilation
  4. Clocks
  5. Slow Model Fmax Summary
  6. Slow Model Setup Summary
  7. Slow Model Hold Summary
  8. Slow Model Recovery Summary
  9. Slow Model Removal Summary
 10. Slow Model Minimum Pulse Width Summary
 11. Slow Model Minimum Pulse Width: 'altera_reserved_tck'
 12. Propagation Delay
 13. Minimum Propagation Delay
 14. Fast Model Setup Summary
 15. Fast Model Hold Summary
 16. Fast Model Recovery Summary
 17. Fast Model Removal Summary
 18. Fast Model Minimum Pulse Width Summary
 19. Fast Model Minimum Pulse Width: 'altera_reserved_tck'
 20. Propagation Delay
 21. Minimum Propagation Delay
 22. Multicorner Timing Analysis Summary
 23. Progagation Delay
 24. Minimum Progagation Delay
 25. Clock Transfers
 26. Report TCCS
 27. Report RSKM
 28. Unconstrained Paths
 29. TimeQuest Timing Analyzer Messages



----------------
; Legal Notice ;
----------------
Copyright (C) 1991-2013 Altera Corporation
Your use of Altera Corporation's design tools, logic functions 
and other software and tools, and its AMPP partner logic 
functions, and any output files from any of the foregoing 
(including device programming or simulation files), and any 
associated documentation or information are expressly subject 
to the terms and conditions of the Altera Program License 
Subscription Agreement, Altera MegaCore Function License 
Agreement, or other applicable license agreement, including, 
without limitation, that your use is for the sole purpose of 
programming logic devices manufactured by Altera and sold by 
Altera or its authorized distributors.  Please refer to the 
applicable agreement for further details.



+-----------------------------------------------------------------------------------------+
; TimeQuest Timing Analyzer Summary                                                       ;
+--------------------+--------------------------------------------------------------------+
; Quartus II Version ; Version 13.0.1 Build 232 06/12/2013 Service Pack 1 SJ Full Version ;
; Revision Name      ; lab4                                                               ;
; Device Family      ; Cyclone II                                                         ;
; Device Name        ; EP2C20F484C7                                                       ;
; Timing Models      ; Final                                                              ;
; Delay Model        ; Combined                                                           ;
; Rise/Fall Delays   ; Unavailable                                                        ;
+--------------------+--------------------------------------------------------------------+


+------------------------------------------+
; Parallel Compilation                     ;
+----------------------------+-------------+
; Processors                 ; Number      ;
+----------------------------+-------------+
; Number detected on machine ; 8           ;
; Maximum allowed            ; 4           ;
;                            ;             ;
; Average used               ; 1.00        ;
; Maximum used               ; 1           ;
;                            ;             ;
; Usage by Processor         ; % Time Used ;
;     Processor 1            ; 100.0%      ;
;     Processors 2-8         ;   0.0%      ;
+----------------------------+-------------+


+-----------------------------------------------------------------------------------------------------------------------------------------------------------------------------------------------------------+
; Clocks                                                                                                                                                                                                    ;
+---------------------+------+---------+-----------+-------+--------+------------+-----------+-------------+-------+--------+-----------+------------+----------+--------+--------+-------------------------+
; Clock Name          ; Type ; Period  ; Frequency ; Rise  ; Fall   ; Duty Cycle ; Divide by ; Multiply by ; Phase ; Offset ; Edge List ; Edge Shift ; Inverted ; Master ; Source ; Targets                 ;
+---------------------+------+---------+-----------+-------+--------+------------+-----------+-------------+-------+--------+-----------+------------+----------+--------+--------+-------------------------+
; altera_reserved_tck ; Base ; 100.000 ; 10.0 MHz  ; 0.000 ; 50.000 ;            ;           ;             ;       ;        ;           ;            ;          ;        ;        ; { altera_reserved_tck } ;
+---------------------+------+---------+-----------+-------+--------+------------+-----------+-------------+-------+--------+-----------+------------+----------+--------+--------+-------------------------+


---------------------------
; Slow Model Fmax Summary ;
---------------------------
No paths to report.


----------------------------
; Slow Model Setup Summary ;
----------------------------
No paths to report.


---------------------------
; Slow Model Hold Summary ;
---------------------------
No paths to report.


-------------------------------
; Slow Model Recovery Summary ;
-------------------------------
No paths to report.


------------------------------
; Slow Model Removal Summary ;
------------------------------
No paths to report.


+----------------------------------------------+
; Slow Model Minimum Pulse Width Summary       ;
+---------------------+--------+---------------+
; Clock               ; Slack  ; End Point TNS ;
+---------------------+--------+---------------+
; altera_reserved_tck ; 97.531 ; 0.000         ;
+---------------------+--------+---------------+


+-------------------------------------------------------------------------------------------------------------+
; Slow Model Minimum Pulse Width: 'altera_reserved_tck'                                                       ;
+--------+--------------+----------------+-----------+---------------------+------------+---------------------+
; Slack  ; Actual Width ; Required Width ; Type      ; Clock               ; Clock Edge ; Target              ;
+--------+--------------+----------------+-----------+---------------------+------------+---------------------+
; 97.531 ; 100.000      ; 2.469          ; Port Rate ; altera_reserved_tck ; Rise       ; altera_reserved_tck ;
+--------+--------------+----------------+-----------+---------------------+------------+---------------------+


+-----------------------------------------------------------------+
; Propagation Delay                                               ;
+------------+----------------+--------+--------+--------+--------+
; Input Port ; Output Port    ; RR     ; RF     ; FR     ; FF     ;
+------------+----------------+--------+--------+--------+--------+
; MODE[0]    ; INIT           ; 8.194  ;        ;        ; 8.194  ;
; MODE[0]    ; POP            ; 9.295  ;        ;        ; 9.295  ;
; MODE[0]    ; POP_ENABLE[0]  ; 12.295 ; 12.061 ; 12.061 ; 12.295 ;
; MODE[0]    ; POP_ENABLE[1]  ; 12.350 ; 12.039 ; 12.039 ; 12.350 ;
; MODE[0]    ; POP_ENABLE[2]  ; 11.724 ; 11.485 ; 11.485 ; 11.724 ;
; MODE[0]    ; POP_ENABLE[3]  ; 11.283 ; 10.979 ; 10.979 ; 11.283 ;
; MODE[0]    ; POP_ENABLE[4]  ; 11.682 ; 11.443 ; 11.443 ; 11.682 ;
; MODE[0]    ; POP_ENABLE[5]  ; 14.148 ; 13.787 ; 13.787 ; 14.148 ;
; MODE[0]    ; POP_ENABLE[6]  ; 12.879 ; 12.645 ; 12.645 ; 12.879 ;
; MODE[0]    ; POP_ENABLE[7]  ; 11.458 ; 11.160 ; 11.160 ; 11.458 ;
; MODE[0]    ; POP_ENABLE[8]  ; 11.930 ; 11.696 ; 11.696 ; 11.930 ;
; MODE[0]    ; POP_ENABLE[9]  ; 12.562 ; 12.201 ; 12.201 ; 12.562 ;
; MODE[0]    ; POP_ENABLE[10] ; 11.887 ; 11.653 ; 11.653 ; 11.887 ;
; MODE[0]    ; POP_ENABLE[11] ; 10.553 ; 10.322 ; 10.322 ; 10.553 ;
; MODE[0]    ; POP_ENABLE[12] ; 12.087 ; 11.853 ; 11.853 ; 12.087 ;
; MODE[0]    ; POP_ENABLE[13] ; 12.843 ; 12.482 ; 12.482 ; 12.843 ;
; MODE[0]    ; POP_ENABLE[14] ; 12.373 ; 12.139 ; 12.139 ; 12.373 ;
; MODE[0]    ; POP_ENABLE[15] ; 11.848 ; 11.537 ; 11.537 ; 11.848 ;
; MODE[0]    ; POP_ENABLE[16] ; 12.269 ; 12.035 ; 12.035 ; 12.269 ;
; MODE[0]    ; POP_ENABLE[17] ; 12.082 ; 11.848 ; 11.848 ; 12.082 ;
; MODE[0]    ; POP_ENABLE[18] ; 11.108 ; 10.869 ; 10.869 ; 11.108 ;
; MODE[0]    ; POP_ENABLE[19] ; 11.378 ; 11.147 ; 11.147 ; 11.378 ;
; MODE[0]    ; POP_ENABLE[20] ; 11.259 ; 11.020 ; 11.020 ; 11.259 ;
; MODE[0]    ; POP_ENABLE[21] ; 12.762 ; 12.401 ; 12.401 ; 12.762 ;
; MODE[0]    ; POP_ENABLE[22] ; 13.199 ; 12.965 ; 12.965 ; 13.199 ;
; MODE[0]    ; POP_ENABLE[23] ; 11.199 ; 10.968 ; 10.968 ; 11.199 ;
; MODE[0]    ; POP_ENABLE[24] ; 11.671 ; 11.437 ; 11.437 ; 11.671 ;
; MODE[0]    ; POP_ENABLE[25] ; 13.011 ; 12.650 ; 12.650 ; 13.011 ;
; MODE[0]    ; POP_ENABLE[26] ; 11.343 ; 11.109 ; 11.109 ; 11.343 ;
; MODE[0]    ; POP_ENABLE[27] ; 11.219 ; 10.988 ; 10.988 ; 11.219 ;
; MODE[0]    ; POP_ENABLE[28] ; 12.179 ; 11.945 ; 11.945 ; 12.179 ;
; MODE[0]    ; POP_ENABLE[29] ; 12.485 ; 12.251 ; 12.251 ; 12.485 ;
; MODE[0]    ; POP_ENABLE[30] ; 12.503 ; 12.269 ; 12.269 ; 12.503 ;
; MODE[0]    ; POP_ENABLE[31] ; 9.032  ; 8.801  ; 8.801  ; 9.032  ;
; MODE[0]    ; POP_ENABLE[32] ; 11.464 ; 11.230 ; 11.230 ; 11.464 ;
; MODE[0]    ; POP_ENABLE[33] ; 11.082 ; 10.848 ; 10.848 ; 11.082 ;
; MODE[0]    ; POP_ENABLE[34] ; 10.942 ; 10.703 ; 10.703 ; 10.942 ;
; MODE[0]    ; POP_ENABLE[35] ; 10.545 ; 10.314 ; 10.314 ; 10.545 ;
; MODE[0]    ; POP_ENABLE[36] ; 11.691 ; 11.452 ; 11.452 ; 11.691 ;
; MODE[0]    ; POP_ENABLE[37] ; 14.034 ; 13.673 ; 13.673 ; 14.034 ;
; MODE[0]    ; POP_ENABLE[38] ; 13.136 ; 12.902 ; 12.902 ; 13.136 ;
; MODE[0]    ; POP_ENABLE[39] ; 11.516 ; 11.219 ; 11.219 ; 11.516 ;
; MODE[0]    ; POP_ENABLE[40] ; 12.227 ; 11.993 ; 11.993 ; 12.227 ;
; MODE[0]    ; POP_ENABLE[41] ; 12.270 ; 11.909 ; 11.909 ; 12.270 ;
; MODE[0]    ; POP_ENABLE[42] ; 11.415 ; 11.181 ; 11.181 ; 11.415 ;
; MODE[0]    ; POP_ENABLE[43] ; 11.720 ; 11.489 ; 11.489 ; 11.720 ;
; MODE[0]    ; POP_ENABLE[44] ; 11.646 ; 11.412 ; 11.412 ; 11.646 ;
; MODE[0]    ; POP_ENABLE[45] ; 13.233 ; 12.872 ; 12.872 ; 13.233 ;
; MODE[0]    ; POP_ENABLE[46] ; 12.660 ; 12.426 ; 12.426 ; 12.660 ;
; MODE[0]    ; POP_ENABLE[47] ; 10.725 ; 10.498 ; 10.498 ; 10.725 ;
; MODE[0]    ; POP_ENABLE[48] ; 11.722 ; 11.488 ; 11.488 ; 11.722 ;
; MODE[0]    ; POP_ENABLE[49] ; 11.812 ; 11.578 ; 11.578 ; 11.812 ;
; MODE[0]    ; POP_ENABLE[50] ; 11.286 ; 11.047 ; 11.047 ; 11.286 ;
; MODE[0]    ; POP_ENABLE[51] ; 11.141 ; 10.910 ; 10.910 ; 11.141 ;
; MODE[1]    ; INIT           ;        ; 7.731  ; 7.731  ;        ;
; MODE[1]    ; POP            ; 8.841  ;        ;        ; 8.841  ;
; MODE[1]    ; POP_ENABLE[0]  ; 11.599 ; 12.454 ; 12.454 ; 11.599 ;
; MODE[1]    ; POP_ENABLE[1]  ; 11.577 ; 12.509 ; 12.509 ; 11.577 ;
; MODE[1]    ; POP_ENABLE[2]  ; 11.023 ; 11.883 ; 11.883 ; 11.023 ;
; MODE[1]    ; POP_ENABLE[3]  ; 10.517 ; 11.442 ; 11.442 ; 10.517 ;
; MODE[1]    ; POP_ENABLE[4]  ; 10.981 ; 11.841 ; 11.841 ; 10.981 ;
; MODE[1]    ; POP_ENABLE[5]  ; 13.325 ; 14.307 ; 14.307 ; 13.325 ;
; MODE[1]    ; POP_ENABLE[6]  ; 12.183 ; 13.038 ; 13.038 ; 12.183 ;
; MODE[1]    ; POP_ENABLE[7]  ; 10.698 ; 11.617 ; 11.617 ; 10.698 ;
; MODE[1]    ; POP_ENABLE[8]  ; 11.234 ; 12.089 ; 12.089 ; 11.234 ;
; MODE[1]    ; POP_ENABLE[9]  ; 11.739 ; 12.721 ; 12.721 ; 11.739 ;
; MODE[1]    ; POP_ENABLE[10] ; 11.191 ; 12.046 ; 12.046 ; 11.191 ;
; MODE[1]    ; POP_ENABLE[11] ; 9.860  ; 10.712 ; 10.712 ; 9.860  ;
; MODE[1]    ; POP_ENABLE[12] ; 11.391 ; 12.246 ; 12.246 ; 11.391 ;
; MODE[1]    ; POP_ENABLE[13] ; 12.020 ; 13.002 ; 13.002 ; 12.020 ;
; MODE[1]    ; POP_ENABLE[14] ; 11.677 ; 12.532 ; 12.532 ; 11.677 ;
; MODE[1]    ; POP_ENABLE[15] ; 11.075 ; 12.007 ; 12.007 ; 11.075 ;
; MODE[1]    ; POP_ENABLE[16] ; 11.573 ; 12.428 ; 12.428 ; 11.573 ;
; MODE[1]    ; POP_ENABLE[17] ; 11.386 ; 12.241 ; 12.241 ; 11.386 ;
; MODE[1]    ; POP_ENABLE[18] ; 10.407 ; 11.267 ; 11.267 ; 10.407 ;
; MODE[1]    ; POP_ENABLE[19] ; 10.685 ; 11.537 ; 11.537 ; 10.685 ;
; MODE[1]    ; POP_ENABLE[20] ; 10.558 ; 11.418 ; 11.418 ; 10.558 ;
; MODE[1]    ; POP_ENABLE[21] ; 11.939 ; 12.921 ; 12.921 ; 11.939 ;
; MODE[1]    ; POP_ENABLE[22] ; 12.503 ; 13.358 ; 13.358 ; 12.503 ;
; MODE[1]    ; POP_ENABLE[23] ; 10.506 ; 11.358 ; 11.358 ; 10.506 ;
; MODE[1]    ; POP_ENABLE[24] ; 10.975 ; 11.830 ; 11.830 ; 10.975 ;
; MODE[1]    ; POP_ENABLE[25] ; 12.188 ; 13.170 ; 13.170 ; 12.188 ;
; MODE[1]    ; POP_ENABLE[26] ; 10.647 ; 11.502 ; 11.502 ; 10.647 ;
; MODE[1]    ; POP_ENABLE[27] ; 10.526 ; 11.378 ; 11.378 ; 10.526 ;
; MODE[1]    ; POP_ENABLE[28] ; 11.483 ; 12.338 ; 12.338 ; 11.483 ;
; MODE[1]    ; POP_ENABLE[29] ; 11.789 ; 12.644 ; 12.644 ; 11.789 ;
; MODE[1]    ; POP_ENABLE[30] ; 11.807 ; 12.662 ; 12.662 ; 11.807 ;
; MODE[1]    ; POP_ENABLE[31] ; 8.339  ; 9.191  ; 9.191  ; 8.339  ;
; MODE[1]    ; POP_ENABLE[32] ; 10.768 ; 11.623 ; 11.623 ; 10.768 ;
; MODE[1]    ; POP_ENABLE[33] ; 10.386 ; 11.241 ; 11.241 ; 10.386 ;
; MODE[1]    ; POP_ENABLE[34] ; 10.241 ; 11.101 ; 11.101 ; 10.241 ;
; MODE[1]    ; POP_ENABLE[35] ; 9.852  ; 10.704 ; 10.704 ; 9.852  ;
; MODE[1]    ; POP_ENABLE[36] ; 10.990 ; 11.850 ; 11.850 ; 10.990 ;
; MODE[1]    ; POP_ENABLE[37] ; 13.211 ; 14.193 ; 14.193 ; 13.211 ;
; MODE[1]    ; POP_ENABLE[38] ; 12.440 ; 13.295 ; 13.295 ; 12.440 ;
; MODE[1]    ; POP_ENABLE[39] ; 10.757 ; 11.675 ; 11.675 ; 10.757 ;
; MODE[1]    ; POP_ENABLE[40] ; 11.531 ; 12.386 ; 12.386 ; 11.531 ;
; MODE[1]    ; POP_ENABLE[41] ; 11.447 ; 12.429 ; 12.429 ; 11.447 ;
; MODE[1]    ; POP_ENABLE[42] ; 10.719 ; 11.574 ; 11.574 ; 10.719 ;
; MODE[1]    ; POP_ENABLE[43] ; 11.027 ; 11.879 ; 11.879 ; 11.027 ;
; MODE[1]    ; POP_ENABLE[44] ; 10.950 ; 11.805 ; 11.805 ; 10.950 ;
; MODE[1]    ; POP_ENABLE[45] ; 12.410 ; 13.392 ; 13.392 ; 12.410 ;
; MODE[1]    ; POP_ENABLE[46] ; 11.964 ; 12.819 ; 12.819 ; 11.964 ;
; MODE[1]    ; POP_ENABLE[47] ; 10.036 ; 10.884 ; 10.884 ; 10.036 ;
; MODE[1]    ; POP_ENABLE[48] ; 11.026 ; 11.881 ; 11.881 ; 11.026 ;
; MODE[1]    ; POP_ENABLE[49] ; 11.116 ; 11.971 ; 11.971 ; 11.116 ;
; MODE[1]    ; POP_ENABLE[50] ; 10.585 ; 11.445 ; 11.445 ; 10.585 ;
; MODE[1]    ; POP_ENABLE[51] ; 10.448 ; 11.300 ; 11.300 ; 10.448 ;
+------------+----------------+--------+--------+--------+--------+


+-----------------------------------------------------------------+
; Minimum Propagation Delay                                       ;
+------------+----------------+--------+--------+--------+--------+
; Input Port ; Output Port    ; RR     ; RF     ; FR     ; FF     ;
+------------+----------------+--------+--------+--------+--------+
; MODE[0]    ; INIT           ; 8.194  ;        ;        ; 8.194  ;
; MODE[0]    ; POP            ; 9.295  ;        ;        ; 9.295  ;
; MODE[0]    ; POP_ENABLE[0]  ; 10.922 ; 10.922 ; 10.922 ; 10.922 ;
; MODE[0]    ; POP_ENABLE[1]  ; 10.902 ; 10.902 ; 10.902 ; 10.902 ;
; MODE[0]    ; POP_ENABLE[2]  ; 10.701 ; 10.701 ; 10.701 ; 10.701 ;
; MODE[0]    ; POP_ENABLE[3]  ; 10.712 ; 10.712 ; 10.712 ; 10.712 ;
; MODE[0]    ; POP_ENABLE[4]  ; 10.687 ; 10.687 ; 10.687 ; 10.687 ;
; MODE[0]    ; POP_ENABLE[5]  ; 11.561 ; 11.561 ; 11.561 ; 11.561 ;
; MODE[0]    ; POP_ENABLE[6]  ; 11.469 ; 11.469 ; 11.469 ; 11.469 ;
; MODE[0]    ; POP_ENABLE[7]  ; 10.895 ; 10.895 ; 10.895 ; 10.895 ;
; MODE[0]    ; POP_ENABLE[8]  ; 10.645 ; 10.645 ; 10.645 ; 10.645 ;
; MODE[0]    ; POP_ENABLE[9]  ; 11.019 ; 11.019 ; 11.019 ; 11.019 ;
; MODE[0]    ; POP_ENABLE[10] ; 10.617 ; 10.617 ; 10.617 ; 10.617 ;
; MODE[0]    ; POP_ENABLE[11] ; 9.767  ; 9.767  ; 9.767  ; 9.767  ;
; MODE[0]    ; POP_ENABLE[12] ; 10.801 ; 10.801 ; 10.801 ; 10.801 ;
; MODE[0]    ; POP_ENABLE[13] ; 11.178 ; 11.178 ; 11.178 ; 11.178 ;
; MODE[0]    ; POP_ENABLE[14] ; 10.693 ; 10.693 ; 10.693 ; 10.693 ;
; MODE[0]    ; POP_ENABLE[15] ; 11.487 ; 11.487 ; 11.487 ; 11.487 ;
; MODE[0]    ; POP_ENABLE[16] ; 10.898 ; 10.898 ; 10.898 ; 10.898 ;
; MODE[0]    ; POP_ENABLE[17] ; 10.842 ; 10.842 ; 10.842 ; 10.842 ;
; MODE[0]    ; POP_ENABLE[18] ; 10.076 ; 10.076 ; 10.076 ; 10.076 ;
; MODE[0]    ; POP_ENABLE[19] ; 10.599 ; 10.599 ; 10.599 ; 10.599 ;
; MODE[0]    ; POP_ENABLE[20] ; 10.260 ; 10.260 ; 10.260 ; 10.260 ;
; MODE[0]    ; POP_ENABLE[21] ; 11.196 ; 11.196 ; 11.196 ; 11.196 ;
; MODE[0]    ; POP_ENABLE[22] ; 11.743 ; 11.743 ; 11.743 ; 11.743 ;
; MODE[0]    ; POP_ENABLE[23] ; 10.412 ; 10.412 ; 10.412 ; 10.412 ;
; MODE[0]    ; POP_ENABLE[24] ; 10.399 ; 10.399 ; 10.399 ; 10.399 ;
; MODE[0]    ; POP_ENABLE[25] ; 11.452 ; 11.452 ; 11.452 ; 11.452 ;
; MODE[0]    ; POP_ENABLE[26] ; 10.085 ; 10.085 ; 10.085 ; 10.085 ;
; MODE[0]    ; POP_ENABLE[27] ; 10.434 ; 10.434 ; 10.434 ; 10.434 ;
; MODE[0]    ; POP_ENABLE[28] ; 10.887 ; 10.887 ; 10.887 ; 10.887 ;
; MODE[0]    ; POP_ENABLE[29] ; 11.173 ; 11.173 ; 11.173 ; 11.173 ;
; MODE[0]    ; POP_ENABLE[30] ; 10.673 ; 10.673 ; 10.673 ; 10.673 ;
; MODE[0]    ; POP_ENABLE[31] ; 8.801  ; 8.801  ; 8.801  ; 8.801  ;
; MODE[0]    ; POP_ENABLE[32] ; 10.090 ; 10.090 ; 10.090 ; 10.090 ;
; MODE[0]    ; POP_ENABLE[33] ; 10.170 ; 10.170 ; 10.170 ; 10.170 ;
; MODE[0]    ; POP_ENABLE[34] ; 9.903  ; 9.903  ; 9.903  ; 9.903  ;
; MODE[0]    ; POP_ENABLE[35] ; 9.757  ; 9.757  ; 9.757  ; 9.757  ;
; MODE[0]    ; POP_ENABLE[36] ; 10.694 ; 10.694 ; 10.694 ; 10.694 ;
; MODE[0]    ; POP_ENABLE[37] ; 11.342 ; 11.342 ; 11.342 ; 11.342 ;
; MODE[0]    ; POP_ENABLE[38] ; 11.673 ; 11.673 ; 11.673 ; 11.673 ;
; MODE[0]    ; POP_ENABLE[39] ; 11.013 ; 11.013 ; 11.013 ; 11.013 ;
; MODE[0]    ; POP_ENABLE[40] ; 10.941 ; 10.941 ; 10.941 ; 10.941 ;
; MODE[0]    ; POP_ENABLE[41] ; 10.715 ; 10.715 ; 10.715 ; 10.715 ;
; MODE[0]    ; POP_ENABLE[42] ; 10.155 ; 10.155 ; 10.155 ; 10.155 ;
; MODE[0]    ; POP_ENABLE[43] ; 10.932 ; 10.932 ; 10.932 ; 10.932 ;
; MODE[0]    ; POP_ENABLE[44] ; 10.375 ; 10.375 ; 10.375 ; 10.375 ;
; MODE[0]    ; POP_ENABLE[45] ; 11.502 ; 11.502 ; 11.502 ; 11.502 ;
; MODE[0]    ; POP_ENABLE[46] ; 10.980 ; 10.980 ; 10.980 ; 10.980 ;
; MODE[0]    ; POP_ENABLE[47] ; 10.195 ; 10.195 ; 10.195 ; 10.195 ;
; MODE[0]    ; POP_ENABLE[48] ; 10.347 ; 10.347 ; 10.347 ; 10.347 ;
; MODE[0]    ; POP_ENABLE[49] ; 10.572 ; 10.572 ; 10.572 ; 10.572 ;
; MODE[0]    ; POP_ENABLE[50] ; 10.244 ; 10.244 ; 10.244 ; 10.244 ;
; MODE[0]    ; POP_ENABLE[51] ; 10.353 ; 10.353 ; 10.353 ; 10.353 ;
; MODE[1]    ; INIT           ;        ; 7.731  ; 7.731  ;        ;
; MODE[1]    ; POP            ; 8.841  ;        ;        ; 8.841  ;
; MODE[1]    ; POP_ENABLE[0]  ; 10.460 ; 10.460 ; 10.460 ; 10.460 ;
; MODE[1]    ; POP_ENABLE[1]  ; 10.440 ; 10.440 ; 10.440 ; 10.440 ;
; MODE[1]    ; POP_ENABLE[2]  ; 10.239 ; 10.239 ; 10.239 ; 10.239 ;
; MODE[1]    ; POP_ENABLE[3]  ; 10.250 ; 10.250 ; 10.250 ; 10.250 ;
; MODE[1]    ; POP_ENABLE[4]  ; 10.225 ; 10.225 ; 10.225 ; 10.225 ;
; MODE[1]    ; POP_ENABLE[5]  ; 11.099 ; 11.099 ; 11.099 ; 11.099 ;
; MODE[1]    ; POP_ENABLE[6]  ; 11.007 ; 11.007 ; 11.007 ; 11.007 ;
; MODE[1]    ; POP_ENABLE[7]  ; 10.433 ; 10.433 ; 10.433 ; 10.433 ;
; MODE[1]    ; POP_ENABLE[8]  ; 10.183 ; 10.183 ; 10.183 ; 10.183 ;
; MODE[1]    ; POP_ENABLE[9]  ; 10.557 ; 10.557 ; 10.557 ; 10.557 ;
; MODE[1]    ; POP_ENABLE[10] ; 10.155 ; 10.155 ; 10.155 ; 10.155 ;
; MODE[1]    ; POP_ENABLE[11] ; 9.305  ; 9.305  ; 9.305  ; 9.305  ;
; MODE[1]    ; POP_ENABLE[12] ; 10.339 ; 10.339 ; 10.339 ; 10.339 ;
; MODE[1]    ; POP_ENABLE[13] ; 10.716 ; 10.716 ; 10.716 ; 10.716 ;
; MODE[1]    ; POP_ENABLE[14] ; 10.231 ; 10.231 ; 10.231 ; 10.231 ;
; MODE[1]    ; POP_ENABLE[15] ; 11.025 ; 11.025 ; 11.025 ; 11.025 ;
; MODE[1]    ; POP_ENABLE[16] ; 10.436 ; 10.436 ; 10.436 ; 10.436 ;
; MODE[1]    ; POP_ENABLE[17] ; 10.380 ; 10.380 ; 10.380 ; 10.380 ;
; MODE[1]    ; POP_ENABLE[18] ; 9.614  ; 9.614  ; 9.614  ; 9.614  ;
; MODE[1]    ; POP_ENABLE[19] ; 10.137 ; 10.137 ; 10.137 ; 10.137 ;
; MODE[1]    ; POP_ENABLE[20] ; 9.798  ; 9.798  ; 9.798  ; 9.798  ;
; MODE[1]    ; POP_ENABLE[21] ; 10.734 ; 10.734 ; 10.734 ; 10.734 ;
; MODE[1]    ; POP_ENABLE[22] ; 11.281 ; 11.281 ; 11.281 ; 11.281 ;
; MODE[1]    ; POP_ENABLE[23] ; 9.950  ; 9.950  ; 9.950  ; 9.950  ;
; MODE[1]    ; POP_ENABLE[24] ; 9.937  ; 9.937  ; 9.937  ; 9.937  ;
; MODE[1]    ; POP_ENABLE[25] ; 10.990 ; 10.990 ; 10.990 ; 10.990 ;
; MODE[1]    ; POP_ENABLE[26] ; 9.623  ; 9.623  ; 9.623  ; 9.623  ;
; MODE[1]    ; POP_ENABLE[27] ; 9.972  ; 9.972  ; 9.972  ; 9.972  ;
; MODE[1]    ; POP_ENABLE[28] ; 10.425 ; 10.425 ; 10.425 ; 10.425 ;
; MODE[1]    ; POP_ENABLE[29] ; 10.711 ; 10.711 ; 10.711 ; 10.711 ;
; MODE[1]    ; POP_ENABLE[30] ; 10.211 ; 10.211 ; 10.211 ; 10.211 ;
; MODE[1]    ; POP_ENABLE[31] ; 8.339  ; 8.339  ; 8.339  ; 8.339  ;
; MODE[1]    ; POP_ENABLE[32] ; 9.628  ; 9.628  ; 9.628  ; 9.628  ;
; MODE[1]    ; POP_ENABLE[33] ; 9.708  ; 9.708  ; 9.708  ; 9.708  ;
; MODE[1]    ; POP_ENABLE[34] ; 9.441  ; 9.441  ; 9.441  ; 9.441  ;
; MODE[1]    ; POP_ENABLE[35] ; 9.295  ; 9.295  ; 9.295  ; 9.295  ;
; MODE[1]    ; POP_ENABLE[36] ; 10.232 ; 10.232 ; 10.232 ; 10.232 ;
; MODE[1]    ; POP_ENABLE[37] ; 10.880 ; 10.880 ; 10.880 ; 10.880 ;
; MODE[1]    ; POP_ENABLE[38] ; 11.211 ; 11.211 ; 11.211 ; 11.211 ;
; MODE[1]    ; POP_ENABLE[39] ; 10.551 ; 10.551 ; 10.551 ; 10.551 ;
; MODE[1]    ; POP_ENABLE[40] ; 10.479 ; 10.479 ; 10.479 ; 10.479 ;
; MODE[1]    ; POP_ENABLE[41] ; 10.253 ; 10.253 ; 10.253 ; 10.253 ;
; MODE[1]    ; POP_ENABLE[42] ; 9.693  ; 9.693  ; 9.693  ; 9.693  ;
; MODE[1]    ; POP_ENABLE[43] ; 10.470 ; 10.470 ; 10.470 ; 10.470 ;
; MODE[1]    ; POP_ENABLE[44] ; 9.913  ; 9.913  ; 9.913  ; 9.913  ;
; MODE[1]    ; POP_ENABLE[45] ; 11.040 ; 11.040 ; 11.040 ; 11.040 ;
; MODE[1]    ; POP_ENABLE[46] ; 10.518 ; 10.518 ; 10.518 ; 10.518 ;
; MODE[1]    ; POP_ENABLE[47] ; 9.733  ; 9.733  ; 9.733  ; 9.733  ;
; MODE[1]    ; POP_ENABLE[48] ; 9.885  ; 9.885  ; 9.885  ; 9.885  ;
; MODE[1]    ; POP_ENABLE[49] ; 10.110 ; 10.110 ; 10.110 ; 10.110 ;
; MODE[1]    ; POP_ENABLE[50] ; 9.782  ; 9.782  ; 9.782  ; 9.782  ;
; MODE[1]    ; POP_ENABLE[51] ; 9.891  ; 9.891  ; 9.891  ; 9.891  ;
+------------+----------------+--------+--------+--------+--------+


----------------------------
; Fast Model Setup Summary ;
----------------------------
No paths to report.


---------------------------
; Fast Model Hold Summary ;
---------------------------
No paths to report.


-------------------------------
; Fast Model Recovery Summary ;
-------------------------------
No paths to report.


------------------------------
; Fast Model Removal Summary ;
------------------------------
No paths to report.


+----------------------------------------------+
; Fast Model Minimum Pulse Width Summary       ;
+---------------------+--------+---------------+
; Clock               ; Slack  ; End Point TNS ;
+---------------------+--------+---------------+
; altera_reserved_tck ; 97.778 ; 0.000         ;
+---------------------+--------+---------------+


+-------------------------------------------------------------------------------------------------------------+
; Fast Model Minimum Pulse Width: 'altera_reserved_tck'                                                       ;
+--------+--------------+----------------+-----------+---------------------+------------+---------------------+
; Slack  ; Actual Width ; Required Width ; Type      ; Clock               ; Clock Edge ; Target              ;
+--------+--------------+----------------+-----------+---------------------+------------+---------------------+
; 97.778 ; 100.000      ; 2.222          ; Port Rate ; altera_reserved_tck ; Rise       ; altera_reserved_tck ;
+--------+--------------+----------------+-----------+---------------------+------------+---------------------+


+-------------------------------------------------------------+
; Propagation Delay                                           ;
+------------+----------------+-------+-------+-------+-------+
; Input Port ; Output Port    ; RR    ; RF    ; FR    ; FF    ;
+------------+----------------+-------+-------+-------+-------+
; MODE[0]    ; INIT           ; 3.749 ;       ;       ; 3.749 ;
; MODE[0]    ; POP            ; 4.056 ;       ;       ; 4.056 ;
; MODE[0]    ; POP_ENABLE[0]  ; 5.326 ; 5.242 ; 5.242 ; 5.326 ;
; MODE[0]    ; POP_ENABLE[1]  ; 5.285 ; 5.156 ; 5.156 ; 5.285 ;
; MODE[0]    ; POP_ENABLE[2]  ; 5.065 ; 4.981 ; 4.981 ; 5.065 ;
; MODE[0]    ; POP_ENABLE[3]  ; 4.919 ; 4.792 ; 4.792 ; 4.919 ;
; MODE[0]    ; POP_ENABLE[4]  ; 5.030 ; 4.946 ; 4.946 ; 5.030 ;
; MODE[0]    ; POP_ENABLE[5]  ; 5.919 ; 5.789 ; 5.789 ; 5.919 ;
; MODE[0]    ; POP_ENABLE[6]  ; 5.463 ; 5.379 ; 5.379 ; 5.463 ;
; MODE[0]    ; POP_ENABLE[7]  ; 4.944 ; 4.827 ; 4.827 ; 4.944 ;
; MODE[0]    ; POP_ENABLE[8]  ; 5.084 ; 5.000 ; 5.000 ; 5.084 ;
; MODE[0]    ; POP_ENABLE[9]  ; 5.290 ; 5.160 ; 5.160 ; 5.290 ;
; MODE[0]    ; POP_ENABLE[10] ; 5.056 ; 4.972 ; 4.972 ; 5.056 ;
; MODE[0]    ; POP_ENABLE[11] ; 4.600 ; 4.517 ; 4.517 ; 4.600 ;
; MODE[0]    ; POP_ENABLE[12] ; 5.181 ; 5.097 ; 5.097 ; 5.181 ;
; MODE[0]    ; POP_ENABLE[13] ; 5.555 ; 5.425 ; 5.425 ; 5.555 ;
; MODE[0]    ; POP_ENABLE[14] ; 5.335 ; 5.251 ; 5.251 ; 5.335 ;
; MODE[0]    ; POP_ENABLE[15] ; 5.034 ; 4.905 ; 4.905 ; 5.034 ;
; MODE[0]    ; POP_ENABLE[16] ; 5.304 ; 5.220 ; 5.220 ; 5.304 ;
; MODE[0]    ; POP_ENABLE[17] ; 5.164 ; 5.080 ; 5.080 ; 5.164 ;
; MODE[0]    ; POP_ENABLE[18] ; 4.827 ; 4.743 ; 4.743 ; 4.827 ;
; MODE[0]    ; POP_ENABLE[19] ; 4.912 ; 4.829 ; 4.829 ; 4.912 ;
; MODE[0]    ; POP_ENABLE[20] ; 4.804 ; 4.720 ; 4.720 ; 4.804 ;
; MODE[0]    ; POP_ENABLE[21] ; 5.470 ; 5.340 ; 5.340 ; 5.470 ;
; MODE[0]    ; POP_ENABLE[22] ; 5.549 ; 5.465 ; 5.465 ; 5.549 ;
; MODE[0]    ; POP_ENABLE[23] ; 4.820 ; 4.737 ; 4.737 ; 4.820 ;
; MODE[0]    ; POP_ENABLE[24] ; 5.000 ; 4.916 ; 4.916 ; 5.000 ;
; MODE[0]    ; POP_ENABLE[25] ; 5.546 ; 5.416 ; 5.416 ; 5.546 ;
; MODE[0]    ; POP_ENABLE[26] ; 4.864 ; 4.780 ; 4.780 ; 4.864 ;
; MODE[0]    ; POP_ENABLE[27] ; 4.793 ; 4.710 ; 4.710 ; 4.793 ;
; MODE[0]    ; POP_ENABLE[28] ; 5.175 ; 5.091 ; 5.091 ; 5.175 ;
; MODE[0]    ; POP_ENABLE[29] ; 5.307 ; 5.223 ; 5.223 ; 5.307 ;
; MODE[0]    ; POP_ENABLE[30] ; 5.313 ; 5.229 ; 5.229 ; 5.313 ;
; MODE[0]    ; POP_ENABLE[31] ; 4.044 ; 3.961 ; 3.961 ; 4.044 ;
; MODE[0]    ; POP_ENABLE[32] ; 4.959 ; 4.875 ; 4.875 ; 4.959 ;
; MODE[0]    ; POP_ENABLE[33] ; 4.803 ; 4.719 ; 4.719 ; 4.803 ;
; MODE[0]    ; POP_ENABLE[34] ; 4.728 ; 4.644 ; 4.644 ; 4.728 ;
; MODE[0]    ; POP_ENABLE[35] ; 4.593 ; 4.510 ; 4.510 ; 4.593 ;
; MODE[0]    ; POP_ENABLE[36] ; 5.042 ; 4.958 ; 4.958 ; 5.042 ;
; MODE[0]    ; POP_ENABLE[37] ; 5.925 ; 5.795 ; 5.795 ; 5.925 ;
; MODE[0]    ; POP_ENABLE[38] ; 5.572 ; 5.488 ; 5.488 ; 5.572 ;
; MODE[0]    ; POP_ENABLE[39] ; 4.999 ; 4.871 ; 4.871 ; 4.999 ;
; MODE[0]    ; POP_ENABLE[40] ; 5.212 ; 5.128 ; 5.128 ; 5.212 ;
; MODE[0]    ; POP_ENABLE[41] ; 5.263 ; 5.133 ; 5.133 ; 5.263 ;
; MODE[0]    ; POP_ENABLE[42] ; 4.914 ; 4.830 ; 4.830 ; 4.914 ;
; MODE[0]    ; POP_ENABLE[43] ; 5.110 ; 5.027 ; 5.027 ; 5.110 ;
; MODE[0]    ; POP_ENABLE[44] ; 4.984 ; 4.900 ; 4.900 ; 4.984 ;
; MODE[0]    ; POP_ENABLE[45] ; 5.536 ; 5.406 ; 5.406 ; 5.536 ;
; MODE[0]    ; POP_ENABLE[46] ; 5.383 ; 5.299 ; 5.299 ; 5.383 ;
; MODE[0]    ; POP_ENABLE[47] ; 4.568 ; 4.485 ; 4.485 ; 4.568 ;
; MODE[0]    ; POP_ENABLE[48] ; 5.035 ; 4.951 ; 4.951 ; 5.035 ;
; MODE[0]    ; POP_ENABLE[49] ; 5.071 ; 4.987 ; 4.987 ; 5.071 ;
; MODE[0]    ; POP_ENABLE[50] ; 4.831 ; 4.747 ; 4.747 ; 4.831 ;
; MODE[0]    ; POP_ENABLE[51] ; 4.827 ; 4.744 ; 4.744 ; 4.827 ;
; MODE[1]    ; INIT           ;       ; 3.578 ; 3.578 ;       ;
; MODE[1]    ; POP            ; 3.901 ;       ;       ; 3.901 ;
; MODE[1]    ; POP_ENABLE[0]  ; 5.082 ; 5.379 ; 5.379 ; 5.082 ;
; MODE[1]    ; POP_ENABLE[1]  ; 4.996 ; 5.338 ; 5.338 ; 4.996 ;
; MODE[1]    ; POP_ENABLE[2]  ; 4.821 ; 5.118 ; 5.118 ; 4.821 ;
; MODE[1]    ; POP_ENABLE[3]  ; 4.632 ; 4.972 ; 4.972 ; 4.632 ;
; MODE[1]    ; POP_ENABLE[4]  ; 4.786 ; 5.083 ; 5.083 ; 4.786 ;
; MODE[1]    ; POP_ENABLE[5]  ; 5.629 ; 5.972 ; 5.972 ; 5.629 ;
; MODE[1]    ; POP_ENABLE[6]  ; 5.219 ; 5.516 ; 5.516 ; 5.219 ;
; MODE[1]    ; POP_ENABLE[7]  ; 4.667 ; 4.997 ; 4.997 ; 4.667 ;
; MODE[1]    ; POP_ENABLE[8]  ; 4.840 ; 5.137 ; 5.137 ; 4.840 ;
; MODE[1]    ; POP_ENABLE[9]  ; 5.000 ; 5.343 ; 5.343 ; 5.000 ;
; MODE[1]    ; POP_ENABLE[10] ; 4.812 ; 5.109 ; 5.109 ; 4.812 ;
; MODE[1]    ; POP_ENABLE[11] ; 4.357 ; 4.653 ; 4.653 ; 4.357 ;
; MODE[1]    ; POP_ENABLE[12] ; 4.937 ; 5.234 ; 5.234 ; 4.937 ;
; MODE[1]    ; POP_ENABLE[13] ; 5.265 ; 5.608 ; 5.608 ; 5.265 ;
; MODE[1]    ; POP_ENABLE[14] ; 5.091 ; 5.388 ; 5.388 ; 5.091 ;
; MODE[1]    ; POP_ENABLE[15] ; 4.745 ; 5.087 ; 5.087 ; 4.745 ;
; MODE[1]    ; POP_ENABLE[16] ; 5.060 ; 5.357 ; 5.357 ; 5.060 ;
; MODE[1]    ; POP_ENABLE[17] ; 4.920 ; 5.217 ; 5.217 ; 4.920 ;
; MODE[1]    ; POP_ENABLE[18] ; 4.583 ; 4.880 ; 4.880 ; 4.583 ;
; MODE[1]    ; POP_ENABLE[19] ; 4.669 ; 4.965 ; 4.965 ; 4.669 ;
; MODE[1]    ; POP_ENABLE[20] ; 4.560 ; 4.857 ; 4.857 ; 4.560 ;
; MODE[1]    ; POP_ENABLE[21] ; 5.180 ; 5.523 ; 5.523 ; 5.180 ;
; MODE[1]    ; POP_ENABLE[22] ; 5.305 ; 5.602 ; 5.602 ; 5.305 ;
; MODE[1]    ; POP_ENABLE[23] ; 4.577 ; 4.873 ; 4.873 ; 4.577 ;
; MODE[1]    ; POP_ENABLE[24] ; 4.756 ; 5.053 ; 5.053 ; 4.756 ;
; MODE[1]    ; POP_ENABLE[25] ; 5.256 ; 5.599 ; 5.599 ; 5.256 ;
; MODE[1]    ; POP_ENABLE[26] ; 4.620 ; 4.917 ; 4.917 ; 4.620 ;
; MODE[1]    ; POP_ENABLE[27] ; 4.550 ; 4.846 ; 4.846 ; 4.550 ;
; MODE[1]    ; POP_ENABLE[28] ; 4.931 ; 5.228 ; 5.228 ; 4.931 ;
; MODE[1]    ; POP_ENABLE[29] ; 5.063 ; 5.360 ; 5.360 ; 5.063 ;
; MODE[1]    ; POP_ENABLE[30] ; 5.069 ; 5.366 ; 5.366 ; 5.069 ;
; MODE[1]    ; POP_ENABLE[31] ; 3.801 ; 4.097 ; 4.097 ; 3.801 ;
; MODE[1]    ; POP_ENABLE[32] ; 4.715 ; 5.012 ; 5.012 ; 4.715 ;
; MODE[1]    ; POP_ENABLE[33] ; 4.559 ; 4.856 ; 4.856 ; 4.559 ;
; MODE[1]    ; POP_ENABLE[34] ; 4.484 ; 4.781 ; 4.781 ; 4.484 ;
; MODE[1]    ; POP_ENABLE[35] ; 4.350 ; 4.646 ; 4.646 ; 4.350 ;
; MODE[1]    ; POP_ENABLE[36] ; 4.798 ; 5.095 ; 5.095 ; 4.798 ;
; MODE[1]    ; POP_ENABLE[37] ; 5.635 ; 5.978 ; 5.978 ; 5.635 ;
; MODE[1]    ; POP_ENABLE[38] ; 5.328 ; 5.625 ; 5.625 ; 5.328 ;
; MODE[1]    ; POP_ENABLE[39] ; 4.711 ; 5.052 ; 5.052 ; 4.711 ;
; MODE[1]    ; POP_ENABLE[40] ; 4.968 ; 5.265 ; 5.265 ; 4.968 ;
; MODE[1]    ; POP_ENABLE[41] ; 4.973 ; 5.316 ; 5.316 ; 4.973 ;
; MODE[1]    ; POP_ENABLE[42] ; 4.670 ; 4.967 ; 4.967 ; 4.670 ;
; MODE[1]    ; POP_ENABLE[43] ; 4.867 ; 5.163 ; 5.163 ; 4.867 ;
; MODE[1]    ; POP_ENABLE[44] ; 4.740 ; 5.037 ; 5.037 ; 4.740 ;
; MODE[1]    ; POP_ENABLE[45] ; 5.246 ; 5.589 ; 5.589 ; 5.246 ;
; MODE[1]    ; POP_ENABLE[46] ; 5.139 ; 5.436 ; 5.436 ; 5.139 ;
; MODE[1]    ; POP_ENABLE[47] ; 4.325 ; 4.621 ; 4.621 ; 4.325 ;
; MODE[1]    ; POP_ENABLE[48] ; 4.791 ; 5.088 ; 5.088 ; 4.791 ;
; MODE[1]    ; POP_ENABLE[49] ; 4.827 ; 5.124 ; 5.124 ; 4.827 ;
; MODE[1]    ; POP_ENABLE[50] ; 4.587 ; 4.884 ; 4.884 ; 4.587 ;
; MODE[1]    ; POP_ENABLE[51] ; 4.584 ; 4.880 ; 4.880 ; 4.584 ;
+------------+----------------+-------+-------+-------+-------+


+-------------------------------------------------------------+
; Minimum Propagation Delay                                   ;
+------------+----------------+-------+-------+-------+-------+
; Input Port ; Output Port    ; RR    ; RF    ; FR    ; FF    ;
+------------+----------------+-------+-------+-------+-------+
; MODE[0]    ; INIT           ; 3.749 ;       ;       ; 3.749 ;
; MODE[0]    ; POP            ; 4.056 ;       ;       ; 4.056 ;
; MODE[0]    ; POP_ENABLE[0]  ; 4.810 ; 4.810 ; 4.810 ; 4.810 ;
; MODE[0]    ; POP_ENABLE[1]  ; 4.757 ; 4.757 ; 4.757 ; 4.757 ;
; MODE[0]    ; POP_ENABLE[2]  ; 4.735 ; 4.735 ; 4.735 ; 4.735 ;
; MODE[0]    ; POP_ENABLE[3]  ; 4.719 ; 4.719 ; 4.719 ; 4.719 ;
; MODE[0]    ; POP_ENABLE[4]  ; 4.716 ; 4.716 ; 4.716 ; 4.716 ;
; MODE[0]    ; POP_ENABLE[5]  ; 4.973 ; 4.973 ; 4.973 ; 4.973 ;
; MODE[0]    ; POP_ENABLE[6]  ; 4.969 ; 4.969 ; 4.969 ; 4.969 ;
; MODE[0]    ; POP_ENABLE[7]  ; 4.752 ; 4.752 ; 4.752 ; 4.752 ;
; MODE[0]    ; POP_ENABLE[8]  ; 4.653 ; 4.653 ; 4.653 ; 4.653 ;
; MODE[0]    ; POP_ENABLE[9]  ; 4.743 ; 4.743 ; 4.743 ; 4.743 ;
; MODE[0]    ; POP_ENABLE[10] ; 4.636 ; 4.636 ; 4.636 ; 4.636 ;
; MODE[0]    ; POP_ENABLE[11] ; 4.317 ; 4.317 ; 4.317 ; 4.317 ;
; MODE[0]    ; POP_ENABLE[12] ; 4.748 ; 4.748 ; 4.748 ; 4.748 ;
; MODE[0]    ; POP_ENABLE[13] ; 4.926 ; 4.926 ; 4.926 ; 4.926 ;
; MODE[0]    ; POP_ENABLE[14] ; 4.721 ; 4.721 ; 4.721 ; 4.721 ;
; MODE[0]    ; POP_ENABLE[15] ; 4.904 ; 4.904 ; 4.904 ; 4.904 ;
; MODE[0]    ; POP_ENABLE[16] ; 4.791 ; 4.791 ; 4.791 ; 4.791 ;
; MODE[0]    ; POP_ENABLE[17] ; 4.724 ; 4.724 ; 4.724 ; 4.724 ;
; MODE[0]    ; POP_ENABLE[18] ; 4.485 ; 4.485 ; 4.485 ; 4.485 ;
; MODE[0]    ; POP_ENABLE[19] ; 4.633 ; 4.633 ; 4.633 ; 4.633 ;
; MODE[0]    ; POP_ENABLE[20] ; 4.483 ; 4.483 ; 4.483 ; 4.483 ;
; MODE[0]    ; POP_ENABLE[21] ; 4.895 ; 4.895 ; 4.895 ; 4.895 ;
; MODE[0]    ; POP_ENABLE[22] ; 5.070 ; 5.070 ; 5.070 ; 5.070 ;
; MODE[0]    ; POP_ENABLE[23] ; 4.535 ; 4.535 ; 4.535 ; 4.535 ;
; MODE[0]    ; POP_ENABLE[24] ; 4.583 ; 4.583 ; 4.583 ; 4.583 ;
; MODE[0]    ; POP_ENABLE[25] ; 4.981 ; 4.981 ; 4.981 ; 4.981 ;
; MODE[0]    ; POP_ENABLE[26] ; 4.455 ; 4.455 ; 4.455 ; 4.455 ;
; MODE[0]    ; POP_ENABLE[27] ; 4.509 ; 4.509 ; 4.509 ; 4.509 ;
; MODE[0]    ; POP_ENABLE[28] ; 4.739 ; 4.739 ; 4.739 ; 4.739 ;
; MODE[0]    ; POP_ENABLE[29] ; 4.844 ; 4.844 ; 4.844 ; 4.844 ;
; MODE[0]    ; POP_ENABLE[30] ; 4.641 ; 4.641 ; 4.641 ; 4.641 ;
; MODE[0]    ; POP_ENABLE[31] ; 3.961 ; 3.961 ; 3.961 ; 3.961 ;
; MODE[0]    ; POP_ENABLE[32] ; 4.443 ; 4.443 ; 4.443 ; 4.443 ;
; MODE[0]    ; POP_ENABLE[33] ; 4.474 ; 4.474 ; 4.474 ; 4.474 ;
; MODE[0]    ; POP_ENABLE[34] ; 4.378 ; 4.378 ; 4.378 ; 4.378 ;
; MODE[0]    ; POP_ENABLE[35] ; 4.307 ; 4.307 ; 4.307 ; 4.307 ;
; MODE[0]    ; POP_ENABLE[36] ; 4.723 ; 4.723 ; 4.723 ; 4.723 ;
; MODE[0]    ; POP_ENABLE[37] ; 4.953 ; 4.953 ; 4.953 ; 4.953 ;
; MODE[0]    ; POP_ENABLE[38] ; 5.086 ; 5.086 ; 5.086 ; 5.086 ;
; MODE[0]    ; POP_ENABLE[39] ; 4.799 ; 4.799 ; 4.799 ; 4.799 ;
; MODE[0]    ; POP_ENABLE[40] ; 4.783 ; 4.783 ; 4.783 ; 4.783 ;
; MODE[0]    ; POP_ENABLE[41] ; 4.702 ; 4.702 ; 4.702 ; 4.702 ;
; MODE[0]    ; POP_ENABLE[42] ; 4.504 ; 4.504 ; 4.504 ; 4.504 ;
; MODE[0]    ; POP_ENABLE[43] ; 4.824 ; 4.824 ; 4.824 ; 4.824 ;
; MODE[0]    ; POP_ENABLE[44] ; 4.568 ; 4.568 ; 4.568 ; 4.568 ;
; MODE[0]    ; POP_ENABLE[45] ; 4.905 ; 4.905 ; 4.905 ; 4.905 ;
; MODE[0]    ; POP_ENABLE[46] ; 4.773 ; 4.773 ; 4.773 ; 4.773 ;
; MODE[0]    ; POP_ENABLE[47] ; 4.383 ; 4.383 ; 4.383 ; 4.383 ;
; MODE[0]    ; POP_ENABLE[48] ; 4.520 ; 4.520 ; 4.520 ; 4.520 ;
; MODE[0]    ; POP_ENABLE[49] ; 4.631 ; 4.631 ; 4.631 ; 4.631 ;
; MODE[0]    ; POP_ENABLE[50] ; 4.461 ; 4.461 ; 4.461 ; 4.461 ;
; MODE[0]    ; POP_ENABLE[51] ; 4.568 ; 4.568 ; 4.568 ; 4.568 ;
; MODE[1]    ; INIT           ;       ; 3.578 ; 3.578 ;       ;
; MODE[1]    ; POP            ; 3.901 ;       ;       ; 3.901 ;
; MODE[1]    ; POP_ENABLE[0]  ; 4.650 ; 4.650 ; 4.650 ; 4.650 ;
; MODE[1]    ; POP_ENABLE[1]  ; 4.597 ; 4.597 ; 4.597 ; 4.597 ;
; MODE[1]    ; POP_ENABLE[2]  ; 4.575 ; 4.575 ; 4.575 ; 4.575 ;
; MODE[1]    ; POP_ENABLE[3]  ; 4.559 ; 4.559 ; 4.559 ; 4.559 ;
; MODE[1]    ; POP_ENABLE[4]  ; 4.556 ; 4.556 ; 4.556 ; 4.556 ;
; MODE[1]    ; POP_ENABLE[5]  ; 4.813 ; 4.813 ; 4.813 ; 4.813 ;
; MODE[1]    ; POP_ENABLE[6]  ; 4.809 ; 4.809 ; 4.809 ; 4.809 ;
; MODE[1]    ; POP_ENABLE[7]  ; 4.592 ; 4.592 ; 4.592 ; 4.592 ;
; MODE[1]    ; POP_ENABLE[8]  ; 4.493 ; 4.493 ; 4.493 ; 4.493 ;
; MODE[1]    ; POP_ENABLE[9]  ; 4.583 ; 4.583 ; 4.583 ; 4.583 ;
; MODE[1]    ; POP_ENABLE[10] ; 4.476 ; 4.476 ; 4.476 ; 4.476 ;
; MODE[1]    ; POP_ENABLE[11] ; 4.157 ; 4.157 ; 4.157 ; 4.157 ;
; MODE[1]    ; POP_ENABLE[12] ; 4.588 ; 4.588 ; 4.588 ; 4.588 ;
; MODE[1]    ; POP_ENABLE[13] ; 4.766 ; 4.766 ; 4.766 ; 4.766 ;
; MODE[1]    ; POP_ENABLE[14] ; 4.561 ; 4.561 ; 4.561 ; 4.561 ;
; MODE[1]    ; POP_ENABLE[15] ; 4.744 ; 4.744 ; 4.744 ; 4.744 ;
; MODE[1]    ; POP_ENABLE[16] ; 4.631 ; 4.631 ; 4.631 ; 4.631 ;
; MODE[1]    ; POP_ENABLE[17] ; 4.564 ; 4.564 ; 4.564 ; 4.564 ;
; MODE[1]    ; POP_ENABLE[18] ; 4.325 ; 4.325 ; 4.325 ; 4.325 ;
; MODE[1]    ; POP_ENABLE[19] ; 4.473 ; 4.473 ; 4.473 ; 4.473 ;
; MODE[1]    ; POP_ENABLE[20] ; 4.323 ; 4.323 ; 4.323 ; 4.323 ;
; MODE[1]    ; POP_ENABLE[21] ; 4.735 ; 4.735 ; 4.735 ; 4.735 ;
; MODE[1]    ; POP_ENABLE[22] ; 4.910 ; 4.910 ; 4.910 ; 4.910 ;
; MODE[1]    ; POP_ENABLE[23] ; 4.375 ; 4.375 ; 4.375 ; 4.375 ;
; MODE[1]    ; POP_ENABLE[24] ; 4.423 ; 4.423 ; 4.423 ; 4.423 ;
; MODE[1]    ; POP_ENABLE[25] ; 4.821 ; 4.821 ; 4.821 ; 4.821 ;
; MODE[1]    ; POP_ENABLE[26] ; 4.295 ; 4.295 ; 4.295 ; 4.295 ;
; MODE[1]    ; POP_ENABLE[27] ; 4.349 ; 4.349 ; 4.349 ; 4.349 ;
; MODE[1]    ; POP_ENABLE[28] ; 4.579 ; 4.579 ; 4.579 ; 4.579 ;
; MODE[1]    ; POP_ENABLE[29] ; 4.684 ; 4.684 ; 4.684 ; 4.684 ;
; MODE[1]    ; POP_ENABLE[30] ; 4.481 ; 4.481 ; 4.481 ; 4.481 ;
; MODE[1]    ; POP_ENABLE[31] ; 3.801 ; 3.801 ; 3.801 ; 3.801 ;
; MODE[1]    ; POP_ENABLE[32] ; 4.283 ; 4.283 ; 4.283 ; 4.283 ;
; MODE[1]    ; POP_ENABLE[33] ; 4.314 ; 4.314 ; 4.314 ; 4.314 ;
; MODE[1]    ; POP_ENABLE[34] ; 4.218 ; 4.218 ; 4.218 ; 4.218 ;
; MODE[1]    ; POP_ENABLE[35] ; 4.147 ; 4.147 ; 4.147 ; 4.147 ;
; MODE[1]    ; POP_ENABLE[36] ; 4.563 ; 4.563 ; 4.563 ; 4.563 ;
; MODE[1]    ; POP_ENABLE[37] ; 4.793 ; 4.793 ; 4.793 ; 4.793 ;
; MODE[1]    ; POP_ENABLE[38] ; 4.926 ; 4.926 ; 4.926 ; 4.926 ;
; MODE[1]    ; POP_ENABLE[39] ; 4.639 ; 4.639 ; 4.639 ; 4.639 ;
; MODE[1]    ; POP_ENABLE[40] ; 4.623 ; 4.623 ; 4.623 ; 4.623 ;
; MODE[1]    ; POP_ENABLE[41] ; 4.542 ; 4.542 ; 4.542 ; 4.542 ;
; MODE[1]    ; POP_ENABLE[42] ; 4.344 ; 4.344 ; 4.344 ; 4.344 ;
; MODE[1]    ; POP_ENABLE[43] ; 4.664 ; 4.664 ; 4.664 ; 4.664 ;
; MODE[1]    ; POP_ENABLE[44] ; 4.408 ; 4.408 ; 4.408 ; 4.408 ;
; MODE[1]    ; POP_ENABLE[45] ; 4.745 ; 4.745 ; 4.745 ; 4.745 ;
; MODE[1]    ; POP_ENABLE[46] ; 4.613 ; 4.613 ; 4.613 ; 4.613 ;
; MODE[1]    ; POP_ENABLE[47] ; 4.223 ; 4.223 ; 4.223 ; 4.223 ;
; MODE[1]    ; POP_ENABLE[48] ; 4.360 ; 4.360 ; 4.360 ; 4.360 ;
; MODE[1]    ; POP_ENABLE[49] ; 4.471 ; 4.471 ; 4.471 ; 4.471 ;
; MODE[1]    ; POP_ENABLE[50] ; 4.301 ; 4.301 ; 4.301 ; 4.301 ;
; MODE[1]    ; POP_ENABLE[51] ; 4.408 ; 4.408 ; 4.408 ; 4.408 ;
+------------+----------------+-------+-------+-------+-------+


+--------------------------------------------------------------------------------+
; Multicorner Timing Analysis Summary                                            ;
+----------------------+-------+------+----------+---------+---------------------+
; Clock                ; Setup ; Hold ; Recovery ; Removal ; Minimum Pulse Width ;
+----------------------+-------+------+----------+---------+---------------------+
; Worst-case Slack     ; N/A   ; N/A  ; N/A      ; N/A     ; 97.531              ;
;  altera_reserved_tck ; N/A   ; N/A  ; N/A      ; N/A     ; 97.531              ;
; Design-wide TNS      ; 0.0   ; 0.0  ; 0.0      ; 0.0     ; 0.0                 ;
;  altera_reserved_tck ; N/A   ; N/A  ; N/A      ; N/A     ; 0.000               ;
+----------------------+-------+------+----------+---------+---------------------+


+-----------------------------------------------------------------+
; Progagation Delay                                               ;
+------------+----------------+--------+--------+--------+--------+
; Input Port ; Output Port    ; RR     ; RF     ; FR     ; FF     ;
+------------+----------------+--------+--------+--------+--------+
; MODE[0]    ; INIT           ; 8.194  ;        ;        ; 8.194  ;
; MODE[0]    ; POP            ; 9.295  ;        ;        ; 9.295  ;
; MODE[0]    ; POP_ENABLE[0]  ; 12.295 ; 12.061 ; 12.061 ; 12.295 ;
; MODE[0]    ; POP_ENABLE[1]  ; 12.350 ; 12.039 ; 12.039 ; 12.350 ;
; MODE[0]    ; POP_ENABLE[2]  ; 11.724 ; 11.485 ; 11.485 ; 11.724 ;
; MODE[0]    ; POP_ENABLE[3]  ; 11.283 ; 10.979 ; 10.979 ; 11.283 ;
; MODE[0]    ; POP_ENABLE[4]  ; 11.682 ; 11.443 ; 11.443 ; 11.682 ;
; MODE[0]    ; POP_ENABLE[5]  ; 14.148 ; 13.787 ; 13.787 ; 14.148 ;
; MODE[0]    ; POP_ENABLE[6]  ; 12.879 ; 12.645 ; 12.645 ; 12.879 ;
; MODE[0]    ; POP_ENABLE[7]  ; 11.458 ; 11.160 ; 11.160 ; 11.458 ;
; MODE[0]    ; POP_ENABLE[8]  ; 11.930 ; 11.696 ; 11.696 ; 11.930 ;
; MODE[0]    ; POP_ENABLE[9]  ; 12.562 ; 12.201 ; 12.201 ; 12.562 ;
; MODE[0]    ; POP_ENABLE[10] ; 11.887 ; 11.653 ; 11.653 ; 11.887 ;
; MODE[0]    ; POP_ENABLE[11] ; 10.553 ; 10.322 ; 10.322 ; 10.553 ;
; MODE[0]    ; POP_ENABLE[12] ; 12.087 ; 11.853 ; 11.853 ; 12.087 ;
; MODE[0]    ; POP_ENABLE[13] ; 12.843 ; 12.482 ; 12.482 ; 12.843 ;
; MODE[0]    ; POP_ENABLE[14] ; 12.373 ; 12.139 ; 12.139 ; 12.373 ;
; MODE[0]    ; POP_ENABLE[15] ; 11.848 ; 11.537 ; 11.537 ; 11.848 ;
; MODE[0]    ; POP_ENABLE[16] ; 12.269 ; 12.035 ; 12.035 ; 12.269 ;
; MODE[0]    ; POP_ENABLE[17] ; 12.082 ; 11.848 ; 11.848 ; 12.082 ;
; MODE[0]    ; POP_ENABLE[18] ; 11.108 ; 10.869 ; 10.869 ; 11.108 ;
; MODE[0]    ; POP_ENABLE[19] ; 11.378 ; 11.147 ; 11.147 ; 11.378 ;
; MODE[0]    ; POP_ENABLE[20] ; 11.259 ; 11.020 ; 11.020 ; 11.259 ;
; MODE[0]    ; POP_ENABLE[21] ; 12.762 ; 12.401 ; 12.401 ; 12.762 ;
; MODE[0]    ; POP_ENABLE[22] ; 13.199 ; 12.965 ; 12.965 ; 13.199 ;
; MODE[0]    ; POP_ENABLE[23] ; 11.199 ; 10.968 ; 10.968 ; 11.199 ;
; MODE[0]    ; POP_ENABLE[24] ; 11.671 ; 11.437 ; 11.437 ; 11.671 ;
; MODE[0]    ; POP_ENABLE[25] ; 13.011 ; 12.650 ; 12.650 ; 13.011 ;
; MODE[0]    ; POP_ENABLE[26] ; 11.343 ; 11.109 ; 11.109 ; 11.343 ;
; MODE[0]    ; POP_ENABLE[27] ; 11.219 ; 10.988 ; 10.988 ; 11.219 ;
; MODE[0]    ; POP_ENABLE[28] ; 12.179 ; 11.945 ; 11.945 ; 12.179 ;
; MODE[0]    ; POP_ENABLE[29] ; 12.485 ; 12.251 ; 12.251 ; 12.485 ;
; MODE[0]    ; POP_ENABLE[30] ; 12.503 ; 12.269 ; 12.269 ; 12.503 ;
; MODE[0]    ; POP_ENABLE[31] ; 9.032  ; 8.801  ; 8.801  ; 9.032  ;
; MODE[0]    ; POP_ENABLE[32] ; 11.464 ; 11.230 ; 11.230 ; 11.464 ;
; MODE[0]    ; POP_ENABLE[33] ; 11.082 ; 10.848 ; 10.848 ; 11.082 ;
; MODE[0]    ; POP_ENABLE[34] ; 10.942 ; 10.703 ; 10.703 ; 10.942 ;
; MODE[0]    ; POP_ENABLE[35] ; 10.545 ; 10.314 ; 10.314 ; 10.545 ;
; MODE[0]    ; POP_ENABLE[36] ; 11.691 ; 11.452 ; 11.452 ; 11.691 ;
; MODE[0]    ; POP_ENABLE[37] ; 14.034 ; 13.673 ; 13.673 ; 14.034 ;
; MODE[0]    ; POP_ENABLE[38] ; 13.136 ; 12.902 ; 12.902 ; 13.136 ;
; MODE[0]    ; POP_ENABLE[39] ; 11.516 ; 11.219 ; 11.219 ; 11.516 ;
; MODE[0]    ; POP_ENABLE[40] ; 12.227 ; 11.993 ; 11.993 ; 12.227 ;
; MODE[0]    ; POP_ENABLE[41] ; 12.270 ; 11.909 ; 11.909 ; 12.270 ;
; MODE[0]    ; POP_ENABLE[42] ; 11.415 ; 11.181 ; 11.181 ; 11.415 ;
; MODE[0]    ; POP_ENABLE[43] ; 11.720 ; 11.489 ; 11.489 ; 11.720 ;
; MODE[0]    ; POP_ENABLE[44] ; 11.646 ; 11.412 ; 11.412 ; 11.646 ;
; MODE[0]    ; POP_ENABLE[45] ; 13.233 ; 12.872 ; 12.872 ; 13.233 ;
; MODE[0]    ; POP_ENABLE[46] ; 12.660 ; 12.426 ; 12.426 ; 12.660 ;
; MODE[0]    ; POP_ENABLE[47] ; 10.725 ; 10.498 ; 10.498 ; 10.725 ;
; MODE[0]    ; POP_ENABLE[48] ; 11.722 ; 11.488 ; 11.488 ; 11.722 ;
; MODE[0]    ; POP_ENABLE[49] ; 11.812 ; 11.578 ; 11.578 ; 11.812 ;
; MODE[0]    ; POP_ENABLE[50] ; 11.286 ; 11.047 ; 11.047 ; 11.286 ;
; MODE[0]    ; POP_ENABLE[51] ; 11.141 ; 10.910 ; 10.910 ; 11.141 ;
; MODE[1]    ; INIT           ;        ; 7.731  ; 7.731  ;        ;
; MODE[1]    ; POP            ; 8.841  ;        ;        ; 8.841  ;
; MODE[1]    ; POP_ENABLE[0]  ; 11.599 ; 12.454 ; 12.454 ; 11.599 ;
; MODE[1]    ; POP_ENABLE[1]  ; 11.577 ; 12.509 ; 12.509 ; 11.577 ;
; MODE[1]    ; POP_ENABLE[2]  ; 11.023 ; 11.883 ; 11.883 ; 11.023 ;
; MODE[1]    ; POP_ENABLE[3]  ; 10.517 ; 11.442 ; 11.442 ; 10.517 ;
; MODE[1]    ; POP_ENABLE[4]  ; 10.981 ; 11.841 ; 11.841 ; 10.981 ;
; MODE[1]    ; POP_ENABLE[5]  ; 13.325 ; 14.307 ; 14.307 ; 13.325 ;
; MODE[1]    ; POP_ENABLE[6]  ; 12.183 ; 13.038 ; 13.038 ; 12.183 ;
; MODE[1]    ; POP_ENABLE[7]  ; 10.698 ; 11.617 ; 11.617 ; 10.698 ;
; MODE[1]    ; POP_ENABLE[8]  ; 11.234 ; 12.089 ; 12.089 ; 11.234 ;
; MODE[1]    ; POP_ENABLE[9]  ; 11.739 ; 12.721 ; 12.721 ; 11.739 ;
; MODE[1]    ; POP_ENABLE[10] ; 11.191 ; 12.046 ; 12.046 ; 11.191 ;
; MODE[1]    ; POP_ENABLE[11] ; 9.860  ; 10.712 ; 10.712 ; 9.860  ;
; MODE[1]    ; POP_ENABLE[12] ; 11.391 ; 12.246 ; 12.246 ; 11.391 ;
; MODE[1]    ; POP_ENABLE[13] ; 12.020 ; 13.002 ; 13.002 ; 12.020 ;
; MODE[1]    ; POP_ENABLE[14] ; 11.677 ; 12.532 ; 12.532 ; 11.677 ;
; MODE[1]    ; POP_ENABLE[15] ; 11.075 ; 12.007 ; 12.007 ; 11.075 ;
; MODE[1]    ; POP_ENABLE[16] ; 11.573 ; 12.428 ; 12.428 ; 11.573 ;
; MODE[1]    ; POP_ENABLE[17] ; 11.386 ; 12.241 ; 12.241 ; 11.386 ;
; MODE[1]    ; POP_ENABLE[18] ; 10.407 ; 11.267 ; 11.267 ; 10.407 ;
; MODE[1]    ; POP_ENABLE[19] ; 10.685 ; 11.537 ; 11.537 ; 10.685 ;
; MODE[1]    ; POP_ENABLE[20] ; 10.558 ; 11.418 ; 11.418 ; 10.558 ;
; MODE[1]    ; POP_ENABLE[21] ; 11.939 ; 12.921 ; 12.921 ; 11.939 ;
; MODE[1]    ; POP_ENABLE[22] ; 12.503 ; 13.358 ; 13.358 ; 12.503 ;
; MODE[1]    ; POP_ENABLE[23] ; 10.506 ; 11.358 ; 11.358 ; 10.506 ;
; MODE[1]    ; POP_ENABLE[24] ; 10.975 ; 11.830 ; 11.830 ; 10.975 ;
; MODE[1]    ; POP_ENABLE[25] ; 12.188 ; 13.170 ; 13.170 ; 12.188 ;
; MODE[1]    ; POP_ENABLE[26] ; 10.647 ; 11.502 ; 11.502 ; 10.647 ;
; MODE[1]    ; POP_ENABLE[27] ; 10.526 ; 11.378 ; 11.378 ; 10.526 ;
; MODE[1]    ; POP_ENABLE[28] ; 11.483 ; 12.338 ; 12.338 ; 11.483 ;
; MODE[1]    ; POP_ENABLE[29] ; 11.789 ; 12.644 ; 12.644 ; 11.789 ;
; MODE[1]    ; POP_ENABLE[30] ; 11.807 ; 12.662 ; 12.662 ; 11.807 ;
; MODE[1]    ; POP_ENABLE[31] ; 8.339  ; 9.191  ; 9.191  ; 8.339  ;
; MODE[1]    ; POP_ENABLE[32] ; 10.768 ; 11.623 ; 11.623 ; 10.768 ;
; MODE[1]    ; POP_ENABLE[33] ; 10.386 ; 11.241 ; 11.241 ; 10.386 ;
; MODE[1]    ; POP_ENABLE[34] ; 10.241 ; 11.101 ; 11.101 ; 10.241 ;
; MODE[1]    ; POP_ENABLE[35] ; 9.852  ; 10.704 ; 10.704 ; 9.852  ;
; MODE[1]    ; POP_ENABLE[36] ; 10.990 ; 11.850 ; 11.850 ; 10.990 ;
; MODE[1]    ; POP_ENABLE[37] ; 13.211 ; 14.193 ; 14.193 ; 13.211 ;
; MODE[1]    ; POP_ENABLE[38] ; 12.440 ; 13.295 ; 13.295 ; 12.440 ;
; MODE[1]    ; POP_ENABLE[39] ; 10.757 ; 11.675 ; 11.675 ; 10.757 ;
; MODE[1]    ; POP_ENABLE[40] ; 11.531 ; 12.386 ; 12.386 ; 11.531 ;
; MODE[1]    ; POP_ENABLE[41] ; 11.447 ; 12.429 ; 12.429 ; 11.447 ;
; MODE[1]    ; POP_ENABLE[42] ; 10.719 ; 11.574 ; 11.574 ; 10.719 ;
; MODE[1]    ; POP_ENABLE[43] ; 11.027 ; 11.879 ; 11.879 ; 11.027 ;
; MODE[1]    ; POP_ENABLE[44] ; 10.950 ; 11.805 ; 11.805 ; 10.950 ;
; MODE[1]    ; POP_ENABLE[45] ; 12.410 ; 13.392 ; 13.392 ; 12.410 ;
; MODE[1]    ; POP_ENABLE[46] ; 11.964 ; 12.819 ; 12.819 ; 11.964 ;
; MODE[1]    ; POP_ENABLE[47] ; 10.036 ; 10.884 ; 10.884 ; 10.036 ;
; MODE[1]    ; POP_ENABLE[48] ; 11.026 ; 11.881 ; 11.881 ; 11.026 ;
; MODE[1]    ; POP_ENABLE[49] ; 11.116 ; 11.971 ; 11.971 ; 11.116 ;
; MODE[1]    ; POP_ENABLE[50] ; 10.585 ; 11.445 ; 11.445 ; 10.585 ;
; MODE[1]    ; POP_ENABLE[51] ; 10.448 ; 11.300 ; 11.300 ; 10.448 ;
+------------+----------------+--------+--------+--------+--------+


+-------------------------------------------------------------+
; Minimum Progagation Delay                                   ;
+------------+----------------+-------+-------+-------+-------+
; Input Port ; Output Port    ; RR    ; RF    ; FR    ; FF    ;
+------------+----------------+-------+-------+-------+-------+
; MODE[0]    ; INIT           ; 3.749 ;       ;       ; 3.749 ;
; MODE[0]    ; POP            ; 4.056 ;       ;       ; 4.056 ;
; MODE[0]    ; POP_ENABLE[0]  ; 4.810 ; 4.810 ; 4.810 ; 4.810 ;
; MODE[0]    ; POP_ENABLE[1]  ; 4.757 ; 4.757 ; 4.757 ; 4.757 ;
; MODE[0]    ; POP_ENABLE[2]  ; 4.735 ; 4.735 ; 4.735 ; 4.735 ;
; MODE[0]    ; POP_ENABLE[3]  ; 4.719 ; 4.719 ; 4.719 ; 4.719 ;
; MODE[0]    ; POP_ENABLE[4]  ; 4.716 ; 4.716 ; 4.716 ; 4.716 ;
; MODE[0]    ; POP_ENABLE[5]  ; 4.973 ; 4.973 ; 4.973 ; 4.973 ;
; MODE[0]    ; POP_ENABLE[6]  ; 4.969 ; 4.969 ; 4.969 ; 4.969 ;
; MODE[0]    ; POP_ENABLE[7]  ; 4.752 ; 4.752 ; 4.752 ; 4.752 ;
; MODE[0]    ; POP_ENABLE[8]  ; 4.653 ; 4.653 ; 4.653 ; 4.653 ;
; MODE[0]    ; POP_ENABLE[9]  ; 4.743 ; 4.743 ; 4.743 ; 4.743 ;
; MODE[0]    ; POP_ENABLE[10] ; 4.636 ; 4.636 ; 4.636 ; 4.636 ;
; MODE[0]    ; POP_ENABLE[11] ; 4.317 ; 4.317 ; 4.317 ; 4.317 ;
; MODE[0]    ; POP_ENABLE[12] ; 4.748 ; 4.748 ; 4.748 ; 4.748 ;
; MODE[0]    ; POP_ENABLE[13] ; 4.926 ; 4.926 ; 4.926 ; 4.926 ;
; MODE[0]    ; POP_ENABLE[14] ; 4.721 ; 4.721 ; 4.721 ; 4.721 ;
; MODE[0]    ; POP_ENABLE[15] ; 4.904 ; 4.904 ; 4.904 ; 4.904 ;
; MODE[0]    ; POP_ENABLE[16] ; 4.791 ; 4.791 ; 4.791 ; 4.791 ;
; MODE[0]    ; POP_ENABLE[17] ; 4.724 ; 4.724 ; 4.724 ; 4.724 ;
; MODE[0]    ; POP_ENABLE[18] ; 4.485 ; 4.485 ; 4.485 ; 4.485 ;
; MODE[0]    ; POP_ENABLE[19] ; 4.633 ; 4.633 ; 4.633 ; 4.633 ;
; MODE[0]    ; POP_ENABLE[20] ; 4.483 ; 4.483 ; 4.483 ; 4.483 ;
; MODE[0]    ; POP_ENABLE[21] ; 4.895 ; 4.895 ; 4.895 ; 4.895 ;
; MODE[0]    ; POP_ENABLE[22] ; 5.070 ; 5.070 ; 5.070 ; 5.070 ;
; MODE[0]    ; POP_ENABLE[23] ; 4.535 ; 4.535 ; 4.535 ; 4.535 ;
; MODE[0]    ; POP_ENABLE[24] ; 4.583 ; 4.583 ; 4.583 ; 4.583 ;
; MODE[0]    ; POP_ENABLE[25] ; 4.981 ; 4.981 ; 4.981 ; 4.981 ;
; MODE[0]    ; POP_ENABLE[26] ; 4.455 ; 4.455 ; 4.455 ; 4.455 ;
; MODE[0]    ; POP_ENABLE[27] ; 4.509 ; 4.509 ; 4.509 ; 4.509 ;
; MODE[0]    ; POP_ENABLE[28] ; 4.739 ; 4.739 ; 4.739 ; 4.739 ;
; MODE[0]    ; POP_ENABLE[29] ; 4.844 ; 4.844 ; 4.844 ; 4.844 ;
; MODE[0]    ; POP_ENABLE[30] ; 4.641 ; 4.641 ; 4.641 ; 4.641 ;
; MODE[0]    ; POP_ENABLE[31] ; 3.961 ; 3.961 ; 3.961 ; 3.961 ;
; MODE[0]    ; POP_ENABLE[32] ; 4.443 ; 4.443 ; 4.443 ; 4.443 ;
; MODE[0]    ; POP_ENABLE[33] ; 4.474 ; 4.474 ; 4.474 ; 4.474 ;
; MODE[0]    ; POP_ENABLE[34] ; 4.378 ; 4.378 ; 4.378 ; 4.378 ;
; MODE[0]    ; POP_ENABLE[35] ; 4.307 ; 4.307 ; 4.307 ; 4.307 ;
; MODE[0]    ; POP_ENABLE[36] ; 4.723 ; 4.723 ; 4.723 ; 4.723 ;
; MODE[0]    ; POP_ENABLE[37] ; 4.953 ; 4.953 ; 4.953 ; 4.953 ;
; MODE[0]    ; POP_ENABLE[38] ; 5.086 ; 5.086 ; 5.086 ; 5.086 ;
; MODE[0]    ; POP_ENABLE[39] ; 4.799 ; 4.799 ; 4.799 ; 4.799 ;
; MODE[0]    ; POP_ENABLE[40] ; 4.783 ; 4.783 ; 4.783 ; 4.783 ;
; MODE[0]    ; POP_ENABLE[41] ; 4.702 ; 4.702 ; 4.702 ; 4.702 ;
; MODE[0]    ; POP_ENABLE[42] ; 4.504 ; 4.504 ; 4.504 ; 4.504 ;
; MODE[0]    ; POP_ENABLE[43] ; 4.824 ; 4.824 ; 4.824 ; 4.824 ;
; MODE[0]    ; POP_ENABLE[44] ; 4.568 ; 4.568 ; 4.568 ; 4.568 ;
; MODE[0]    ; POP_ENABLE[45] ; 4.905 ; 4.905 ; 4.905 ; 4.905 ;
; MODE[0]    ; POP_ENABLE[46] ; 4.773 ; 4.773 ; 4.773 ; 4.773 ;
; MODE[0]    ; POP_ENABLE[47] ; 4.383 ; 4.383 ; 4.383 ; 4.383 ;
; MODE[0]    ; POP_ENABLE[48] ; 4.520 ; 4.520 ; 4.520 ; 4.520 ;
; MODE[0]    ; POP_ENABLE[49] ; 4.631 ; 4.631 ; 4.631 ; 4.631 ;
; MODE[0]    ; POP_ENABLE[50] ; 4.461 ; 4.461 ; 4.461 ; 4.461 ;
; MODE[0]    ; POP_ENABLE[51] ; 4.568 ; 4.568 ; 4.568 ; 4.568 ;
; MODE[1]    ; INIT           ;       ; 3.578 ; 3.578 ;       ;
; MODE[1]    ; POP            ; 3.901 ;       ;       ; 3.901 ;
; MODE[1]    ; POP_ENABLE[0]  ; 4.650 ; 4.650 ; 4.650 ; 4.650 ;
; MODE[1]    ; POP_ENABLE[1]  ; 4.597 ; 4.597 ; 4.597 ; 4.597 ;
; MODE[1]    ; POP_ENABLE[2]  ; 4.575 ; 4.575 ; 4.575 ; 4.575 ;
; MODE[1]    ; POP_ENABLE[3]  ; 4.559 ; 4.559 ; 4.559 ; 4.559 ;
; MODE[1]    ; POP_ENABLE[4]  ; 4.556 ; 4.556 ; 4.556 ; 4.556 ;
; MODE[1]    ; POP_ENABLE[5]  ; 4.813 ; 4.813 ; 4.813 ; 4.813 ;
; MODE[1]    ; POP_ENABLE[6]  ; 4.809 ; 4.809 ; 4.809 ; 4.809 ;
; MODE[1]    ; POP_ENABLE[7]  ; 4.592 ; 4.592 ; 4.592 ; 4.592 ;
; MODE[1]    ; POP_ENABLE[8]  ; 4.493 ; 4.493 ; 4.493 ; 4.493 ;
; MODE[1]    ; POP_ENABLE[9]  ; 4.583 ; 4.583 ; 4.583 ; 4.583 ;
; MODE[1]    ; POP_ENABLE[10] ; 4.476 ; 4.476 ; 4.476 ; 4.476 ;
; MODE[1]    ; POP_ENABLE[11] ; 4.157 ; 4.157 ; 4.157 ; 4.157 ;
; MODE[1]    ; POP_ENABLE[12] ; 4.588 ; 4.588 ; 4.588 ; 4.588 ;
; MODE[1]    ; POP_ENABLE[13] ; 4.766 ; 4.766 ; 4.766 ; 4.766 ;
; MODE[1]    ; POP_ENABLE[14] ; 4.561 ; 4.561 ; 4.561 ; 4.561 ;
; MODE[1]    ; POP_ENABLE[15] ; 4.744 ; 4.744 ; 4.744 ; 4.744 ;
; MODE[1]    ; POP_ENABLE[16] ; 4.631 ; 4.631 ; 4.631 ; 4.631 ;
; MODE[1]    ; POP_ENABLE[17] ; 4.564 ; 4.564 ; 4.564 ; 4.564 ;
; MODE[1]    ; POP_ENABLE[18] ; 4.325 ; 4.325 ; 4.325 ; 4.325 ;
; MODE[1]    ; POP_ENABLE[19] ; 4.473 ; 4.473 ; 4.473 ; 4.473 ;
; MODE[1]    ; POP_ENABLE[20] ; 4.323 ; 4.323 ; 4.323 ; 4.323 ;
; MODE[1]    ; POP_ENABLE[21] ; 4.735 ; 4.735 ; 4.735 ; 4.735 ;
; MODE[1]    ; POP_ENABLE[22] ; 4.910 ; 4.910 ; 4.910 ; 4.910 ;
; MODE[1]    ; POP_ENABLE[23] ; 4.375 ; 4.375 ; 4.375 ; 4.375 ;
; MODE[1]    ; POP_ENABLE[24] ; 4.423 ; 4.423 ; 4.423 ; 4.423 ;
; MODE[1]    ; POP_ENABLE[25] ; 4.821 ; 4.821 ; 4.821 ; 4.821 ;
; MODE[1]    ; POP_ENABLE[26] ; 4.295 ; 4.295 ; 4.295 ; 4.295 ;
; MODE[1]    ; POP_ENABLE[27] ; 4.349 ; 4.349 ; 4.349 ; 4.349 ;
; MODE[1]    ; POP_ENABLE[28] ; 4.579 ; 4.579 ; 4.579 ; 4.579 ;
; MODE[1]    ; POP_ENABLE[29] ; 4.684 ; 4.684 ; 4.684 ; 4.684 ;
; MODE[1]    ; POP_ENABLE[30] ; 4.481 ; 4.481 ; 4.481 ; 4.481 ;
; MODE[1]    ; POP_ENABLE[31] ; 3.801 ; 3.801 ; 3.801 ; 3.801 ;
; MODE[1]    ; POP_ENABLE[32] ; 4.283 ; 4.283 ; 4.283 ; 4.283 ;
; MODE[1]    ; POP_ENABLE[33] ; 4.314 ; 4.314 ; 4.314 ; 4.314 ;
; MODE[1]    ; POP_ENABLE[34] ; 4.218 ; 4.218 ; 4.218 ; 4.218 ;
; MODE[1]    ; POP_ENABLE[35] ; 4.147 ; 4.147 ; 4.147 ; 4.147 ;
; MODE[1]    ; POP_ENABLE[36] ; 4.563 ; 4.563 ; 4.563 ; 4.563 ;
; MODE[1]    ; POP_ENABLE[37] ; 4.793 ; 4.793 ; 4.793 ; 4.793 ;
; MODE[1]    ; POP_ENABLE[38] ; 4.926 ; 4.926 ; 4.926 ; 4.926 ;
; MODE[1]    ; POP_ENABLE[39] ; 4.639 ; 4.639 ; 4.639 ; 4.639 ;
; MODE[1]    ; POP_ENABLE[40] ; 4.623 ; 4.623 ; 4.623 ; 4.623 ;
; MODE[1]    ; POP_ENABLE[41] ; 4.542 ; 4.542 ; 4.542 ; 4.542 ;
; MODE[1]    ; POP_ENABLE[42] ; 4.344 ; 4.344 ; 4.344 ; 4.344 ;
; MODE[1]    ; POP_ENABLE[43] ; 4.664 ; 4.664 ; 4.664 ; 4.664 ;
; MODE[1]    ; POP_ENABLE[44] ; 4.408 ; 4.408 ; 4.408 ; 4.408 ;
; MODE[1]    ; POP_ENABLE[45] ; 4.745 ; 4.745 ; 4.745 ; 4.745 ;
; MODE[1]    ; POP_ENABLE[46] ; 4.613 ; 4.613 ; 4.613 ; 4.613 ;
; MODE[1]    ; POP_ENABLE[47] ; 4.223 ; 4.223 ; 4.223 ; 4.223 ;
; MODE[1]    ; POP_ENABLE[48] ; 4.360 ; 4.360 ; 4.360 ; 4.360 ;
; MODE[1]    ; POP_ENABLE[49] ; 4.471 ; 4.471 ; 4.471 ; 4.471 ;
; MODE[1]    ; POP_ENABLE[50] ; 4.301 ; 4.301 ; 4.301 ; 4.301 ;
; MODE[1]    ; POP_ENABLE[51] ; 4.408 ; 4.408 ; 4.408 ; 4.408 ;
+------------+----------------+-------+-------+-------+-------+


-------------------
; Clock Transfers ;
-------------------
Nothing to report.


---------------
; Report TCCS ;
---------------
No dedicated SERDES Transmitter circuitry present in device or used in design


---------------
; Report RSKM ;
---------------
No dedicated SERDES Receiver circuitry present in device or used in design


+------------------------------------------------+
; Unconstrained Paths                            ;
+---------------------------------+-------+------+
; Property                        ; Setup ; Hold ;
+---------------------------------+-------+------+
; Illegal Clocks                  ; 0     ; 0    ;
; Unconstrained Clocks            ; 1     ; 1    ;
; Unconstrained Input Ports       ; 5     ; 5    ;
; Unconstrained Input Port Paths  ; 1081  ; 1081 ;
; Unconstrained Output Ports      ; 167   ; 167  ;
; Unconstrained Output Port Paths ; 7221  ; 7221 ;
+---------------------------------+-------+------+


+------------------------------------+
; TimeQuest Timing Analyzer Messages ;
+------------------------------------+
Warning (125092): Tcl Script File ../Lab3/lpm_add_sub0.qip not found
    Info (125063): set_global_assignment -name QIP_FILE ../Lab3/lpm_add_sub0.qip
Info: *******************************************************************
Info: Running Quartus II 64-Bit TimeQuest Timing Analyzer
    Info: Version 13.0.1 Build 232 06/12/2013 Service Pack 1 SJ Full Version
    Info: Processing started: Fri Nov 24 16:04:28 2017
Info: Command: quartus_sta lab4 -c lab4
Info: qsta_default_script.tcl version: #1
Info (11104): Parallel Compilation has detected 8 hyper-threaded processors. However, the extra hyper-threaded processors will not be used by default. Parallel Compilation will use 4 of the 4 physical processors detected instead.
Info (21077): Low junction temperature is 0 degrees C
Info (21077): High junction temperature is 85 degrees C
Info (332164): Evaluating HDL-embedded SDC commands
    Info (332165): Entity sld_jtag_hub
        Info (332166): create_clock -name altera_reserved_tck [get_ports {altera_reserved_tck}] -period 10MHz   
        Info (332166): set_clock_groups -asynchronous -group {altera_reserved_tck}
Critical Warning (332012): Synopsys Design Constraints File file not found: 'lab4.sdc'. A Synopsys Design Constraints File is required by the TimeQuest Timing Analyzer to get proper timing constraints. Without it, the Compiler will not properly optimize the design.
Warning (332060): Node: CLK was determined to be a clock but was found without an associated clock assignment.
Info: Found TIMEQUEST_REPORT_SCRIPT_INCLUDE_DEFAULT_ANALYSIS = ON
Info: Analyzing Slow Model
Info (332140): No fmax paths to report
Info (332140): No Setup paths to report
Info (332140): No Hold paths to report
Info (332140): No Recovery paths to report
Info (332140): No Removal paths to report
Info (332146): Worst-case minimum pulse width slack is 97.531
    Info (332119):     Slack End Point TNS Clock 
    Info (332119): ========= ============= =====================
    Info (332119):    97.531         0.000 altera_reserved_tck 
Info (332001): The selected device family is not supported by the report_metastability command.
Info: Analyzing Fast Model
Warning (332060): Node: CLK was determined to be a clock but was found without an associated clock assignment.
Info (332140): No Setup paths to report
Info (332140): No Hold paths to report
Info (332140): No Recovery paths to report
Info (332140): No Removal paths to report
Info (332146): Worst-case minimum pulse width slack is 97.778
    Info (332119):     Slack End Point TNS Clock 
    Info (332119): ========= ============= =====================
    Info (332119):    97.778         0.000 altera_reserved_tck 
Info (332001): The selected device family is not supported by the report_metastability command.
Info (332102): Design is not fully constrained for setup requirements
Info (332102): Design is not fully constrained for hold requirements
Info: Quartus II 64-Bit TimeQuest Timing Analyzer was successful. 0 errors, 4 warnings
    Info: Peak virtual memory: 489 megabytes
    Info: Processing ended: Fri Nov 24 16:04:36 2017
    Info: Elapsed time: 00:00:08
    Info: Total CPU time (on all processors): 00:00:02


