TimeQuest Timing Analyzer report for lab4
Fri Nov 24 18:09:36 2017
Quartus II 64-Bit Version 13.0.1 Build 232 06/12/2013 Service Pack 1 SJ Full Version


---------------------
; Table of Contents ;
---------------------
  1. Legal Notice
  2. TimeQuest Timing Analyzer Summary
  3. Parallel Compilation
  4. Clocks
  5. Slow Model Fmax Summary
  6. Slow Model Setup Summary
  7. Slow Model Hold Summary
  8. Slow Model Recovery Summary
  9. Slow Model Removal Summary
 10. Slow Model Minimum Pulse Width Summary
 11. Slow Model Minimum Pulse Width: 'altera_reserved_tck'
 12. Propagation Delay
 13. Minimum Propagation Delay
 14. Fast Model Setup Summary
 15. Fast Model Hold Summary
 16. Fast Model Recovery Summary
 17. Fast Model Removal Summary
 18. Fast Model Minimum Pulse Width Summary
 19. Fast Model Minimum Pulse Width: 'altera_reserved_tck'
 20. Propagation Delay
 21. Minimum Propagation Delay
 22. Multicorner Timing Analysis Summary
 23. Progagation Delay
 24. Minimum Progagation Delay
 25. Clock Transfers
 26. Report TCCS
 27. Report RSKM
 28. Unconstrained Paths
 29. TimeQuest Timing Analyzer Messages



----------------
; Legal Notice ;
----------------
Copyright (C) 1991-2013 Altera Corporation
Your use of Altera Corporation's design tools, logic functions 
and other software and tools, and its AMPP partner logic 
functions, and any output files from any of the foregoing 
(including device programming or simulation files), and any 
associated documentation or information are expressly subject 
to the terms and conditions of the Altera Program License 
Subscription Agreement, Altera MegaCore Function License 
Agreement, or other applicable license agreement, including, 
without limitation, that your use is for the sole purpose of 
programming logic devices manufactured by Altera and sold by 
Altera or its authorized distributors.  Please refer to the 
applicable agreement for further details.



+-----------------------------------------------------------------------------------------+
; TimeQuest Timing Analyzer Summary                                                       ;
+--------------------+--------------------------------------------------------------------+
; Quartus II Version ; Version 13.0.1 Build 232 06/12/2013 Service Pack 1 SJ Full Version ;
; Revision Name      ; lab4                                                               ;
; Device Family      ; Cyclone II                                                         ;
; Device Name        ; EP2C20F484C7                                                       ;
; Timing Models      ; Final                                                              ;
; Delay Model        ; Combined                                                           ;
; Rise/Fall Delays   ; Unavailable                                                        ;
+--------------------+--------------------------------------------------------------------+


+------------------------------------------+
; Parallel Compilation                     ;
+----------------------------+-------------+
; Processors                 ; Number      ;
+----------------------------+-------------+
; Number detected on machine ; 8           ;
; Maximum allowed            ; 4           ;
;                            ;             ;
; Average used               ; 1.00        ;
; Maximum used               ; 1           ;
;                            ;             ;
; Usage by Processor         ; % Time Used ;
;     Processor 1            ; 100.0%      ;
;     Processors 2-8         ;   0.0%      ;
+----------------------------+-------------+


+-----------------------------------------------------------------------------------------------------------------------------------------------------------------------------------------------------------+
; Clocks                                                                                                                                                                                                    ;
+---------------------+------+---------+-----------+-------+--------+------------+-----------+-------------+-------+--------+-----------+------------+----------+--------+--------+-------------------------+
; Clock Name          ; Type ; Period  ; Frequency ; Rise  ; Fall   ; Duty Cycle ; Divide by ; Multiply by ; Phase ; Offset ; Edge List ; Edge Shift ; Inverted ; Master ; Source ; Targets                 ;
+---------------------+------+---------+-----------+-------+--------+------------+-----------+-------------+-------+--------+-----------+------------+----------+--------+--------+-------------------------+
; altera_reserved_tck ; Base ; 100.000 ; 10.0 MHz  ; 0.000 ; 50.000 ;            ;           ;             ;       ;        ;           ;            ;          ;        ;        ; { altera_reserved_tck } ;
+---------------------+------+---------+-----------+-------+--------+------------+-----------+-------------+-------+--------+-----------+------------+----------+--------+--------+-------------------------+


---------------------------
; Slow Model Fmax Summary ;
---------------------------
No paths to report.


----------------------------
; Slow Model Setup Summary ;
----------------------------
No paths to report.


---------------------------
; Slow Model Hold Summary ;
---------------------------
No paths to report.


-------------------------------
; Slow Model Recovery Summary ;
-------------------------------
No paths to report.


------------------------------
; Slow Model Removal Summary ;
------------------------------
No paths to report.


+----------------------------------------------+
; Slow Model Minimum Pulse Width Summary       ;
+---------------------+--------+---------------+
; Clock               ; Slack  ; End Point TNS ;
+---------------------+--------+---------------+
; altera_reserved_tck ; 97.531 ; 0.000         ;
+---------------------+--------+---------------+


+-------------------------------------------------------------------------------------------------------------+
; Slow Model Minimum Pulse Width: 'altera_reserved_tck'                                                       ;
+--------+--------------+----------------+-----------+---------------------+------------+---------------------+
; Slack  ; Actual Width ; Required Width ; Type      ; Clock               ; Clock Edge ; Target              ;
+--------+--------------+----------------+-----------+---------------------+------------+---------------------+
; 97.531 ; 100.000      ; 2.469          ; Port Rate ; altera_reserved_tck ; Rise       ; altera_reserved_tck ;
+--------+--------------+----------------+-----------+---------------------+------------+---------------------+


+-----------------------------------------------------------------+
; Propagation Delay                                               ;
+------------+----------------+--------+--------+--------+--------+
; Input Port ; Output Port    ; RR     ; RF     ; FR     ; FF     ;
+------------+----------------+--------+--------+--------+--------+
; MODE[0]    ; INIT           ; 9.403  ;        ;        ; 9.403  ;
; MODE[0]    ; POP            ; 8.057  ;        ;        ; 8.057  ;
; MODE[0]    ; POP_ENABLE[0]  ; 14.787 ; 14.340 ; 14.340 ; 14.787 ;
; MODE[0]    ; POP_ENABLE[1]  ; 13.985 ; 13.549 ; 13.549 ; 13.985 ;
; MODE[0]    ; POP_ENABLE[2]  ; 15.711 ; 15.236 ; 15.236 ; 15.711 ;
; MODE[0]    ; POP_ENABLE[3]  ; 14.912 ; 13.921 ; 13.921 ; 14.912 ;
; MODE[0]    ; POP_ENABLE[4]  ; 15.717 ; 15.242 ; 15.242 ; 15.717 ;
; MODE[0]    ; POP_ENABLE[5]  ; 15.795 ; 14.877 ; 14.877 ; 15.795 ;
; MODE[0]    ; POP_ENABLE[6]  ; 15.731 ; 15.262 ; 15.262 ; 15.731 ;
; MODE[0]    ; POP_ENABLE[7]  ; 14.275 ; 13.168 ; 13.168 ; 14.275 ;
; MODE[0]    ; POP_ENABLE[8]  ; 16.334 ; 15.859 ; 15.859 ; 16.334 ;
; MODE[0]    ; POP_ENABLE[9]  ; 15.505 ; 14.602 ; 14.602 ; 15.505 ;
; MODE[0]    ; POP_ENABLE[10] ; 16.308 ; 15.833 ; 15.833 ; 16.308 ;
; MODE[0]    ; POP_ENABLE[11] ; 15.410 ; 14.717 ; 14.717 ; 15.410 ;
; MODE[0]    ; POP_ENABLE[12] ; 14.977 ; 14.502 ; 14.502 ; 14.977 ;
; MODE[0]    ; POP_ENABLE[13] ; 14.541 ; 14.094 ; 14.094 ; 14.541 ;
; MODE[0]    ; POP_ENABLE[14] ; 14.478 ; 14.031 ; 14.031 ; 14.478 ;
; MODE[0]    ; POP_ENABLE[15] ; 12.295 ; 11.188 ; 11.188 ; 12.295 ;
; MODE[0]    ; POP_ENABLE[16] ; 16.765 ; 16.318 ; 16.318 ; 16.765 ;
; MODE[0]    ; POP_ENABLE[17] ; 15.251 ; 14.333 ; 14.333 ; 15.251 ;
; MODE[0]    ; POP_ENABLE[18] ; 16.533 ; 16.058 ; 16.058 ; 16.533 ;
; MODE[0]    ; POP_ENABLE[19] ; 14.595 ; 13.693 ; 13.693 ; 14.595 ;
; MODE[0]    ; POP_ENABLE[20] ; 16.536 ; 16.061 ; 16.061 ; 16.536 ;
; MODE[0]    ; POP_ENABLE[21] ; 15.539 ; 14.643 ; 14.643 ; 15.539 ;
; MODE[0]    ; POP_ENABLE[22] ; 15.127 ; 14.658 ; 14.658 ; 15.127 ;
; MODE[0]    ; POP_ENABLE[23] ; 14.144 ; 13.256 ; 13.256 ; 14.144 ;
; MODE[0]    ; POP_ENABLE[24] ; 15.329 ; 14.854 ; 14.854 ; 15.329 ;
; MODE[0]    ; POP_ENABLE[25] ; 15.534 ; 14.631 ; 14.631 ; 15.534 ;
; MODE[0]    ; POP_ENABLE[26] ; 14.880 ; 14.405 ; 14.405 ; 14.880 ;
; MODE[0]    ; POP_ENABLE[27] ; 13.633 ; 12.742 ; 12.742 ; 13.633 ;
; MODE[0]    ; POP_ENABLE[28] ; 15.552 ; 15.077 ; 15.077 ; 15.552 ;
; MODE[0]    ; POP_ENABLE[29] ; 15.796 ; 15.177 ; 15.177 ; 15.796 ;
; MODE[0]    ; POP_ENABLE[30] ; 15.293 ; 14.674 ; 14.674 ; 15.293 ;
; MODE[0]    ; POP_ENABLE[31] ; 12.308 ; 11.866 ; 11.866 ; 12.308 ;
; MODE[0]    ; POP_ENABLE[32] ; 14.982 ; 14.535 ; 14.535 ; 14.982 ;
; MODE[0]    ; POP_ENABLE[33] ; 14.802 ; 14.355 ; 14.355 ; 14.802 ;
; MODE[0]    ; POP_ENABLE[34] ; 15.481 ; 15.006 ; 15.006 ; 15.481 ;
; MODE[0]    ; POP_ENABLE[35] ; 15.743 ; 14.964 ; 14.964 ; 15.743 ;
; MODE[0]    ; POP_ENABLE[36] ; 15.845 ; 15.370 ; 15.370 ; 15.845 ;
; MODE[0]    ; POP_ENABLE[37] ; 15.250 ; 14.332 ; 14.332 ; 15.250 ;
; MODE[0]    ; POP_ENABLE[38] ; 15.195 ; 14.726 ; 14.726 ; 15.195 ;
; MODE[0]    ; POP_ENABLE[39] ; 14.730 ; 13.853 ; 13.853 ; 14.730 ;
; MODE[0]    ; POP_ENABLE[40] ; 15.561 ; 15.086 ; 15.086 ; 15.561 ;
; MODE[0]    ; POP_ENABLE[41] ; 15.136 ; 14.233 ; 14.233 ; 15.136 ;
; MODE[0]    ; POP_ENABLE[42] ; 15.448 ; 14.973 ; 14.973 ; 15.448 ;
; MODE[0]    ; POP_ENABLE[43] ; 15.582 ; 14.804 ; 14.804 ; 15.582 ;
; MODE[0]    ; POP_ENABLE[44] ; 15.626 ; 15.151 ; 15.151 ; 15.626 ;
; MODE[0]    ; POP_ENABLE[45] ; 15.371 ; 14.924 ; 14.924 ; 15.371 ;
; MODE[0]    ; POP_ENABLE[46] ; 14.489 ; 14.042 ; 14.042 ; 14.489 ;
; MODE[0]    ; POP_ENABLE[47] ; 14.692 ; 13.536 ; 13.536 ; 14.692 ;
; MODE[0]    ; POP_ENABLE[48] ; 14.219 ; 13.772 ; 13.772 ; 14.219 ;
; MODE[0]    ; POP_ENABLE[49] ; 15.274 ; 14.356 ; 14.356 ; 15.274 ;
; MODE[0]    ; POP_ENABLE[50] ; 14.657 ; 14.182 ; 14.182 ; 14.657 ;
; MODE[0]    ; POP_ENABLE[51] ; 14.710 ; 13.934 ; 13.934 ; 14.710 ;
; MODE[1]    ; INIT           ;        ; 7.683  ; 7.683  ;        ;
; MODE[1]    ; POP            ; 7.790  ;        ;        ; 7.790  ;
; MODE[1]    ; POP_ENABLE[0]  ; 12.619 ; 13.066 ; 13.066 ; 12.619 ;
; MODE[1]    ; POP_ENABLE[1]  ; 11.828 ; 12.264 ; 12.264 ; 11.828 ;
; MODE[1]    ; POP_ENABLE[2]  ; 13.515 ; 13.990 ; 13.990 ; 13.515 ;
; MODE[1]    ; POP_ENABLE[3]  ; 12.200 ; 13.191 ; 13.191 ; 12.200 ;
; MODE[1]    ; POP_ENABLE[4]  ; 13.521 ; 13.996 ; 13.996 ; 13.521 ;
; MODE[1]    ; POP_ENABLE[5]  ; 13.156 ; 14.074 ; 14.074 ; 13.156 ;
; MODE[1]    ; POP_ENABLE[6]  ; 13.541 ; 14.010 ; 14.010 ; 13.541 ;
; MODE[1]    ; POP_ENABLE[7]  ; 11.447 ; 12.554 ; 12.554 ; 11.447 ;
; MODE[1]    ; POP_ENABLE[8]  ; 14.138 ; 14.613 ; 14.613 ; 14.138 ;
; MODE[1]    ; POP_ENABLE[9]  ; 12.881 ; 13.784 ; 13.784 ; 12.881 ;
; MODE[1]    ; POP_ENABLE[10] ; 14.112 ; 14.587 ; 14.587 ; 14.112 ;
; MODE[1]    ; POP_ENABLE[11] ; 12.996 ; 13.689 ; 13.689 ; 12.996 ;
; MODE[1]    ; POP_ENABLE[12] ; 12.781 ; 13.256 ; 13.256 ; 12.781 ;
; MODE[1]    ; POP_ENABLE[13] ; 12.373 ; 12.820 ; 12.820 ; 12.373 ;
; MODE[1]    ; POP_ENABLE[14] ; 12.310 ; 12.757 ; 12.757 ; 12.310 ;
; MODE[1]    ; POP_ENABLE[15] ; 9.467  ; 10.574 ; 10.574 ; 9.467  ;
; MODE[1]    ; POP_ENABLE[16] ; 14.597 ; 15.044 ; 15.044 ; 14.597 ;
; MODE[1]    ; POP_ENABLE[17] ; 12.612 ; 13.530 ; 13.530 ; 12.612 ;
; MODE[1]    ; POP_ENABLE[18] ; 14.337 ; 14.812 ; 14.812 ; 14.337 ;
; MODE[1]    ; POP_ENABLE[19] ; 11.972 ; 12.874 ; 12.874 ; 11.972 ;
; MODE[1]    ; POP_ENABLE[20] ; 14.340 ; 14.815 ; 14.815 ; 14.340 ;
; MODE[1]    ; POP_ENABLE[21] ; 12.922 ; 13.818 ; 13.818 ; 12.922 ;
; MODE[1]    ; POP_ENABLE[22] ; 12.937 ; 13.406 ; 13.406 ; 12.937 ;
; MODE[1]    ; POP_ENABLE[23] ; 11.535 ; 12.423 ; 12.423 ; 11.535 ;
; MODE[1]    ; POP_ENABLE[24] ; 13.133 ; 13.608 ; 13.608 ; 13.133 ;
; MODE[1]    ; POP_ENABLE[25] ; 12.910 ; 13.813 ; 13.813 ; 12.910 ;
; MODE[1]    ; POP_ENABLE[26] ; 12.684 ; 13.159 ; 13.159 ; 12.684 ;
; MODE[1]    ; POP_ENABLE[27] ; 11.021 ; 11.912 ; 11.912 ; 11.021 ;
; MODE[1]    ; POP_ENABLE[28] ; 13.356 ; 13.831 ; 13.831 ; 13.356 ;
; MODE[1]    ; POP_ENABLE[29] ; 13.456 ; 14.075 ; 14.075 ; 13.456 ;
; MODE[1]    ; POP_ENABLE[30] ; 12.953 ; 13.572 ; 13.572 ; 12.953 ;
; MODE[1]    ; POP_ENABLE[31] ; 10.145 ; 10.587 ; 10.587 ; 10.145 ;
; MODE[1]    ; POP_ENABLE[32] ; 12.814 ; 13.261 ; 13.261 ; 12.814 ;
; MODE[1]    ; POP_ENABLE[33] ; 12.634 ; 13.081 ; 13.081 ; 12.634 ;
; MODE[1]    ; POP_ENABLE[34] ; 13.285 ; 13.760 ; 13.760 ; 13.285 ;
; MODE[1]    ; POP_ENABLE[35] ; 13.243 ; 14.022 ; 14.022 ; 13.243 ;
; MODE[1]    ; POP_ENABLE[36] ; 13.649 ; 14.124 ; 14.124 ; 13.649 ;
; MODE[1]    ; POP_ENABLE[37] ; 12.611 ; 13.529 ; 13.529 ; 12.611 ;
; MODE[1]    ; POP_ENABLE[38] ; 13.005 ; 13.474 ; 13.474 ; 13.005 ;
; MODE[1]    ; POP_ENABLE[39] ; 12.132 ; 13.009 ; 13.009 ; 12.132 ;
; MODE[1]    ; POP_ENABLE[40] ; 13.365 ; 13.840 ; 13.840 ; 13.365 ;
; MODE[1]    ; POP_ENABLE[41] ; 12.512 ; 13.415 ; 13.415 ; 12.512 ;
; MODE[1]    ; POP_ENABLE[42] ; 13.252 ; 13.727 ; 13.727 ; 13.252 ;
; MODE[1]    ; POP_ENABLE[43] ; 13.083 ; 13.861 ; 13.861 ; 13.083 ;
; MODE[1]    ; POP_ENABLE[44] ; 13.430 ; 13.905 ; 13.905 ; 13.430 ;
; MODE[1]    ; POP_ENABLE[45] ; 13.203 ; 13.650 ; 13.650 ; 13.203 ;
; MODE[1]    ; POP_ENABLE[46] ; 12.321 ; 12.768 ; 12.768 ; 12.321 ;
; MODE[1]    ; POP_ENABLE[47] ; 11.815 ; 12.971 ; 12.971 ; 11.815 ;
; MODE[1]    ; POP_ENABLE[48] ; 12.051 ; 12.498 ; 12.498 ; 12.051 ;
; MODE[1]    ; POP_ENABLE[49] ; 12.635 ; 13.553 ; 13.553 ; 12.635 ;
; MODE[1]    ; POP_ENABLE[50] ; 12.461 ; 12.936 ; 12.936 ; 12.461 ;
; MODE[1]    ; POP_ENABLE[51] ; 12.213 ; 12.989 ; 12.989 ; 12.213 ;
+------------+----------------+--------+--------+--------+--------+


+-----------------------------------------------------------------+
; Minimum Propagation Delay                                       ;
+------------+----------------+--------+--------+--------+--------+
; Input Port ; Output Port    ; RR     ; RF     ; FR     ; FF     ;
+------------+----------------+--------+--------+--------+--------+
; MODE[0]    ; INIT           ; 9.403  ;        ;        ; 9.403  ;
; MODE[0]    ; POP            ; 8.057  ;        ;        ; 8.057  ;
; MODE[0]    ; POP_ENABLE[0]  ; 12.891 ; 12.891 ; 12.891 ; 12.891 ;
; MODE[0]    ; POP_ENABLE[1]  ; 12.302 ; 12.302 ; 12.302 ; 12.302 ;
; MODE[0]    ; POP_ENABLE[2]  ; 13.684 ; 13.684 ; 13.684 ; 13.684 ;
; MODE[0]    ; POP_ENABLE[3]  ; 12.860 ; 12.860 ; 12.860 ; 12.860 ;
; MODE[0]    ; POP_ENABLE[4]  ; 13.440 ; 13.440 ; 13.440 ; 13.440 ;
; MODE[0]    ; POP_ENABLE[5]  ; 11.980 ; 11.980 ; 11.980 ; 11.980 ;
; MODE[0]    ; POP_ENABLE[6]  ; 13.993 ; 13.993 ; 13.993 ; 13.993 ;
; MODE[0]    ; POP_ENABLE[7]  ; 11.977 ; 11.977 ; 11.977 ; 11.977 ;
; MODE[0]    ; POP_ENABLE[8]  ; 14.053 ; 14.053 ; 14.053 ; 14.053 ;
; MODE[0]    ; POP_ENABLE[9]  ; 11.951 ; 11.951 ; 11.951 ; 11.951 ;
; MODE[0]    ; POP_ENABLE[10] ; 13.896 ; 13.896 ; 13.896 ; 13.896 ;
; MODE[0]    ; POP_ENABLE[11] ; 13.433 ; 13.433 ; 13.433 ; 13.433 ;
; MODE[0]    ; POP_ENABLE[12] ; 13.083 ; 13.083 ; 13.083 ; 13.083 ;
; MODE[0]    ; POP_ENABLE[13] ; 10.251 ; 10.251 ; 10.251 ; 10.251 ;
; MODE[0]    ; POP_ENABLE[14] ; 12.300 ; 12.300 ; 12.300 ; 12.300 ;
; MODE[0]    ; POP_ENABLE[15] ; 11.139 ; 11.139 ; 11.139 ; 11.139 ;
; MODE[0]    ; POP_ENABLE[16] ; 14.853 ; 14.853 ; 14.853 ; 14.853 ;
; MODE[0]    ; POP_ENABLE[17] ; 11.424 ; 11.424 ; 11.424 ; 11.424 ;
; MODE[0]    ; POP_ENABLE[18] ; 14.100 ; 14.100 ; 14.100 ; 14.100 ;
; MODE[0]    ; POP_ENABLE[19] ; 12.842 ; 12.842 ; 12.842 ; 12.842 ;
; MODE[0]    ; POP_ENABLE[20] ; 14.120 ; 14.120 ; 14.120 ; 14.120 ;
; MODE[0]    ; POP_ENABLE[21] ; 11.995 ; 11.995 ; 11.995 ; 11.995 ;
; MODE[0]    ; POP_ENABLE[22] ; 13.382 ; 13.382 ; 13.382 ; 13.382 ;
; MODE[0]    ; POP_ENABLE[23] ; 12.415 ; 12.415 ; 12.415 ; 12.415 ;
; MODE[0]    ; POP_ENABLE[24] ; 13.710 ; 13.710 ; 13.710 ; 13.710 ;
; MODE[0]    ; POP_ENABLE[25] ; 12.045 ; 12.045 ; 12.045 ; 12.045 ;
; MODE[0]    ; POP_ENABLE[26] ; 12.332 ; 12.332 ; 12.332 ; 12.332 ;
; MODE[0]    ; POP_ENABLE[27] ; 11.880 ; 11.880 ; 11.880 ; 11.880 ;
; MODE[0]    ; POP_ENABLE[28] ; 13.426 ; 13.426 ; 13.426 ; 13.426 ;
; MODE[0]    ; POP_ENABLE[29] ; 11.812 ; 11.812 ; 11.812 ; 11.812 ;
; MODE[0]    ; POP_ENABLE[30] ; 12.953 ; 12.953 ; 12.953 ; 12.953 ;
; MODE[0]    ; POP_ENABLE[31] ; 11.152 ; 11.152 ; 11.152 ; 11.152 ;
; MODE[0]    ; POP_ENABLE[32] ; 12.794 ; 12.794 ; 12.794 ; 12.794 ;
; MODE[0]    ; POP_ENABLE[33] ; 12.609 ; 12.609 ; 12.609 ; 12.609 ;
; MODE[0]    ; POP_ENABLE[34] ; 13.153 ; 13.153 ; 13.153 ; 13.153 ;
; MODE[0]    ; POP_ENABLE[35] ; 13.676 ; 13.676 ; 13.676 ; 13.676 ;
; MODE[0]    ; POP_ENABLE[36] ; 13.242 ; 13.242 ; 13.242 ; 13.242 ;
; MODE[0]    ; POP_ENABLE[37] ; 11.372 ; 11.372 ; 11.372 ; 11.372 ;
; MODE[0]    ; POP_ENABLE[38] ; 13.449 ; 13.449 ; 13.449 ; 13.449 ;
; MODE[0]    ; POP_ENABLE[39] ; 12.956 ; 12.956 ; 12.956 ; 12.956 ;
; MODE[0]    ; POP_ENABLE[40] ; 12.951 ; 12.951 ; 12.951 ; 12.951 ;
; MODE[0]    ; POP_ENABLE[41] ; 11.561 ; 11.561 ; 11.561 ; 11.561 ;
; MODE[0]    ; POP_ENABLE[42] ; 12.889 ; 12.889 ; 12.889 ; 12.889 ;
; MODE[0]    ; POP_ENABLE[43] ; 13.517 ; 13.517 ; 13.517 ; 13.517 ;
; MODE[0]    ; POP_ENABLE[44] ; 13.754 ; 13.754 ; 13.754 ; 13.754 ;
; MODE[0]    ; POP_ENABLE[45] ; 11.080 ; 11.080 ; 11.080 ; 11.080 ;
; MODE[0]    ; POP_ENABLE[46] ; 12.291 ; 12.291 ; 12.291 ; 12.291 ;
; MODE[0]    ; POP_ENABLE[47] ; 11.238 ; 11.746 ; 11.746 ; 11.238 ;
; MODE[0]    ; POP_ENABLE[48] ; 12.011 ; 12.011 ; 12.011 ; 12.011 ;
; MODE[0]    ; POP_ENABLE[49] ; 11.380 ; 11.380 ; 11.380 ; 11.380 ;
; MODE[0]    ; POP_ENABLE[50] ; 12.299 ; 12.299 ; 12.299 ; 12.299 ;
; MODE[0]    ; POP_ENABLE[51] ; 12.651 ; 12.651 ; 12.651 ; 12.651 ;
; MODE[1]    ; INIT           ;        ; 7.683  ; 7.683  ;        ;
; MODE[1]    ; POP            ; 7.790  ;        ;        ; 7.790  ;
; MODE[1]    ; POP_ENABLE[0]  ; 11.170 ; 11.170 ; 11.170 ; 11.170 ;
; MODE[1]    ; POP_ENABLE[1]  ; 10.581 ; 10.581 ; 10.581 ; 10.581 ;
; MODE[1]    ; POP_ENABLE[2]  ; 11.963 ; 11.963 ; 11.963 ; 11.963 ;
; MODE[1]    ; POP_ENABLE[3]  ; 11.139 ; 11.139 ; 11.139 ; 11.139 ;
; MODE[1]    ; POP_ENABLE[4]  ; 11.719 ; 11.719 ; 11.719 ; 11.719 ;
; MODE[1]    ; POP_ENABLE[5]  ; 10.259 ; 10.259 ; 10.259 ; 10.259 ;
; MODE[1]    ; POP_ENABLE[6]  ; 12.272 ; 12.272 ; 12.272 ; 12.272 ;
; MODE[1]    ; POP_ENABLE[7]  ; 10.256 ; 10.256 ; 10.256 ; 10.256 ;
; MODE[1]    ; POP_ENABLE[8]  ; 12.332 ; 12.332 ; 12.332 ; 12.332 ;
; MODE[1]    ; POP_ENABLE[9]  ; 10.230 ; 10.230 ; 10.230 ; 10.230 ;
; MODE[1]    ; POP_ENABLE[10] ; 12.175 ; 12.175 ; 12.175 ; 12.175 ;
; MODE[1]    ; POP_ENABLE[11] ; 11.712 ; 11.712 ; 11.712 ; 11.712 ;
; MODE[1]    ; POP_ENABLE[12] ; 11.362 ; 11.362 ; 11.362 ; 11.362 ;
; MODE[1]    ; POP_ENABLE[13] ; 8.530  ; 8.530  ; 8.530  ; 8.530  ;
; MODE[1]    ; POP_ENABLE[14] ; 10.579 ; 10.579 ; 10.579 ; 10.579 ;
; MODE[1]    ; POP_ENABLE[15] ; 9.418  ; 9.418  ; 9.418  ; 9.418  ;
; MODE[1]    ; POP_ENABLE[16] ; 13.132 ; 13.132 ; 13.132 ; 13.132 ;
; MODE[1]    ; POP_ENABLE[17] ; 9.703  ; 9.703  ; 9.703  ; 9.703  ;
; MODE[1]    ; POP_ENABLE[18] ; 12.379 ; 12.379 ; 12.379 ; 12.379 ;
; MODE[1]    ; POP_ENABLE[19] ; 11.121 ; 11.121 ; 11.121 ; 11.121 ;
; MODE[1]    ; POP_ENABLE[20] ; 12.399 ; 12.399 ; 12.399 ; 12.399 ;
; MODE[1]    ; POP_ENABLE[21] ; 10.274 ; 10.274 ; 10.274 ; 10.274 ;
; MODE[1]    ; POP_ENABLE[22] ; 11.661 ; 11.661 ; 11.661 ; 11.661 ;
; MODE[1]    ; POP_ENABLE[23] ; 10.694 ; 10.694 ; 10.694 ; 10.694 ;
; MODE[1]    ; POP_ENABLE[24] ; 11.989 ; 11.989 ; 11.989 ; 11.989 ;
; MODE[1]    ; POP_ENABLE[25] ; 10.324 ; 10.324 ; 10.324 ; 10.324 ;
; MODE[1]    ; POP_ENABLE[26] ; 10.611 ; 10.611 ; 10.611 ; 10.611 ;
; MODE[1]    ; POP_ENABLE[27] ; 10.159 ; 10.159 ; 10.159 ; 10.159 ;
; MODE[1]    ; POP_ENABLE[28] ; 11.705 ; 11.705 ; 11.705 ; 11.705 ;
; MODE[1]    ; POP_ENABLE[29] ; 10.091 ; 10.091 ; 10.091 ; 10.091 ;
; MODE[1]    ; POP_ENABLE[30] ; 11.232 ; 11.232 ; 11.232 ; 11.232 ;
; MODE[1]    ; POP_ENABLE[31] ; 9.431  ; 9.431  ; 9.431  ; 9.431  ;
; MODE[1]    ; POP_ENABLE[32] ; 11.073 ; 11.073 ; 11.073 ; 11.073 ;
; MODE[1]    ; POP_ENABLE[33] ; 10.888 ; 10.888 ; 10.888 ; 10.888 ;
; MODE[1]    ; POP_ENABLE[34] ; 11.432 ; 11.432 ; 11.432 ; 11.432 ;
; MODE[1]    ; POP_ENABLE[35] ; 11.955 ; 11.955 ; 11.955 ; 11.955 ;
; MODE[1]    ; POP_ENABLE[36] ; 11.521 ; 11.521 ; 11.521 ; 11.521 ;
; MODE[1]    ; POP_ENABLE[37] ; 9.651  ; 9.651  ; 9.651  ; 9.651  ;
; MODE[1]    ; POP_ENABLE[38] ; 11.728 ; 11.728 ; 11.728 ; 11.728 ;
; MODE[1]    ; POP_ENABLE[39] ; 11.235 ; 11.235 ; 11.235 ; 11.235 ;
; MODE[1]    ; POP_ENABLE[40] ; 11.230 ; 11.230 ; 11.230 ; 11.230 ;
; MODE[1]    ; POP_ENABLE[41] ; 9.840  ; 9.840  ; 9.840  ; 9.840  ;
; MODE[1]    ; POP_ENABLE[42] ; 11.168 ; 11.168 ; 11.168 ; 11.168 ;
; MODE[1]    ; POP_ENABLE[43] ; 11.796 ; 11.796 ; 11.796 ; 11.796 ;
; MODE[1]    ; POP_ENABLE[44] ; 12.033 ; 12.033 ; 12.033 ; 12.033 ;
; MODE[1]    ; POP_ENABLE[45] ; 9.359  ; 9.359  ; 9.359  ; 9.359  ;
; MODE[1]    ; POP_ENABLE[46] ; 10.570 ; 10.570 ; 10.570 ; 10.570 ;
; MODE[1]    ; POP_ENABLE[47] ; 10.025 ; 9.517  ; 9.517  ; 10.025 ;
; MODE[1]    ; POP_ENABLE[48] ; 10.290 ; 10.290 ; 10.290 ; 10.290 ;
; MODE[1]    ; POP_ENABLE[49] ; 9.659  ; 9.659  ; 9.659  ; 9.659  ;
; MODE[1]    ; POP_ENABLE[50] ; 10.578 ; 10.578 ; 10.578 ; 10.578 ;
; MODE[1]    ; POP_ENABLE[51] ; 10.930 ; 10.930 ; 10.930 ; 10.930 ;
+------------+----------------+--------+--------+--------+--------+


----------------------------
; Fast Model Setup Summary ;
----------------------------
No paths to report.


---------------------------
; Fast Model Hold Summary ;
---------------------------
No paths to report.


-------------------------------
; Fast Model Recovery Summary ;
-------------------------------
No paths to report.


------------------------------
; Fast Model Removal Summary ;
------------------------------
No paths to report.


+----------------------------------------------+
; Fast Model Minimum Pulse Width Summary       ;
+---------------------+--------+---------------+
; Clock               ; Slack  ; End Point TNS ;
+---------------------+--------+---------------+
; altera_reserved_tck ; 97.778 ; 0.000         ;
+---------------------+--------+---------------+


+-------------------------------------------------------------------------------------------------------------+
; Fast Model Minimum Pulse Width: 'altera_reserved_tck'                                                       ;
+--------+--------------+----------------+-----------+---------------------+------------+---------------------+
; Slack  ; Actual Width ; Required Width ; Type      ; Clock               ; Clock Edge ; Target              ;
+--------+--------------+----------------+-----------+---------------------+------------+---------------------+
; 97.778 ; 100.000      ; 2.222          ; Port Rate ; altera_reserved_tck ; Rise       ; altera_reserved_tck ;
+--------+--------------+----------------+-----------+---------------------+------------+---------------------+


+-------------------------------------------------------------+
; Propagation Delay                                           ;
+------------+----------------+-------+-------+-------+-------+
; Input Port ; Output Port    ; RR    ; RF    ; FR    ; FF    ;
+------------+----------------+-------+-------+-------+-------+
; MODE[0]    ; INIT           ; 4.254 ;       ;       ; 4.254 ;
; MODE[0]    ; POP            ; 3.583 ;       ;       ; 3.583 ;
; MODE[0]    ; POP_ENABLE[0]  ; 6.217 ; 6.073 ; 6.073 ; 6.217 ;
; MODE[0]    ; POP_ENABLE[1]  ; 5.914 ; 5.772 ; 5.772 ; 5.914 ;
; MODE[0]    ; POP_ENABLE[2]  ; 6.545 ; 6.376 ; 6.376 ; 6.545 ;
; MODE[0]    ; POP_ENABLE[3]  ; 6.330 ; 5.968 ; 5.968 ; 6.330 ;
; MODE[0]    ; POP_ENABLE[4]  ; 6.681 ; 6.512 ; 6.512 ; 6.681 ;
; MODE[0]    ; POP_ENABLE[5]  ; 6.651 ; 6.317 ; 6.317 ; 6.651 ;
; MODE[0]    ; POP_ENABLE[6]  ; 6.581 ; 6.436 ; 6.436 ; 6.581 ;
; MODE[0]    ; POP_ENABLE[7]  ; 6.109 ; 5.703 ; 5.703 ; 6.109 ;
; MODE[0]    ; POP_ENABLE[8]  ; 6.863 ; 6.694 ; 6.694 ; 6.863 ;
; MODE[0]    ; POP_ENABLE[9]  ; 6.531 ; 6.216 ; 6.216 ; 6.531 ;
; MODE[0]    ; POP_ENABLE[10] ; 6.880 ; 6.711 ; 6.711 ; 6.880 ;
; MODE[0]    ; POP_ENABLE[11] ; 6.493 ; 6.272 ; 6.272 ; 6.493 ;
; MODE[0]    ; POP_ENABLE[12] ; 6.325 ; 6.156 ; 6.156 ; 6.325 ;
; MODE[0]    ; POP_ENABLE[13] ; 6.126 ; 5.982 ; 5.982 ; 6.126 ;
; MODE[0]    ; POP_ENABLE[14] ; 6.155 ; 6.011 ; 6.011 ; 6.155 ;
; MODE[0]    ; POP_ENABLE[15] ; 5.346 ; 4.940 ; 4.940 ; 5.346 ;
; MODE[0]    ; POP_ENABLE[16] ; 7.232 ; 7.088 ; 7.088 ; 7.232 ;
; MODE[0]    ; POP_ENABLE[17] ; 6.368 ; 6.030 ; 6.030 ; 6.368 ;
; MODE[0]    ; POP_ENABLE[18] ; 6.950 ; 6.781 ; 6.781 ; 6.950 ;
; MODE[0]    ; POP_ENABLE[19] ; 6.112 ; 5.796 ; 5.796 ; 6.112 ;
; MODE[0]    ; POP_ENABLE[20] ; 6.859 ; 6.692 ; 6.692 ; 6.859 ;
; MODE[0]    ; POP_ENABLE[21] ; 6.454 ; 6.135 ; 6.135 ; 6.454 ;
; MODE[0]    ; POP_ENABLE[22] ; 6.405 ; 6.260 ; 6.260 ; 6.405 ;
; MODE[0]    ; POP_ENABLE[23] ; 6.014 ; 5.707 ; 5.707 ; 6.014 ;
; MODE[0]    ; POP_ENABLE[24] ; 6.402 ; 6.233 ; 6.233 ; 6.402 ;
; MODE[0]    ; POP_ENABLE[25] ; 6.479 ; 6.158 ; 6.158 ; 6.479 ;
; MODE[0]    ; POP_ENABLE[26] ; 6.257 ; 6.088 ; 6.088 ; 6.257 ;
; MODE[0]    ; POP_ENABLE[27] ; 5.828 ; 5.516 ; 5.516 ; 5.828 ;
; MODE[0]    ; POP_ENABLE[28] ; 6.444 ; 6.275 ; 6.275 ; 6.444 ;
; MODE[0]    ; POP_ENABLE[29] ; 6.590 ; 6.355 ; 6.355 ; 6.590 ;
; MODE[0]    ; POP_ENABLE[30] ; 6.366 ; 6.131 ; 6.131 ; 6.366 ;
; MODE[0]    ; POP_ENABLE[31] ; 5.334 ; 5.172 ; 5.172 ; 5.334 ;
; MODE[0]    ; POP_ENABLE[32] ; 6.366 ; 6.222 ; 6.222 ; 6.366 ;
; MODE[0]    ; POP_ENABLE[33] ; 6.188 ; 6.044 ; 6.044 ; 6.188 ;
; MODE[0]    ; POP_ENABLE[34] ; 6.518 ; 6.349 ; 6.349 ; 6.518 ;
; MODE[0]    ; POP_ENABLE[35] ; 6.569 ; 6.347 ; 6.347 ; 6.569 ;
; MODE[0]    ; POP_ENABLE[36] ; 6.553 ; 6.384 ; 6.384 ; 6.553 ;
; MODE[0]    ; POP_ENABLE[37] ; 6.387 ; 6.053 ; 6.053 ; 6.387 ;
; MODE[0]    ; POP_ENABLE[38] ; 6.272 ; 6.127 ; 6.127 ; 6.272 ;
; MODE[0]    ; POP_ENABLE[39] ; 6.234 ; 5.934 ; 5.934 ; 6.234 ;
; MODE[0]    ; POP_ENABLE[40] ; 6.549 ; 6.380 ; 6.380 ; 6.549 ;
; MODE[0]    ; POP_ENABLE[41] ; 6.375 ; 6.060 ; 6.060 ; 6.375 ;
; MODE[0]    ; POP_ENABLE[42] ; 6.484 ; 6.315 ; 6.315 ; 6.484 ;
; MODE[0]    ; POP_ENABLE[43] ; 6.614 ; 6.387 ; 6.387 ; 6.614 ;
; MODE[0]    ; POP_ENABLE[44] ; 6.518 ; 6.349 ; 6.349 ; 6.518 ;
; MODE[0]    ; POP_ENABLE[45] ; 6.458 ; 6.314 ; 6.314 ; 6.458 ;
; MODE[0]    ; POP_ENABLE[46] ; 6.130 ; 5.986 ; 5.986 ; 6.130 ;
; MODE[0]    ; POP_ENABLE[47] ; 6.219 ; 5.813 ; 5.813 ; 6.219 ;
; MODE[0]    ; POP_ENABLE[48] ; 6.057 ; 5.913 ; 5.913 ; 6.057 ;
; MODE[0]    ; POP_ENABLE[49] ; 6.427 ; 6.089 ; 6.089 ; 6.427 ;
; MODE[0]    ; POP_ENABLE[50] ; 6.210 ; 6.041 ; 6.041 ; 6.210 ;
; MODE[0]    ; POP_ENABLE[51] ; 6.221 ; 5.994 ; 5.994 ; 6.221 ;
; MODE[1]    ; INIT           ;       ; 3.557 ; 3.557 ;       ;
; MODE[1]    ; POP            ; 3.495 ;       ;       ; 3.495 ;
; MODE[1]    ; POP_ENABLE[0]  ; 5.376 ; 5.516 ; 5.516 ; 5.376 ;
; MODE[1]    ; POP_ENABLE[1]  ; 5.075 ; 5.213 ; 5.213 ; 5.075 ;
; MODE[1]    ; POP_ENABLE[2]  ; 5.679 ; 5.844 ; 5.844 ; 5.679 ;
; MODE[1]    ; POP_ENABLE[3]  ; 5.271 ; 5.629 ; 5.629 ; 5.271 ;
; MODE[1]    ; POP_ENABLE[4]  ; 5.815 ; 5.980 ; 5.980 ; 5.815 ;
; MODE[1]    ; POP_ENABLE[5]  ; 5.620 ; 5.950 ; 5.950 ; 5.620 ;
; MODE[1]    ; POP_ENABLE[6]  ; 5.739 ; 5.880 ; 5.880 ; 5.739 ;
; MODE[1]    ; POP_ENABLE[7]  ; 5.006 ; 5.408 ; 5.408 ; 5.006 ;
; MODE[1]    ; POP_ENABLE[8]  ; 5.997 ; 6.162 ; 6.162 ; 5.997 ;
; MODE[1]    ; POP_ENABLE[9]  ; 5.519 ; 5.830 ; 5.830 ; 5.519 ;
; MODE[1]    ; POP_ENABLE[10] ; 6.014 ; 6.179 ; 6.179 ; 6.014 ;
; MODE[1]    ; POP_ENABLE[11] ; 5.575 ; 5.792 ; 5.792 ; 5.575 ;
; MODE[1]    ; POP_ENABLE[12] ; 5.459 ; 5.624 ; 5.624 ; 5.459 ;
; MODE[1]    ; POP_ENABLE[13] ; 5.285 ; 5.425 ; 5.425 ; 5.285 ;
; MODE[1]    ; POP_ENABLE[14] ; 5.314 ; 5.454 ; 5.454 ; 5.314 ;
; MODE[1]    ; POP_ENABLE[15] ; 4.243 ; 4.645 ; 4.645 ; 4.243 ;
; MODE[1]    ; POP_ENABLE[16] ; 6.391 ; 6.531 ; 6.531 ; 6.391 ;
; MODE[1]    ; POP_ENABLE[17] ; 5.333 ; 5.667 ; 5.667 ; 5.333 ;
; MODE[1]    ; POP_ENABLE[18] ; 6.084 ; 6.249 ; 6.249 ; 6.084 ;
; MODE[1]    ; POP_ENABLE[19] ; 5.099 ; 5.411 ; 5.411 ; 5.099 ;
; MODE[1]    ; POP_ENABLE[20] ; 5.995 ; 6.158 ; 6.158 ; 5.995 ;
; MODE[1]    ; POP_ENABLE[21] ; 5.438 ; 5.753 ; 5.753 ; 5.438 ;
; MODE[1]    ; POP_ENABLE[22] ; 5.563 ; 5.704 ; 5.704 ; 5.563 ;
; MODE[1]    ; POP_ENABLE[23] ; 5.010 ; 5.313 ; 5.313 ; 5.010 ;
; MODE[1]    ; POP_ENABLE[24] ; 5.536 ; 5.701 ; 5.701 ; 5.536 ;
; MODE[1]    ; POP_ENABLE[25] ; 5.461 ; 5.778 ; 5.778 ; 5.461 ;
; MODE[1]    ; POP_ENABLE[26] ; 5.391 ; 5.556 ; 5.556 ; 5.391 ;
; MODE[1]    ; POP_ENABLE[27] ; 4.819 ; 5.127 ; 5.127 ; 4.819 ;
; MODE[1]    ; POP_ENABLE[28] ; 5.578 ; 5.743 ; 5.743 ; 5.578 ;
; MODE[1]    ; POP_ENABLE[29] ; 5.658 ; 5.889 ; 5.889 ; 5.658 ;
; MODE[1]    ; POP_ENABLE[30] ; 5.434 ; 5.665 ; 5.665 ; 5.434 ;
; MODE[1]    ; POP_ENABLE[31] ; 4.475 ; 4.633 ; 4.633 ; 4.475 ;
; MODE[1]    ; POP_ENABLE[32] ; 5.525 ; 5.665 ; 5.665 ; 5.525 ;
; MODE[1]    ; POP_ENABLE[33] ; 5.347 ; 5.487 ; 5.487 ; 5.347 ;
; MODE[1]    ; POP_ENABLE[34] ; 5.652 ; 5.817 ; 5.817 ; 5.652 ;
; MODE[1]    ; POP_ENABLE[35] ; 5.650 ; 5.868 ; 5.868 ; 5.650 ;
; MODE[1]    ; POP_ENABLE[36] ; 5.687 ; 5.852 ; 5.852 ; 5.687 ;
; MODE[1]    ; POP_ENABLE[37] ; 5.356 ; 5.686 ; 5.686 ; 5.356 ;
; MODE[1]    ; POP_ENABLE[38] ; 5.430 ; 5.571 ; 5.571 ; 5.430 ;
; MODE[1]    ; POP_ENABLE[39] ; 5.237 ; 5.533 ; 5.533 ; 5.237 ;
; MODE[1]    ; POP_ENABLE[40] ; 5.683 ; 5.848 ; 5.848 ; 5.683 ;
; MODE[1]    ; POP_ENABLE[41] ; 5.363 ; 5.674 ; 5.674 ; 5.363 ;
; MODE[1]    ; POP_ENABLE[42] ; 5.618 ; 5.783 ; 5.783 ; 5.618 ;
; MODE[1]    ; POP_ENABLE[43] ; 5.690 ; 5.913 ; 5.913 ; 5.690 ;
; MODE[1]    ; POP_ENABLE[44] ; 5.652 ; 5.817 ; 5.817 ; 5.652 ;
; MODE[1]    ; POP_ENABLE[45] ; 5.617 ; 5.757 ; 5.757 ; 5.617 ;
; MODE[1]    ; POP_ENABLE[46] ; 5.289 ; 5.429 ; 5.429 ; 5.289 ;
; MODE[1]    ; POP_ENABLE[47] ; 5.116 ; 5.518 ; 5.518 ; 5.116 ;
; MODE[1]    ; POP_ENABLE[48] ; 5.216 ; 5.356 ; 5.356 ; 5.216 ;
; MODE[1]    ; POP_ENABLE[49] ; 5.392 ; 5.726 ; 5.726 ; 5.392 ;
; MODE[1]    ; POP_ENABLE[50] ; 5.344 ; 5.509 ; 5.509 ; 5.344 ;
; MODE[1]    ; POP_ENABLE[51] ; 5.297 ; 5.520 ; 5.520 ; 5.297 ;
+------------+----------------+-------+-------+-------+-------+


+-------------------------------------------------------------+
; Minimum Propagation Delay                                   ;
+------------+----------------+-------+-------+-------+-------+
; Input Port ; Output Port    ; RR    ; RF    ; FR    ; FF    ;
+------------+----------------+-------+-------+-------+-------+
; MODE[0]    ; INIT           ; 4.254 ;       ;       ; 4.254 ;
; MODE[0]    ; POP            ; 3.583 ;       ;       ; 3.583 ;
; MODE[0]    ; POP_ENABLE[0]  ; 5.569 ; 5.569 ; 5.569 ; 5.569 ;
; MODE[0]    ; POP_ENABLE[1]  ; 5.288 ; 5.288 ; 5.288 ; 5.288 ;
; MODE[0]    ; POP_ENABLE[2]  ; 5.811 ; 5.811 ; 5.811 ; 5.811 ;
; MODE[0]    ; POP_ENABLE[3]  ; 5.543 ; 5.543 ; 5.543 ; 5.543 ;
; MODE[0]    ; POP_ENABLE[4]  ; 5.870 ; 5.870 ; 5.870 ; 5.870 ;
; MODE[0]    ; POP_ENABLE[5]  ; 5.242 ; 5.242 ; 5.242 ; 5.242 ;
; MODE[0]    ; POP_ENABLE[6]  ; 5.936 ; 5.936 ; 5.936 ; 5.936 ;
; MODE[0]    ; POP_ENABLE[7]  ; 5.251 ; 5.251 ; 5.251 ; 5.251 ;
; MODE[0]    ; POP_ENABLE[8]  ; 6.056 ; 6.056 ; 6.056 ; 6.056 ;
; MODE[0]    ; POP_ENABLE[9]  ; 5.233 ; 5.233 ; 5.233 ; 5.233 ;
; MODE[0]    ; POP_ENABLE[10] ; 5.960 ; 5.960 ; 5.960 ; 5.960 ;
; MODE[0]    ; POP_ENABLE[11] ; 5.735 ; 5.735 ; 5.735 ; 5.735 ;
; MODE[0]    ; POP_ENABLE[12] ; 5.644 ; 5.644 ; 5.644 ; 5.644 ;
; MODE[0]    ; POP_ENABLE[13] ; 4.552 ; 4.552 ; 4.552 ; 4.552 ;
; MODE[0]    ; POP_ENABLE[14] ; 5.365 ; 5.365 ; 5.365 ; 5.365 ;
; MODE[0]    ; POP_ENABLE[15] ; 4.935 ; 4.935 ; 4.935 ; 4.935 ;
; MODE[0]    ; POP_ENABLE[16] ; 6.503 ; 6.503 ; 6.503 ; 6.503 ;
; MODE[0]    ; POP_ENABLE[17] ; 4.946 ; 4.946 ; 4.946 ; 4.946 ;
; MODE[0]    ; POP_ENABLE[18] ; 6.062 ; 6.062 ; 6.062 ; 6.062 ;
; MODE[0]    ; POP_ENABLE[19] ; 5.478 ; 5.478 ; 5.478 ; 5.478 ;
; MODE[0]    ; POP_ENABLE[20] ; 5.982 ; 5.982 ; 5.982 ; 5.982 ;
; MODE[0]    ; POP_ENABLE[21] ; 5.153 ; 5.153 ; 5.153 ; 5.153 ;
; MODE[0]    ; POP_ENABLE[22] ; 5.760 ; 5.760 ; 5.760 ; 5.760 ;
; MODE[0]    ; POP_ENABLE[23] ; 5.444 ; 5.444 ; 5.444 ; 5.444 ;
; MODE[0]    ; POP_ENABLE[24] ; 5.854 ; 5.854 ; 5.854 ; 5.854 ;
; MODE[0]    ; POP_ENABLE[25] ; 5.188 ; 5.188 ; 5.188 ; 5.188 ;
; MODE[0]    ; POP_ENABLE[26] ; 5.366 ; 5.366 ; 5.366 ; 5.366 ;
; MODE[0]    ; POP_ENABLE[27] ; 5.194 ; 5.194 ; 5.194 ; 5.194 ;
; MODE[0]    ; POP_ENABLE[28] ; 5.679 ; 5.679 ; 5.679 ; 5.679 ;
; MODE[0]    ; POP_ENABLE[29] ; 5.108 ; 5.108 ; 5.108 ; 5.108 ;
; MODE[0]    ; POP_ENABLE[30] ; 5.515 ; 5.515 ; 5.515 ; 5.515 ;
; MODE[0]    ; POP_ENABLE[31] ; 4.928 ; 4.928 ; 4.928 ; 4.928 ;
; MODE[0]    ; POP_ENABLE[32] ; 5.573 ; 5.573 ; 5.573 ; 5.573 ;
; MODE[0]    ; POP_ENABLE[33] ; 5.411 ; 5.411 ; 5.411 ; 5.411 ;
; MODE[0]    ; POP_ENABLE[34] ; 5.693 ; 5.693 ; 5.693 ; 5.693 ;
; MODE[0]    ; POP_ENABLE[35] ; 5.810 ; 5.810 ; 5.810 ; 5.810 ;
; MODE[0]    ; POP_ENABLE[36] ; 5.642 ; 5.642 ; 5.642 ; 5.642 ;
; MODE[0]    ; POP_ENABLE[37] ; 4.981 ; 4.981 ; 4.981 ; 4.981 ;
; MODE[0]    ; POP_ENABLE[38] ; 5.627 ; 5.627 ; 5.627 ; 5.627 ;
; MODE[0]    ; POP_ENABLE[39] ; 5.637 ; 5.637 ; 5.637 ; 5.637 ;
; MODE[0]    ; POP_ENABLE[40] ; 5.639 ; 5.639 ; 5.639 ; 5.639 ;
; MODE[0]    ; POP_ENABLE[41] ; 5.087 ; 5.087 ; 5.087 ; 5.087 ;
; MODE[0]    ; POP_ENABLE[42] ; 5.585 ; 5.585 ; 5.585 ; 5.585 ;
; MODE[0]    ; POP_ENABLE[43] ; 5.857 ; 5.857 ; 5.857 ; 5.857 ;
; MODE[0]    ; POP_ENABLE[44] ; 5.820 ; 5.820 ; 5.820 ; 5.820 ;
; MODE[0]    ; POP_ENABLE[45] ; 4.861 ; 4.861 ; 4.861 ; 4.861 ;
; MODE[0]    ; POP_ENABLE[46] ; 5.349 ; 5.349 ; 5.349 ; 5.349 ;
; MODE[0]    ; POP_ENABLE[47] ; 4.940 ; 5.124 ; 5.124 ; 4.940 ;
; MODE[0]    ; POP_ENABLE[48] ; 5.259 ; 5.259 ; 5.259 ; 5.259 ;
; MODE[0]    ; POP_ENABLE[49] ; 5.004 ; 5.004 ; 5.004 ; 5.004 ;
; MODE[0]    ; POP_ENABLE[50] ; 5.379 ; 5.379 ; 5.379 ; 5.379 ;
; MODE[0]    ; POP_ENABLE[51] ; 5.468 ; 5.468 ; 5.468 ; 5.468 ;
; MODE[1]    ; INIT           ;       ; 3.557 ; 3.557 ;       ;
; MODE[1]    ; POP            ; 3.495 ;       ;       ; 3.495 ;
; MODE[1]    ; POP_ENABLE[0]  ; 4.872 ; 4.872 ; 4.872 ; 4.872 ;
; MODE[1]    ; POP_ENABLE[1]  ; 4.591 ; 4.591 ; 4.591 ; 4.591 ;
; MODE[1]    ; POP_ENABLE[2]  ; 5.114 ; 5.114 ; 5.114 ; 5.114 ;
; MODE[1]    ; POP_ENABLE[3]  ; 4.846 ; 4.846 ; 4.846 ; 4.846 ;
; MODE[1]    ; POP_ENABLE[4]  ; 5.173 ; 5.173 ; 5.173 ; 5.173 ;
; MODE[1]    ; POP_ENABLE[5]  ; 4.545 ; 4.545 ; 4.545 ; 4.545 ;
; MODE[1]    ; POP_ENABLE[6]  ; 5.239 ; 5.239 ; 5.239 ; 5.239 ;
; MODE[1]    ; POP_ENABLE[7]  ; 4.554 ; 4.554 ; 4.554 ; 4.554 ;
; MODE[1]    ; POP_ENABLE[8]  ; 5.359 ; 5.359 ; 5.359 ; 5.359 ;
; MODE[1]    ; POP_ENABLE[9]  ; 4.536 ; 4.536 ; 4.536 ; 4.536 ;
; MODE[1]    ; POP_ENABLE[10] ; 5.263 ; 5.263 ; 5.263 ; 5.263 ;
; MODE[1]    ; POP_ENABLE[11] ; 5.038 ; 5.038 ; 5.038 ; 5.038 ;
; MODE[1]    ; POP_ENABLE[12] ; 4.947 ; 4.947 ; 4.947 ; 4.947 ;
; MODE[1]    ; POP_ENABLE[13] ; 3.855 ; 3.855 ; 3.855 ; 3.855 ;
; MODE[1]    ; POP_ENABLE[14] ; 4.668 ; 4.668 ; 4.668 ; 4.668 ;
; MODE[1]    ; POP_ENABLE[15] ; 4.238 ; 4.238 ; 4.238 ; 4.238 ;
; MODE[1]    ; POP_ENABLE[16] ; 5.806 ; 5.806 ; 5.806 ; 5.806 ;
; MODE[1]    ; POP_ENABLE[17] ; 4.249 ; 4.249 ; 4.249 ; 4.249 ;
; MODE[1]    ; POP_ENABLE[18] ; 5.365 ; 5.365 ; 5.365 ; 5.365 ;
; MODE[1]    ; POP_ENABLE[19] ; 4.781 ; 4.781 ; 4.781 ; 4.781 ;
; MODE[1]    ; POP_ENABLE[20] ; 5.285 ; 5.285 ; 5.285 ; 5.285 ;
; MODE[1]    ; POP_ENABLE[21] ; 4.456 ; 4.456 ; 4.456 ; 4.456 ;
; MODE[1]    ; POP_ENABLE[22] ; 5.063 ; 5.063 ; 5.063 ; 5.063 ;
; MODE[1]    ; POP_ENABLE[23] ; 4.747 ; 4.747 ; 4.747 ; 4.747 ;
; MODE[1]    ; POP_ENABLE[24] ; 5.157 ; 5.157 ; 5.157 ; 5.157 ;
; MODE[1]    ; POP_ENABLE[25] ; 4.491 ; 4.491 ; 4.491 ; 4.491 ;
; MODE[1]    ; POP_ENABLE[26] ; 4.669 ; 4.669 ; 4.669 ; 4.669 ;
; MODE[1]    ; POP_ENABLE[27] ; 4.497 ; 4.497 ; 4.497 ; 4.497 ;
; MODE[1]    ; POP_ENABLE[28] ; 4.982 ; 4.982 ; 4.982 ; 4.982 ;
; MODE[1]    ; POP_ENABLE[29] ; 4.411 ; 4.411 ; 4.411 ; 4.411 ;
; MODE[1]    ; POP_ENABLE[30] ; 4.818 ; 4.818 ; 4.818 ; 4.818 ;
; MODE[1]    ; POP_ENABLE[31] ; 4.231 ; 4.231 ; 4.231 ; 4.231 ;
; MODE[1]    ; POP_ENABLE[32] ; 4.876 ; 4.876 ; 4.876 ; 4.876 ;
; MODE[1]    ; POP_ENABLE[33] ; 4.714 ; 4.714 ; 4.714 ; 4.714 ;
; MODE[1]    ; POP_ENABLE[34] ; 4.996 ; 4.996 ; 4.996 ; 4.996 ;
; MODE[1]    ; POP_ENABLE[35] ; 5.113 ; 5.113 ; 5.113 ; 5.113 ;
; MODE[1]    ; POP_ENABLE[36] ; 4.945 ; 4.945 ; 4.945 ; 4.945 ;
; MODE[1]    ; POP_ENABLE[37] ; 4.284 ; 4.284 ; 4.284 ; 4.284 ;
; MODE[1]    ; POP_ENABLE[38] ; 4.930 ; 4.930 ; 4.930 ; 4.930 ;
; MODE[1]    ; POP_ENABLE[39] ; 4.940 ; 4.940 ; 4.940 ; 4.940 ;
; MODE[1]    ; POP_ENABLE[40] ; 4.942 ; 4.942 ; 4.942 ; 4.942 ;
; MODE[1]    ; POP_ENABLE[41] ; 4.390 ; 4.390 ; 4.390 ; 4.390 ;
; MODE[1]    ; POP_ENABLE[42] ; 4.888 ; 4.888 ; 4.888 ; 4.888 ;
; MODE[1]    ; POP_ENABLE[43] ; 5.160 ; 5.160 ; 5.160 ; 5.160 ;
; MODE[1]    ; POP_ENABLE[44] ; 5.123 ; 5.123 ; 5.123 ; 5.123 ;
; MODE[1]    ; POP_ENABLE[45] ; 4.164 ; 4.164 ; 4.164 ; 4.164 ;
; MODE[1]    ; POP_ENABLE[46] ; 4.652 ; 4.652 ; 4.652 ; 4.652 ;
; MODE[1]    ; POP_ENABLE[47] ; 4.427 ; 4.239 ; 4.239 ; 4.427 ;
; MODE[1]    ; POP_ENABLE[48] ; 4.562 ; 4.562 ; 4.562 ; 4.562 ;
; MODE[1]    ; POP_ENABLE[49] ; 4.307 ; 4.307 ; 4.307 ; 4.307 ;
; MODE[1]    ; POP_ENABLE[50] ; 4.682 ; 4.682 ; 4.682 ; 4.682 ;
; MODE[1]    ; POP_ENABLE[51] ; 4.771 ; 4.771 ; 4.771 ; 4.771 ;
+------------+----------------+-------+-------+-------+-------+


+--------------------------------------------------------------------------------+
; Multicorner Timing Analysis Summary                                            ;
+----------------------+-------+------+----------+---------+---------------------+
; Clock                ; Setup ; Hold ; Recovery ; Removal ; Minimum Pulse Width ;
+----------------------+-------+------+----------+---------+---------------------+
; Worst-case Slack     ; N/A   ; N/A  ; N/A      ; N/A     ; 97.531              ;
;  altera_reserved_tck ; N/A   ; N/A  ; N/A      ; N/A     ; 97.531              ;
; Design-wide TNS      ; 0.0   ; 0.0  ; 0.0      ; 0.0     ; 0.0                 ;
;  altera_reserved_tck ; N/A   ; N/A  ; N/A      ; N/A     ; 0.000               ;
+----------------------+-------+------+----------+---------+---------------------+


+-----------------------------------------------------------------+
; Progagation Delay                                               ;
+------------+----------------+--------+--------+--------+--------+
; Input Port ; Output Port    ; RR     ; RF     ; FR     ; FF     ;
+------------+----------------+--------+--------+--------+--------+
; MODE[0]    ; INIT           ; 9.403  ;        ;        ; 9.403  ;
; MODE[0]    ; POP            ; 8.057  ;        ;        ; 8.057  ;
; MODE[0]    ; POP_ENABLE[0]  ; 14.787 ; 14.340 ; 14.340 ; 14.787 ;
; MODE[0]    ; POP_ENABLE[1]  ; 13.985 ; 13.549 ; 13.549 ; 13.985 ;
; MODE[0]    ; POP_ENABLE[2]  ; 15.711 ; 15.236 ; 15.236 ; 15.711 ;
; MODE[0]    ; POP_ENABLE[3]  ; 14.912 ; 13.921 ; 13.921 ; 14.912 ;
; MODE[0]    ; POP_ENABLE[4]  ; 15.717 ; 15.242 ; 15.242 ; 15.717 ;
; MODE[0]    ; POP_ENABLE[5]  ; 15.795 ; 14.877 ; 14.877 ; 15.795 ;
; MODE[0]    ; POP_ENABLE[6]  ; 15.731 ; 15.262 ; 15.262 ; 15.731 ;
; MODE[0]    ; POP_ENABLE[7]  ; 14.275 ; 13.168 ; 13.168 ; 14.275 ;
; MODE[0]    ; POP_ENABLE[8]  ; 16.334 ; 15.859 ; 15.859 ; 16.334 ;
; MODE[0]    ; POP_ENABLE[9]  ; 15.505 ; 14.602 ; 14.602 ; 15.505 ;
; MODE[0]    ; POP_ENABLE[10] ; 16.308 ; 15.833 ; 15.833 ; 16.308 ;
; MODE[0]    ; POP_ENABLE[11] ; 15.410 ; 14.717 ; 14.717 ; 15.410 ;
; MODE[0]    ; POP_ENABLE[12] ; 14.977 ; 14.502 ; 14.502 ; 14.977 ;
; MODE[0]    ; POP_ENABLE[13] ; 14.541 ; 14.094 ; 14.094 ; 14.541 ;
; MODE[0]    ; POP_ENABLE[14] ; 14.478 ; 14.031 ; 14.031 ; 14.478 ;
; MODE[0]    ; POP_ENABLE[15] ; 12.295 ; 11.188 ; 11.188 ; 12.295 ;
; MODE[0]    ; POP_ENABLE[16] ; 16.765 ; 16.318 ; 16.318 ; 16.765 ;
; MODE[0]    ; POP_ENABLE[17] ; 15.251 ; 14.333 ; 14.333 ; 15.251 ;
; MODE[0]    ; POP_ENABLE[18] ; 16.533 ; 16.058 ; 16.058 ; 16.533 ;
; MODE[0]    ; POP_ENABLE[19] ; 14.595 ; 13.693 ; 13.693 ; 14.595 ;
; MODE[0]    ; POP_ENABLE[20] ; 16.536 ; 16.061 ; 16.061 ; 16.536 ;
; MODE[0]    ; POP_ENABLE[21] ; 15.539 ; 14.643 ; 14.643 ; 15.539 ;
; MODE[0]    ; POP_ENABLE[22] ; 15.127 ; 14.658 ; 14.658 ; 15.127 ;
; MODE[0]    ; POP_ENABLE[23] ; 14.144 ; 13.256 ; 13.256 ; 14.144 ;
; MODE[0]    ; POP_ENABLE[24] ; 15.329 ; 14.854 ; 14.854 ; 15.329 ;
; MODE[0]    ; POP_ENABLE[25] ; 15.534 ; 14.631 ; 14.631 ; 15.534 ;
; MODE[0]    ; POP_ENABLE[26] ; 14.880 ; 14.405 ; 14.405 ; 14.880 ;
; MODE[0]    ; POP_ENABLE[27] ; 13.633 ; 12.742 ; 12.742 ; 13.633 ;
; MODE[0]    ; POP_ENABLE[28] ; 15.552 ; 15.077 ; 15.077 ; 15.552 ;
; MODE[0]    ; POP_ENABLE[29] ; 15.796 ; 15.177 ; 15.177 ; 15.796 ;
; MODE[0]    ; POP_ENABLE[30] ; 15.293 ; 14.674 ; 14.674 ; 15.293 ;
; MODE[0]    ; POP_ENABLE[31] ; 12.308 ; 11.866 ; 11.866 ; 12.308 ;
; MODE[0]    ; POP_ENABLE[32] ; 14.982 ; 14.535 ; 14.535 ; 14.982 ;
; MODE[0]    ; POP_ENABLE[33] ; 14.802 ; 14.355 ; 14.355 ; 14.802 ;
; MODE[0]    ; POP_ENABLE[34] ; 15.481 ; 15.006 ; 15.006 ; 15.481 ;
; MODE[0]    ; POP_ENABLE[35] ; 15.743 ; 14.964 ; 14.964 ; 15.743 ;
; MODE[0]    ; POP_ENABLE[36] ; 15.845 ; 15.370 ; 15.370 ; 15.845 ;
; MODE[0]    ; POP_ENABLE[37] ; 15.250 ; 14.332 ; 14.332 ; 15.250 ;
; MODE[0]    ; POP_ENABLE[38] ; 15.195 ; 14.726 ; 14.726 ; 15.195 ;
; MODE[0]    ; POP_ENABLE[39] ; 14.730 ; 13.853 ; 13.853 ; 14.730 ;
; MODE[0]    ; POP_ENABLE[40] ; 15.561 ; 15.086 ; 15.086 ; 15.561 ;
; MODE[0]    ; POP_ENABLE[41] ; 15.136 ; 14.233 ; 14.233 ; 15.136 ;
; MODE[0]    ; POP_ENABLE[42] ; 15.448 ; 14.973 ; 14.973 ; 15.448 ;
; MODE[0]    ; POP_ENABLE[43] ; 15.582 ; 14.804 ; 14.804 ; 15.582 ;
; MODE[0]    ; POP_ENABLE[44] ; 15.626 ; 15.151 ; 15.151 ; 15.626 ;
; MODE[0]    ; POP_ENABLE[45] ; 15.371 ; 14.924 ; 14.924 ; 15.371 ;
; MODE[0]    ; POP_ENABLE[46] ; 14.489 ; 14.042 ; 14.042 ; 14.489 ;
; MODE[0]    ; POP_ENABLE[47] ; 14.692 ; 13.536 ; 13.536 ; 14.692 ;
; MODE[0]    ; POP_ENABLE[48] ; 14.219 ; 13.772 ; 13.772 ; 14.219 ;
; MODE[0]    ; POP_ENABLE[49] ; 15.274 ; 14.356 ; 14.356 ; 15.274 ;
; MODE[0]    ; POP_ENABLE[50] ; 14.657 ; 14.182 ; 14.182 ; 14.657 ;
; MODE[0]    ; POP_ENABLE[51] ; 14.710 ; 13.934 ; 13.934 ; 14.710 ;
; MODE[1]    ; INIT           ;        ; 7.683  ; 7.683  ;        ;
; MODE[1]    ; POP            ; 7.790  ;        ;        ; 7.790  ;
; MODE[1]    ; POP_ENABLE[0]  ; 12.619 ; 13.066 ; 13.066 ; 12.619 ;
; MODE[1]    ; POP_ENABLE[1]  ; 11.828 ; 12.264 ; 12.264 ; 11.828 ;
; MODE[1]    ; POP_ENABLE[2]  ; 13.515 ; 13.990 ; 13.990 ; 13.515 ;
; MODE[1]    ; POP_ENABLE[3]  ; 12.200 ; 13.191 ; 13.191 ; 12.200 ;
; MODE[1]    ; POP_ENABLE[4]  ; 13.521 ; 13.996 ; 13.996 ; 13.521 ;
; MODE[1]    ; POP_ENABLE[5]  ; 13.156 ; 14.074 ; 14.074 ; 13.156 ;
; MODE[1]    ; POP_ENABLE[6]  ; 13.541 ; 14.010 ; 14.010 ; 13.541 ;
; MODE[1]    ; POP_ENABLE[7]  ; 11.447 ; 12.554 ; 12.554 ; 11.447 ;
; MODE[1]    ; POP_ENABLE[8]  ; 14.138 ; 14.613 ; 14.613 ; 14.138 ;
; MODE[1]    ; POP_ENABLE[9]  ; 12.881 ; 13.784 ; 13.784 ; 12.881 ;
; MODE[1]    ; POP_ENABLE[10] ; 14.112 ; 14.587 ; 14.587 ; 14.112 ;
; MODE[1]    ; POP_ENABLE[11] ; 12.996 ; 13.689 ; 13.689 ; 12.996 ;
; MODE[1]    ; POP_ENABLE[12] ; 12.781 ; 13.256 ; 13.256 ; 12.781 ;
; MODE[1]    ; POP_ENABLE[13] ; 12.373 ; 12.820 ; 12.820 ; 12.373 ;
; MODE[1]    ; POP_ENABLE[14] ; 12.310 ; 12.757 ; 12.757 ; 12.310 ;
; MODE[1]    ; POP_ENABLE[15] ; 9.467  ; 10.574 ; 10.574 ; 9.467  ;
; MODE[1]    ; POP_ENABLE[16] ; 14.597 ; 15.044 ; 15.044 ; 14.597 ;
; MODE[1]    ; POP_ENABLE[17] ; 12.612 ; 13.530 ; 13.530 ; 12.612 ;
; MODE[1]    ; POP_ENABLE[18] ; 14.337 ; 14.812 ; 14.812 ; 14.337 ;
; MODE[1]    ; POP_ENABLE[19] ; 11.972 ; 12.874 ; 12.874 ; 11.972 ;
; MODE[1]    ; POP_ENABLE[20] ; 14.340 ; 14.815 ; 14.815 ; 14.340 ;
; MODE[1]    ; POP_ENABLE[21] ; 12.922 ; 13.818 ; 13.818 ; 12.922 ;
; MODE[1]    ; POP_ENABLE[22] ; 12.937 ; 13.406 ; 13.406 ; 12.937 ;
; MODE[1]    ; POP_ENABLE[23] ; 11.535 ; 12.423 ; 12.423 ; 11.535 ;
; MODE[1]    ; POP_ENABLE[24] ; 13.133 ; 13.608 ; 13.608 ; 13.133 ;
; MODE[1]    ; POP_ENABLE[25] ; 12.910 ; 13.813 ; 13.813 ; 12.910 ;
; MODE[1]    ; POP_ENABLE[26] ; 12.684 ; 13.159 ; 13.159 ; 12.684 ;
; MODE[1]    ; POP_ENABLE[27] ; 11.021 ; 11.912 ; 11.912 ; 11.021 ;
; MODE[1]    ; POP_ENABLE[28] ; 13.356 ; 13.831 ; 13.831 ; 13.356 ;
; MODE[1]    ; POP_ENABLE[29] ; 13.456 ; 14.075 ; 14.075 ; 13.456 ;
; MODE[1]    ; POP_ENABLE[30] ; 12.953 ; 13.572 ; 13.572 ; 12.953 ;
; MODE[1]    ; POP_ENABLE[31] ; 10.145 ; 10.587 ; 10.587 ; 10.145 ;
; MODE[1]    ; POP_ENABLE[32] ; 12.814 ; 13.261 ; 13.261 ; 12.814 ;
; MODE[1]    ; POP_ENABLE[33] ; 12.634 ; 13.081 ; 13.081 ; 12.634 ;
; MODE[1]    ; POP_ENABLE[34] ; 13.285 ; 13.760 ; 13.760 ; 13.285 ;
; MODE[1]    ; POP_ENABLE[35] ; 13.243 ; 14.022 ; 14.022 ; 13.243 ;
; MODE[1]    ; POP_ENABLE[36] ; 13.649 ; 14.124 ; 14.124 ; 13.649 ;
; MODE[1]    ; POP_ENABLE[37] ; 12.611 ; 13.529 ; 13.529 ; 12.611 ;
; MODE[1]    ; POP_ENABLE[38] ; 13.005 ; 13.474 ; 13.474 ; 13.005 ;
; MODE[1]    ; POP_ENABLE[39] ; 12.132 ; 13.009 ; 13.009 ; 12.132 ;
; MODE[1]    ; POP_ENABLE[40] ; 13.365 ; 13.840 ; 13.840 ; 13.365 ;
; MODE[1]    ; POP_ENABLE[41] ; 12.512 ; 13.415 ; 13.415 ; 12.512 ;
; MODE[1]    ; POP_ENABLE[42] ; 13.252 ; 13.727 ; 13.727 ; 13.252 ;
; MODE[1]    ; POP_ENABLE[43] ; 13.083 ; 13.861 ; 13.861 ; 13.083 ;
; MODE[1]    ; POP_ENABLE[44] ; 13.430 ; 13.905 ; 13.905 ; 13.430 ;
; MODE[1]    ; POP_ENABLE[45] ; 13.203 ; 13.650 ; 13.650 ; 13.203 ;
; MODE[1]    ; POP_ENABLE[46] ; 12.321 ; 12.768 ; 12.768 ; 12.321 ;
; MODE[1]    ; POP_ENABLE[47] ; 11.815 ; 12.971 ; 12.971 ; 11.815 ;
; MODE[1]    ; POP_ENABLE[48] ; 12.051 ; 12.498 ; 12.498 ; 12.051 ;
; MODE[1]    ; POP_ENABLE[49] ; 12.635 ; 13.553 ; 13.553 ; 12.635 ;
; MODE[1]    ; POP_ENABLE[50] ; 12.461 ; 12.936 ; 12.936 ; 12.461 ;
; MODE[1]    ; POP_ENABLE[51] ; 12.213 ; 12.989 ; 12.989 ; 12.213 ;
+------------+----------------+--------+--------+--------+--------+


+-------------------------------------------------------------+
; Minimum Progagation Delay                                   ;
+------------+----------------+-------+-------+-------+-------+
; Input Port ; Output Port    ; RR    ; RF    ; FR    ; FF    ;
+------------+----------------+-------+-------+-------+-------+
; MODE[0]    ; INIT           ; 4.254 ;       ;       ; 4.254 ;
; MODE[0]    ; POP            ; 3.583 ;       ;       ; 3.583 ;
; MODE[0]    ; POP_ENABLE[0]  ; 5.569 ; 5.569 ; 5.569 ; 5.569 ;
; MODE[0]    ; POP_ENABLE[1]  ; 5.288 ; 5.288 ; 5.288 ; 5.288 ;
; MODE[0]    ; POP_ENABLE[2]  ; 5.811 ; 5.811 ; 5.811 ; 5.811 ;
; MODE[0]    ; POP_ENABLE[3]  ; 5.543 ; 5.543 ; 5.543 ; 5.543 ;
; MODE[0]    ; POP_ENABLE[4]  ; 5.870 ; 5.870 ; 5.870 ; 5.870 ;
; MODE[0]    ; POP_ENABLE[5]  ; 5.242 ; 5.242 ; 5.242 ; 5.242 ;
; MODE[0]    ; POP_ENABLE[6]  ; 5.936 ; 5.936 ; 5.936 ; 5.936 ;
; MODE[0]    ; POP_ENABLE[7]  ; 5.251 ; 5.251 ; 5.251 ; 5.251 ;
; MODE[0]    ; POP_ENABLE[8]  ; 6.056 ; 6.056 ; 6.056 ; 6.056 ;
; MODE[0]    ; POP_ENABLE[9]  ; 5.233 ; 5.233 ; 5.233 ; 5.233 ;
; MODE[0]    ; POP_ENABLE[10] ; 5.960 ; 5.960 ; 5.960 ; 5.960 ;
; MODE[0]    ; POP_ENABLE[11] ; 5.735 ; 5.735 ; 5.735 ; 5.735 ;
; MODE[0]    ; POP_ENABLE[12] ; 5.644 ; 5.644 ; 5.644 ; 5.644 ;
; MODE[0]    ; POP_ENABLE[13] ; 4.552 ; 4.552 ; 4.552 ; 4.552 ;
; MODE[0]    ; POP_ENABLE[14] ; 5.365 ; 5.365 ; 5.365 ; 5.365 ;
; MODE[0]    ; POP_ENABLE[15] ; 4.935 ; 4.935 ; 4.935 ; 4.935 ;
; MODE[0]    ; POP_ENABLE[16] ; 6.503 ; 6.503 ; 6.503 ; 6.503 ;
; MODE[0]    ; POP_ENABLE[17] ; 4.946 ; 4.946 ; 4.946 ; 4.946 ;
; MODE[0]    ; POP_ENABLE[18] ; 6.062 ; 6.062 ; 6.062 ; 6.062 ;
; MODE[0]    ; POP_ENABLE[19] ; 5.478 ; 5.478 ; 5.478 ; 5.478 ;
; MODE[0]    ; POP_ENABLE[20] ; 5.982 ; 5.982 ; 5.982 ; 5.982 ;
; MODE[0]    ; POP_ENABLE[21] ; 5.153 ; 5.153 ; 5.153 ; 5.153 ;
; MODE[0]    ; POP_ENABLE[22] ; 5.760 ; 5.760 ; 5.760 ; 5.760 ;
; MODE[0]    ; POP_ENABLE[23] ; 5.444 ; 5.444 ; 5.444 ; 5.444 ;
; MODE[0]    ; POP_ENABLE[24] ; 5.854 ; 5.854 ; 5.854 ; 5.854 ;
; MODE[0]    ; POP_ENABLE[25] ; 5.188 ; 5.188 ; 5.188 ; 5.188 ;
; MODE[0]    ; POP_ENABLE[26] ; 5.366 ; 5.366 ; 5.366 ; 5.366 ;
; MODE[0]    ; POP_ENABLE[27] ; 5.194 ; 5.194 ; 5.194 ; 5.194 ;
; MODE[0]    ; POP_ENABLE[28] ; 5.679 ; 5.679 ; 5.679 ; 5.679 ;
; MODE[0]    ; POP_ENABLE[29] ; 5.108 ; 5.108 ; 5.108 ; 5.108 ;
; MODE[0]    ; POP_ENABLE[30] ; 5.515 ; 5.515 ; 5.515 ; 5.515 ;
; MODE[0]    ; POP_ENABLE[31] ; 4.928 ; 4.928 ; 4.928 ; 4.928 ;
; MODE[0]    ; POP_ENABLE[32] ; 5.573 ; 5.573 ; 5.573 ; 5.573 ;
; MODE[0]    ; POP_ENABLE[33] ; 5.411 ; 5.411 ; 5.411 ; 5.411 ;
; MODE[0]    ; POP_ENABLE[34] ; 5.693 ; 5.693 ; 5.693 ; 5.693 ;
; MODE[0]    ; POP_ENABLE[35] ; 5.810 ; 5.810 ; 5.810 ; 5.810 ;
; MODE[0]    ; POP_ENABLE[36] ; 5.642 ; 5.642 ; 5.642 ; 5.642 ;
; MODE[0]    ; POP_ENABLE[37] ; 4.981 ; 4.981 ; 4.981 ; 4.981 ;
; MODE[0]    ; POP_ENABLE[38] ; 5.627 ; 5.627 ; 5.627 ; 5.627 ;
; MODE[0]    ; POP_ENABLE[39] ; 5.637 ; 5.637 ; 5.637 ; 5.637 ;
; MODE[0]    ; POP_ENABLE[40] ; 5.639 ; 5.639 ; 5.639 ; 5.639 ;
; MODE[0]    ; POP_ENABLE[41] ; 5.087 ; 5.087 ; 5.087 ; 5.087 ;
; MODE[0]    ; POP_ENABLE[42] ; 5.585 ; 5.585 ; 5.585 ; 5.585 ;
; MODE[0]    ; POP_ENABLE[43] ; 5.857 ; 5.857 ; 5.857 ; 5.857 ;
; MODE[0]    ; POP_ENABLE[44] ; 5.820 ; 5.820 ; 5.820 ; 5.820 ;
; MODE[0]    ; POP_ENABLE[45] ; 4.861 ; 4.861 ; 4.861 ; 4.861 ;
; MODE[0]    ; POP_ENABLE[46] ; 5.349 ; 5.349 ; 5.349 ; 5.349 ;
; MODE[0]    ; POP_ENABLE[47] ; 4.940 ; 5.124 ; 5.124 ; 4.940 ;
; MODE[0]    ; POP_ENABLE[48] ; 5.259 ; 5.259 ; 5.259 ; 5.259 ;
; MODE[0]    ; POP_ENABLE[49] ; 5.004 ; 5.004 ; 5.004 ; 5.004 ;
; MODE[0]    ; POP_ENABLE[50] ; 5.379 ; 5.379 ; 5.379 ; 5.379 ;
; MODE[0]    ; POP_ENABLE[51] ; 5.468 ; 5.468 ; 5.468 ; 5.468 ;
; MODE[1]    ; INIT           ;       ; 3.557 ; 3.557 ;       ;
; MODE[1]    ; POP            ; 3.495 ;       ;       ; 3.495 ;
; MODE[1]    ; POP_ENABLE[0]  ; 4.872 ; 4.872 ; 4.872 ; 4.872 ;
; MODE[1]    ; POP_ENABLE[1]  ; 4.591 ; 4.591 ; 4.591 ; 4.591 ;
; MODE[1]    ; POP_ENABLE[2]  ; 5.114 ; 5.114 ; 5.114 ; 5.114 ;
; MODE[1]    ; POP_ENABLE[3]  ; 4.846 ; 4.846 ; 4.846 ; 4.846 ;
; MODE[1]    ; POP_ENABLE[4]  ; 5.173 ; 5.173 ; 5.173 ; 5.173 ;
; MODE[1]    ; POP_ENABLE[5]  ; 4.545 ; 4.545 ; 4.545 ; 4.545 ;
; MODE[1]    ; POP_ENABLE[6]  ; 5.239 ; 5.239 ; 5.239 ; 5.239 ;
; MODE[1]    ; POP_ENABLE[7]  ; 4.554 ; 4.554 ; 4.554 ; 4.554 ;
; MODE[1]    ; POP_ENABLE[8]  ; 5.359 ; 5.359 ; 5.359 ; 5.359 ;
; MODE[1]    ; POP_ENABLE[9]  ; 4.536 ; 4.536 ; 4.536 ; 4.536 ;
; MODE[1]    ; POP_ENABLE[10] ; 5.263 ; 5.263 ; 5.263 ; 5.263 ;
; MODE[1]    ; POP_ENABLE[11] ; 5.038 ; 5.038 ; 5.038 ; 5.038 ;
; MODE[1]    ; POP_ENABLE[12] ; 4.947 ; 4.947 ; 4.947 ; 4.947 ;
; MODE[1]    ; POP_ENABLE[13] ; 3.855 ; 3.855 ; 3.855 ; 3.855 ;
; MODE[1]    ; POP_ENABLE[14] ; 4.668 ; 4.668 ; 4.668 ; 4.668 ;
; MODE[1]    ; POP_ENABLE[15] ; 4.238 ; 4.238 ; 4.238 ; 4.238 ;
; MODE[1]    ; POP_ENABLE[16] ; 5.806 ; 5.806 ; 5.806 ; 5.806 ;
; MODE[1]    ; POP_ENABLE[17] ; 4.249 ; 4.249 ; 4.249 ; 4.249 ;
; MODE[1]    ; POP_ENABLE[18] ; 5.365 ; 5.365 ; 5.365 ; 5.365 ;
; MODE[1]    ; POP_ENABLE[19] ; 4.781 ; 4.781 ; 4.781 ; 4.781 ;
; MODE[1]    ; POP_ENABLE[20] ; 5.285 ; 5.285 ; 5.285 ; 5.285 ;
; MODE[1]    ; POP_ENABLE[21] ; 4.456 ; 4.456 ; 4.456 ; 4.456 ;
; MODE[1]    ; POP_ENABLE[22] ; 5.063 ; 5.063 ; 5.063 ; 5.063 ;
; MODE[1]    ; POP_ENABLE[23] ; 4.747 ; 4.747 ; 4.747 ; 4.747 ;
; MODE[1]    ; POP_ENABLE[24] ; 5.157 ; 5.157 ; 5.157 ; 5.157 ;
; MODE[1]    ; POP_ENABLE[25] ; 4.491 ; 4.491 ; 4.491 ; 4.491 ;
; MODE[1]    ; POP_ENABLE[26] ; 4.669 ; 4.669 ; 4.669 ; 4.669 ;
; MODE[1]    ; POP_ENABLE[27] ; 4.497 ; 4.497 ; 4.497 ; 4.497 ;
; MODE[1]    ; POP_ENABLE[28] ; 4.982 ; 4.982 ; 4.982 ; 4.982 ;
; MODE[1]    ; POP_ENABLE[29] ; 4.411 ; 4.411 ; 4.411 ; 4.411 ;
; MODE[1]    ; POP_ENABLE[30] ; 4.818 ; 4.818 ; 4.818 ; 4.818 ;
; MODE[1]    ; POP_ENABLE[31] ; 4.231 ; 4.231 ; 4.231 ; 4.231 ;
; MODE[1]    ; POP_ENABLE[32] ; 4.876 ; 4.876 ; 4.876 ; 4.876 ;
; MODE[1]    ; POP_ENABLE[33] ; 4.714 ; 4.714 ; 4.714 ; 4.714 ;
; MODE[1]    ; POP_ENABLE[34] ; 4.996 ; 4.996 ; 4.996 ; 4.996 ;
; MODE[1]    ; POP_ENABLE[35] ; 5.113 ; 5.113 ; 5.113 ; 5.113 ;
; MODE[1]    ; POP_ENABLE[36] ; 4.945 ; 4.945 ; 4.945 ; 4.945 ;
; MODE[1]    ; POP_ENABLE[37] ; 4.284 ; 4.284 ; 4.284 ; 4.284 ;
; MODE[1]    ; POP_ENABLE[38] ; 4.930 ; 4.930 ; 4.930 ; 4.930 ;
; MODE[1]    ; POP_ENABLE[39] ; 4.940 ; 4.940 ; 4.940 ; 4.940 ;
; MODE[1]    ; POP_ENABLE[40] ; 4.942 ; 4.942 ; 4.942 ; 4.942 ;
; MODE[1]    ; POP_ENABLE[41] ; 4.390 ; 4.390 ; 4.390 ; 4.390 ;
; MODE[1]    ; POP_ENABLE[42] ; 4.888 ; 4.888 ; 4.888 ; 4.888 ;
; MODE[1]    ; POP_ENABLE[43] ; 5.160 ; 5.160 ; 5.160 ; 5.160 ;
; MODE[1]    ; POP_ENABLE[44] ; 5.123 ; 5.123 ; 5.123 ; 5.123 ;
; MODE[1]    ; POP_ENABLE[45] ; 4.164 ; 4.164 ; 4.164 ; 4.164 ;
; MODE[1]    ; POP_ENABLE[46] ; 4.652 ; 4.652 ; 4.652 ; 4.652 ;
; MODE[1]    ; POP_ENABLE[47] ; 4.427 ; 4.239 ; 4.239 ; 4.427 ;
; MODE[1]    ; POP_ENABLE[48] ; 4.562 ; 4.562 ; 4.562 ; 4.562 ;
; MODE[1]    ; POP_ENABLE[49] ; 4.307 ; 4.307 ; 4.307 ; 4.307 ;
; MODE[1]    ; POP_ENABLE[50] ; 4.682 ; 4.682 ; 4.682 ; 4.682 ;
; MODE[1]    ; POP_ENABLE[51] ; 4.771 ; 4.771 ; 4.771 ; 4.771 ;
+------------+----------------+-------+-------+-------+-------+


-------------------
; Clock Transfers ;
-------------------
Nothing to report.


---------------
; Report TCCS ;
---------------
No dedicated SERDES Transmitter circuitry present in device or used in design


---------------
; Report RSKM ;
---------------
No dedicated SERDES Receiver circuitry present in device or used in design


+------------------------------------------------+
; Unconstrained Paths                            ;
+---------------------------------+-------+------+
; Property                        ; Setup ; Hold ;
+---------------------------------+-------+------+
; Illegal Clocks                  ; 0     ; 0    ;
; Unconstrained Clocks            ; 1     ; 1    ;
; Unconstrained Input Ports       ; 5     ; 5    ;
; Unconstrained Input Port Paths  ; 1086  ; 1086 ;
; Unconstrained Output Ports      ; 174   ; 174  ;
; Unconstrained Output Port Paths ; 7278  ; 7278 ;
+---------------------------------+-------+------+


+------------------------------------+
; TimeQuest Timing Analyzer Messages ;
+------------------------------------+
Warning (125092): Tcl Script File ../Lab3/lpm_add_sub0.qip not found
    Info (125063): set_global_assignment -name QIP_FILE ../Lab3/lpm_add_sub0.qip
Warning (125092): Tcl Script File output_files/lpm_mux0.qip not found
    Info (125063): set_global_assignment -name QIP_FILE output_files/lpm_mux0.qip
Warning (125092): Tcl Script File output_files/lpm_mux1.qip not found
    Info (125063): set_global_assignment -name QIP_FILE output_files/lpm_mux1.qip
Info: *******************************************************************
Info: Running Quartus II 64-Bit TimeQuest Timing Analyzer
    Info: Version 13.0.1 Build 232 06/12/2013 Service Pack 1 SJ Full Version
    Info: Processing started: Fri Nov 24 18:09:28 2017
Info: Command: quartus_sta lab4 -c lab4
Info: qsta_default_script.tcl version: #1
Info (11104): Parallel Compilation has detected 8 hyper-threaded processors. However, the extra hyper-threaded processors will not be used by default. Parallel Compilation will use 4 of the 4 physical processors detected instead.
Info (21077): Low junction temperature is 0 degrees C
Info (21077): High junction temperature is 85 degrees C
Info (332164): Evaluating HDL-embedded SDC commands
    Info (332165): Entity sld_jtag_hub
        Info (332166): create_clock -name altera_reserved_tck [get_ports {altera_reserved_tck}] -period 10MHz   
        Info (332166): set_clock_groups -asynchronous -group {altera_reserved_tck}
Critical Warning (332012): Synopsys Design Constraints File file not found: 'lab4.sdc'. A Synopsys Design Constraints File is required by the TimeQuest Timing Analyzer to get proper timing constraints. Without it, the Compiler will not properly optimize the design.
Warning (332060): Node: CLK was determined to be a clock but was found without an associated clock assignment.
Info: Found TIMEQUEST_REPORT_SCRIPT_INCLUDE_DEFAULT_ANALYSIS = ON
Info: Analyzing Slow Model
Info (332140): No fmax paths to report
Info (332140): No Setup paths to report
Info (332140): No Hold paths to report
Info (332140): No Recovery paths to report
Info (332140): No Removal paths to report
Info (332146): Worst-case minimum pulse width slack is 97.531
    Info (332119):     Slack End Point TNS Clock 
    Info (332119): ========= ============= =====================
    Info (332119):    97.531         0.000 altera_reserved_tck 
Info (332001): The selected device family is not supported by the report_metastability command.
Info: Analyzing Fast Model
Warning (332060): Node: CLK was determined to be a clock but was found without an associated clock assignment.
Info (332140): No Setup paths to report
Info (332140): No Hold paths to report
Info (332140): No Recovery paths to report
Info (332140): No Removal paths to report
Info (332146): Worst-case minimum pulse width slack is 97.778
    Info (332119):     Slack End Point TNS Clock 
    Info (332119): ========= ============= =====================
    Info (332119):    97.778         0.000 altera_reserved_tck 
Info (332001): The selected device family is not supported by the report_metastability command.
Info (332102): Design is not fully constrained for setup requirements
Info (332102): Design is not fully constrained for hold requirements
Info: Quartus II 64-Bit TimeQuest Timing Analyzer was successful. 0 errors, 6 warnings
    Info: Peak virtual memory: 494 megabytes
    Info: Processing ended: Fri Nov 24 18:09:36 2017
    Info: Elapsed time: 00:00:08
    Info: Total CPU time (on all processors): 00:00:02


