TimeQuest Timing Analyzer report for lab4
Fri Nov 24 15:14:15 2017
Quartus II 64-Bit Version 13.0.1 Build 232 06/12/2013 Service Pack 1 SJ Full Version


---------------------
; Table of Contents ;
---------------------
  1. Legal Notice
  2. TimeQuest Timing Analyzer Summary
  3. Parallel Compilation
  4. Clocks
  5. Slow Model Fmax Summary
  6. Slow Model Setup Summary
  7. Slow Model Hold Summary
  8. Slow Model Recovery Summary
  9. Slow Model Removal Summary
 10. Slow Model Minimum Pulse Width Summary
 11. Slow Model Minimum Pulse Width: 'altera_reserved_tck'
 12. Propagation Delay
 13. Minimum Propagation Delay
 14. Fast Model Setup Summary
 15. Fast Model Hold Summary
 16. Fast Model Recovery Summary
 17. Fast Model Removal Summary
 18. Fast Model Minimum Pulse Width Summary
 19. Fast Model Minimum Pulse Width: 'altera_reserved_tck'
 20. Propagation Delay
 21. Minimum Propagation Delay
 22. Multicorner Timing Analysis Summary
 23. Progagation Delay
 24. Minimum Progagation Delay
 25. Clock Transfers
 26. Report TCCS
 27. Report RSKM
 28. Unconstrained Paths
 29. TimeQuest Timing Analyzer Messages



----------------
; Legal Notice ;
----------------
Copyright (C) 1991-2013 Altera Corporation
Your use of Altera Corporation's design tools, logic functions 
and other software and tools, and its AMPP partner logic 
functions, and any output files from any of the foregoing 
(including device programming or simulation files), and any 
associated documentation or information are expressly subject 
to the terms and conditions of the Altera Program License 
Subscription Agreement, Altera MegaCore Function License 
Agreement, or other applicable license agreement, including, 
without limitation, that your use is for the sole purpose of 
programming logic devices manufactured by Altera and sold by 
Altera or its authorized distributors.  Please refer to the 
applicable agreement for further details.



+-----------------------------------------------------------------------------------------+
; TimeQuest Timing Analyzer Summary                                                       ;
+--------------------+--------------------------------------------------------------------+
; Quartus II Version ; Version 13.0.1 Build 232 06/12/2013 Service Pack 1 SJ Full Version ;
; Revision Name      ; lab4                                                               ;
; Device Family      ; Cyclone II                                                         ;
; Device Name        ; EP2C20F484C7                                                       ;
; Timing Models      ; Final                                                              ;
; Delay Model        ; Combined                                                           ;
; Rise/Fall Delays   ; Unavailable                                                        ;
+--------------------+--------------------------------------------------------------------+


+------------------------------------------+
; Parallel Compilation                     ;
+----------------------------+-------------+
; Processors                 ; Number      ;
+----------------------------+-------------+
; Number detected on machine ; 8           ;
; Maximum allowed            ; 4           ;
;                            ;             ;
; Average used               ; 1.00        ;
; Maximum used               ; 1           ;
;                            ;             ;
; Usage by Processor         ; % Time Used ;
;     Processor 1            ; 100.0%      ;
;     Processors 2-8         ;   0.0%      ;
+----------------------------+-------------+


+-----------------------------------------------------------------------------------------------------------------------------------------------------------------------------------------------------------+
; Clocks                                                                                                                                                                                                    ;
+---------------------+------+---------+-----------+-------+--------+------------+-----------+-------------+-------+--------+-----------+------------+----------+--------+--------+-------------------------+
; Clock Name          ; Type ; Period  ; Frequency ; Rise  ; Fall   ; Duty Cycle ; Divide by ; Multiply by ; Phase ; Offset ; Edge List ; Edge Shift ; Inverted ; Master ; Source ; Targets                 ;
+---------------------+------+---------+-----------+-------+--------+------------+-----------+-------------+-------+--------+-----------+------------+----------+--------+--------+-------------------------+
; altera_reserved_tck ; Base ; 100.000 ; 10.0 MHz  ; 0.000 ; 50.000 ;            ;           ;             ;       ;        ;           ;            ;          ;        ;        ; { altera_reserved_tck } ;
+---------------------+------+---------+-----------+-------+--------+------------+-----------+-------------+-------+--------+-----------+------------+----------+--------+--------+-------------------------+


---------------------------
; Slow Model Fmax Summary ;
---------------------------
No paths to report.


----------------------------
; Slow Model Setup Summary ;
----------------------------
No paths to report.


---------------------------
; Slow Model Hold Summary ;
---------------------------
No paths to report.


-------------------------------
; Slow Model Recovery Summary ;
-------------------------------
No paths to report.


------------------------------
; Slow Model Removal Summary ;
------------------------------
No paths to report.


+----------------------------------------------+
; Slow Model Minimum Pulse Width Summary       ;
+---------------------+--------+---------------+
; Clock               ; Slack  ; End Point TNS ;
+---------------------+--------+---------------+
; altera_reserved_tck ; 97.531 ; 0.000         ;
+---------------------+--------+---------------+


+-------------------------------------------------------------------------------------------------------------+
; Slow Model Minimum Pulse Width: 'altera_reserved_tck'                                                       ;
+--------+--------------+----------------+-----------+---------------------+------------+---------------------+
; Slack  ; Actual Width ; Required Width ; Type      ; Clock               ; Clock Edge ; Target              ;
+--------+--------------+----------------+-----------+---------------------+------------+---------------------+
; 97.531 ; 100.000      ; 2.469          ; Port Rate ; altera_reserved_tck ; Rise       ; altera_reserved_tck ;
+--------+--------------+----------------+-----------+---------------------+------------+---------------------+


+-----------------------------------------------------------------+
; Propagation Delay                                               ;
+------------+----------------+--------+--------+--------+--------+
; Input Port ; Output Port    ; RR     ; RF     ; FR     ; FF     ;
+------------+----------------+--------+--------+--------+--------+
; MODE[0]    ; INIT           ; 10.608 ;        ;        ; 10.608 ;
; MODE[0]    ; POP            ; 11.252 ; 11.252 ; 11.252 ; 11.252 ;
; MODE[0]    ; POP_ENABLE[0]  ; 14.990 ; 12.709 ; 12.709 ; 14.990 ;
; MODE[0]    ; POP_ENABLE[1]  ; 14.622 ; 12.385 ; 12.385 ; 14.622 ;
; MODE[0]    ; POP_ENABLE[2]  ; 14.733 ; 12.499 ; 12.499 ; 14.733 ;
; MODE[0]    ; POP_ENABLE[3]  ; 15.027 ; 12.645 ; 12.645 ; 15.027 ;
; MODE[0]    ; POP_ENABLE[4]  ; 14.194 ; 11.662 ; 11.662 ; 14.194 ;
; MODE[0]    ; POP_ENABLE[5]  ; 14.714 ; 12.332 ; 12.332 ; 14.714 ;
; MODE[0]    ; POP_ENABLE[6]  ; 15.902 ; 12.702 ; 12.702 ; 15.902 ;
; MODE[0]    ; POP_ENABLE[7]  ; 15.296 ; 12.914 ; 12.914 ; 15.296 ;
; MODE[0]    ; POP_ENABLE[8]  ; 14.739 ; 12.707 ; 12.707 ; 14.739 ;
; MODE[0]    ; POP_ENABLE[9]  ; 15.018 ; 12.636 ; 12.636 ; 15.018 ;
; MODE[0]    ; POP_ENABLE[10] ; 13.194 ; 10.779 ; 10.779 ; 13.194 ;
; MODE[0]    ; POP_ENABLE[11] ; 14.954 ; 12.572 ; 12.572 ; 14.954 ;
; MODE[0]    ; POP_ENABLE[12] ; 13.742 ; 11.710 ; 11.710 ; 13.742 ;
; MODE[0]    ; POP_ENABLE[13] ; 14.244 ; 12.115 ; 12.115 ; 14.244 ;
; MODE[0]    ; POP_ENABLE[14] ; 14.664 ; 11.980 ; 11.980 ; 14.664 ;
; MODE[0]    ; POP_ENABLE[15] ; 12.081 ; 10.049 ; 10.049 ; 12.081 ;
; MODE[0]    ; POP_ENABLE[16] ; 14.406 ; 12.024 ; 12.024 ; 14.406 ;
; MODE[0]    ; POP_ENABLE[17] ; 14.292 ; 11.947 ; 11.947 ; 14.292 ;
; MODE[0]    ; POP_ENABLE[18] ; 14.966 ; 12.584 ; 12.584 ; 14.966 ;
; MODE[0]    ; POP_ENABLE[19] ; 14.333 ; 11.994 ; 11.994 ; 14.333 ;
; MODE[0]    ; POP_ENABLE[20] ; 14.718 ; 11.967 ; 11.967 ; 14.718 ;
; MODE[0]    ; POP_ENABLE[21] ; 13.239 ; 11.116 ; 11.116 ; 13.239 ;
; MODE[0]    ; POP_ENABLE[22] ; 15.997 ; 13.119 ; 13.119 ; 15.997 ;
; MODE[0]    ; POP_ENABLE[23] ; 14.651 ; 12.269 ; 12.269 ; 14.651 ;
; MODE[0]    ; POP_ENABLE[24] ; 15.803 ; 12.936 ; 12.936 ; 15.803 ;
; MODE[0]    ; POP_ENABLE[25] ; 13.906 ; 11.571 ; 11.571 ; 13.906 ;
; MODE[0]    ; POP_ENABLE[26] ; 15.230 ; 12.848 ; 12.848 ; 15.230 ;
; MODE[0]    ; POP_ENABLE[27] ; 14.901 ; 12.571 ; 12.571 ; 14.901 ;
; MODE[0]    ; POP_ENABLE[28] ; 14.911 ; 12.272 ; 12.272 ; 14.911 ;
; MODE[0]    ; POP_ENABLE[29] ; 15.119 ; 12.542 ; 12.542 ; 15.119 ;
; MODE[0]    ; POP_ENABLE[30] ; 14.864 ; 12.177 ; 12.177 ; 14.864 ;
; MODE[0]    ; POP_ENABLE[31] ; 13.099 ; 10.717 ; 10.717 ; 13.099 ;
; MODE[0]    ; POP_ENABLE[32] ; 14.917 ; 12.535 ; 12.535 ; 14.917 ;
; MODE[0]    ; POP_ENABLE[33] ; 14.347 ; 11.965 ; 11.965 ; 14.347 ;
; MODE[0]    ; POP_ENABLE[34] ; 15.708 ; 13.328 ; 13.328 ; 15.708 ;
; MODE[0]    ; POP_ENABLE[35] ; 15.911 ; 13.576 ; 13.576 ; 15.911 ;
; MODE[0]    ; POP_ENABLE[36] ; 15.370 ; 12.492 ; 12.492 ; 15.370 ;
; MODE[0]    ; POP_ENABLE[37] ; 14.951 ; 12.569 ; 12.569 ; 14.951 ;
; MODE[0]    ; POP_ENABLE[38] ; 16.043 ; 13.165 ; 13.165 ; 16.043 ;
; MODE[0]    ; POP_ENABLE[39] ; 15.585 ; 13.203 ; 13.203 ; 15.585 ;
; MODE[0]    ; POP_ENABLE[40] ; 15.860 ; 13.478 ; 13.478 ; 15.860 ;
; MODE[0]    ; POP_ENABLE[41] ; 15.225 ; 12.843 ; 12.843 ; 15.225 ;
; MODE[0]    ; POP_ENABLE[42] ; 14.946 ; 12.564 ; 12.564 ; 14.946 ;
; MODE[0]    ; POP_ENABLE[43] ; 14.930 ; 12.626 ; 12.626 ; 14.930 ;
; MODE[0]    ; POP_ENABLE[44] ; 15.461 ; 12.818 ; 12.818 ; 15.461 ;
; MODE[0]    ; POP_ENABLE[45] ; 13.916 ; 11.787 ; 11.787 ; 13.916 ;
; MODE[0]    ; POP_ENABLE[46] ; 15.534 ; 12.816 ; 12.816 ; 15.534 ;
; MODE[0]    ; POP_ENABLE[47] ; 14.605 ; 11.727 ; 11.727 ; 14.605 ;
; MODE[0]    ; POP_ENABLE[48] ; 14.904 ; 12.522 ; 12.522 ; 14.904 ;
; MODE[0]    ; POP_ENABLE[49] ; 14.244 ; 11.899 ; 11.899 ; 14.244 ;
; MODE[0]    ; POP_ENABLE[50] ; 15.496 ; 13.262 ; 13.262 ; 15.496 ;
; MODE[0]    ; POP_ENABLE[51] ; 15.322 ; 12.940 ; 12.940 ; 15.322 ;
; MODE[1]    ; INIT           ;        ; 7.767  ; 7.767  ;        ;
; MODE[1]    ; POP            ; 8.395  ;        ;        ; 8.395  ;
; MODE[1]    ; POP_ENABLE[0]  ; 12.074 ; 12.132 ; 12.132 ; 12.074 ;
; MODE[1]    ; POP_ENABLE[1]  ; 11.750 ; 11.764 ; 11.764 ; 11.750 ;
; MODE[1]    ; POP_ENABLE[2]  ; 11.864 ; 11.875 ; 11.875 ; 11.864 ;
; MODE[1]    ; POP_ENABLE[3]  ; 12.010 ; 12.169 ; 12.169 ; 12.010 ;
; MODE[1]    ; POP_ENABLE[4]  ; 11.027 ; 11.336 ; 11.336 ; 11.027 ;
; MODE[1]    ; POP_ENABLE[5]  ; 11.697 ; 11.856 ; 11.856 ; 11.697 ;
; MODE[1]    ; POP_ENABLE[6]  ; 12.067 ; 13.044 ; 13.044 ; 12.067 ;
; MODE[1]    ; POP_ENABLE[7]  ; 12.279 ; 12.438 ; 12.438 ; 12.279 ;
; MODE[1]    ; POP_ENABLE[8]  ; 12.072 ; 12.072 ; 12.072 ; 12.072 ;
; MODE[1]    ; POP_ENABLE[9]  ; 12.001 ; 12.160 ; 12.160 ; 12.001 ;
; MODE[1]    ; POP_ENABLE[10] ; 10.144 ; 10.336 ; 10.336 ; 10.144 ;
; MODE[1]    ; POP_ENABLE[11] ; 11.937 ; 12.096 ; 12.096 ; 11.937 ;
; MODE[1]    ; POP_ENABLE[12] ; 11.075 ; 11.075 ; 11.075 ; 11.075 ;
; MODE[1]    ; POP_ENABLE[13] ; 11.480 ; 11.480 ; 11.480 ; 11.480 ;
; MODE[1]    ; POP_ENABLE[14] ; 11.345 ; 11.806 ; 11.806 ; 11.345 ;
; MODE[1]    ; POP_ENABLE[15] ; 9.414  ; 9.414  ; 9.414  ; 9.414  ;
; MODE[1]    ; POP_ENABLE[16] ; 11.389 ; 11.548 ; 11.548 ; 11.389 ;
; MODE[1]    ; POP_ENABLE[17] ; 11.312 ; 11.434 ; 11.434 ; 11.312 ;
; MODE[1]    ; POP_ENABLE[18] ; 11.949 ; 12.108 ; 12.108 ; 11.949 ;
; MODE[1]    ; POP_ENABLE[19] ; 11.359 ; 11.475 ; 11.475 ; 11.359 ;
; MODE[1]    ; POP_ENABLE[20] ; 11.332 ; 11.860 ; 11.860 ; 11.332 ;
; MODE[1]    ; POP_ENABLE[21] ; 10.481 ; 10.481 ; 10.481 ; 10.481 ;
; MODE[1]    ; POP_ENABLE[22] ; 12.484 ; 13.139 ; 13.139 ; 12.484 ;
; MODE[1]    ; POP_ENABLE[23] ; 11.634 ; 11.793 ; 11.793 ; 11.634 ;
; MODE[1]    ; POP_ENABLE[24] ; 12.301 ; 12.945 ; 12.945 ; 12.301 ;
; MODE[1]    ; POP_ENABLE[25] ; 10.936 ; 11.048 ; 11.048 ; 10.936 ;
; MODE[1]    ; POP_ENABLE[26] ; 12.213 ; 12.372 ; 12.372 ; 12.213 ;
; MODE[1]    ; POP_ENABLE[27] ; 11.936 ; 12.043 ; 12.043 ; 11.936 ;
; MODE[1]    ; POP_ENABLE[28] ; 11.637 ; 12.053 ; 12.053 ; 11.637 ;
; MODE[1]    ; POP_ENABLE[29] ; 11.907 ; 12.261 ; 12.261 ; 11.907 ;
; MODE[1]    ; POP_ENABLE[30] ; 11.542 ; 12.006 ; 12.006 ; 11.542 ;
; MODE[1]    ; POP_ENABLE[31] ; 10.082 ; 10.241 ; 10.241 ; 10.082 ;
; MODE[1]    ; POP_ENABLE[32] ; 11.900 ; 12.059 ; 12.059 ; 11.900 ;
; MODE[1]    ; POP_ENABLE[33] ; 11.330 ; 11.489 ; 11.489 ; 11.330 ;
; MODE[1]    ; POP_ENABLE[34] ; 12.693 ; 12.850 ; 12.850 ; 12.693 ;
; MODE[1]    ; POP_ENABLE[35] ; 12.941 ; 13.053 ; 13.053 ; 12.941 ;
; MODE[1]    ; POP_ENABLE[36] ; 11.857 ; 12.512 ; 12.512 ; 11.857 ;
; MODE[1]    ; POP_ENABLE[37] ; 11.934 ; 12.093 ; 12.093 ; 11.934 ;
; MODE[1]    ; POP_ENABLE[38] ; 12.530 ; 13.185 ; 13.185 ; 12.530 ;
; MODE[1]    ; POP_ENABLE[39] ; 12.568 ; 12.727 ; 12.727 ; 12.568 ;
; MODE[1]    ; POP_ENABLE[40] ; 12.843 ; 13.002 ; 13.002 ; 12.843 ;
; MODE[1]    ; POP_ENABLE[41] ; 12.208 ; 12.367 ; 12.367 ; 12.208 ;
; MODE[1]    ; POP_ENABLE[42] ; 11.929 ; 12.088 ; 12.088 ; 11.929 ;
; MODE[1]    ; POP_ENABLE[43] ; 11.991 ; 12.072 ; 12.072 ; 11.991 ;
; MODE[1]    ; POP_ENABLE[44] ; 12.183 ; 12.603 ; 12.603 ; 12.183 ;
; MODE[1]    ; POP_ENABLE[45] ; 11.152 ; 11.152 ; 11.152 ; 11.152 ;
; MODE[1]    ; POP_ENABLE[46] ; 12.181 ; 12.676 ; 12.676 ; 12.181 ;
; MODE[1]    ; POP_ENABLE[47] ; 11.092 ; 11.747 ; 11.747 ; 11.092 ;
; MODE[1]    ; POP_ENABLE[48] ; 11.887 ; 12.046 ; 12.046 ; 11.887 ;
; MODE[1]    ; POP_ENABLE[49] ; 11.264 ; 11.386 ; 11.386 ; 11.264 ;
; MODE[1]    ; POP_ENABLE[50] ; 12.627 ; 12.638 ; 12.638 ; 12.627 ;
; MODE[1]    ; POP_ENABLE[51] ; 12.305 ; 12.464 ; 12.464 ; 12.305 ;
+------------+----------------+--------+--------+--------+--------+


+-----------------------------------------------------------------+
; Minimum Propagation Delay                                       ;
+------------+----------------+--------+--------+--------+--------+
; Input Port ; Output Port    ; RR     ; RF     ; FR     ; FF     ;
+------------+----------------+--------+--------+--------+--------+
; MODE[0]    ; INIT           ; 10.608 ;        ;        ; 10.608 ;
; MODE[0]    ; POP            ; 11.252 ; 11.252 ; 11.252 ; 11.252 ;
; MODE[0]    ; POP_ENABLE[0]  ; 11.521 ; 11.521 ; 11.521 ; 11.521 ;
; MODE[0]    ; POP_ENABLE[1]  ; 10.503 ; 10.503 ; 10.503 ; 10.503 ;
; MODE[0]    ; POP_ENABLE[2]  ; 11.509 ; 11.509 ; 11.509 ; 11.509 ;
; MODE[0]    ; POP_ENABLE[3]  ; 11.904 ; 11.904 ; 11.904 ; 11.904 ;
; MODE[0]    ; POP_ENABLE[4]  ; 11.461 ; 11.461 ; 11.461 ; 11.461 ;
; MODE[0]    ; POP_ENABLE[5]  ; 11.069 ; 11.069 ; 11.069 ; 11.069 ;
; MODE[0]    ; POP_ENABLE[6]  ; 12.452 ; 12.452 ; 12.452 ; 12.452 ;
; MODE[0]    ; POP_ENABLE[7]  ; 12.255 ; 12.255 ; 12.255 ; 12.255 ;
; MODE[0]    ; POP_ENABLE[8]  ; 12.145 ; 12.145 ; 12.145 ; 12.145 ;
; MODE[0]    ; POP_ENABLE[9]  ; 11.725 ; 11.725 ; 11.725 ; 11.725 ;
; MODE[0]    ; POP_ENABLE[10] ; 10.663 ; 10.663 ; 10.663 ; 10.663 ;
; MODE[0]    ; POP_ENABLE[11] ; 11.837 ; 11.837 ; 11.837 ; 11.837 ;
; MODE[0]    ; POP_ENABLE[12] ; 11.033 ; 11.033 ; 11.033 ; 11.033 ;
; MODE[0]    ; POP_ENABLE[13] ; 11.603 ; 11.603 ; 11.603 ; 11.603 ;
; MODE[0]    ; POP_ENABLE[14] ; 11.252 ; 11.252 ; 11.252 ; 11.252 ;
; MODE[0]    ; POP_ENABLE[15] ; 10.049 ; 10.049 ; 10.049 ; 10.049 ;
; MODE[0]    ; POP_ENABLE[16] ; 11.294 ; 11.294 ; 11.294 ; 11.294 ;
; MODE[0]    ; POP_ENABLE[17] ; 11.763 ; 11.763 ; 11.763 ; 11.763 ;
; MODE[0]    ; POP_ENABLE[18] ; 11.879 ; 11.879 ; 11.879 ; 11.879 ;
; MODE[0]    ; POP_ENABLE[19] ; 11.229 ; 11.229 ; 11.229 ; 11.229 ;
; MODE[0]    ; POP_ENABLE[20] ; 11.175 ; 11.175 ; 11.175 ; 11.175 ;
; MODE[0]    ; POP_ENABLE[21] ; 10.645 ; 10.645 ; 10.645 ; 10.645 ;
; MODE[0]    ; POP_ENABLE[22] ; 12.412 ; 12.412 ; 12.412 ; 12.412 ;
; MODE[0]    ; POP_ENABLE[23] ; 11.554 ; 11.554 ; 11.554 ; 11.554 ;
; MODE[0]    ; POP_ENABLE[24] ; 11.654 ; 11.654 ; 11.654 ; 11.654 ;
; MODE[0]    ; POP_ENABLE[25] ; 11.350 ; 11.350 ; 11.350 ; 11.350 ;
; MODE[0]    ; POP_ENABLE[26] ; 12.007 ; 12.007 ; 12.007 ; 12.007 ;
; MODE[0]    ; POP_ENABLE[27] ; 11.805 ; 11.805 ; 11.805 ; 11.805 ;
; MODE[0]    ; POP_ENABLE[28] ; 11.074 ; 11.074 ; 11.074 ; 11.074 ;
; MODE[0]    ; POP_ENABLE[29] ; 11.920 ; 11.920 ; 11.920 ; 11.920 ;
; MODE[0]    ; POP_ENABLE[30] ; 11.257 ; 11.257 ; 11.257 ; 11.257 ;
; MODE[0]    ; POP_ENABLE[31] ; 10.717 ; 10.717 ; 10.717 ; 10.717 ;
; MODE[0]    ; POP_ENABLE[32] ; 11.817 ; 11.817 ; 11.817 ; 11.817 ;
; MODE[0]    ; POP_ENABLE[33] ; 11.417 ; 11.417 ; 11.417 ; 11.417 ;
; MODE[0]    ; POP_ENABLE[34] ; 12.799 ; 12.799 ; 12.799 ; 12.799 ;
; MODE[0]    ; POP_ENABLE[35] ; 12.794 ; 12.794 ; 12.794 ; 12.794 ;
; MODE[0]    ; POP_ENABLE[36] ; 12.177 ; 12.177 ; 12.177 ; 12.177 ;
; MODE[0]    ; POP_ENABLE[37] ; 11.343 ; 11.343 ; 11.343 ; 11.343 ;
; MODE[0]    ; POP_ENABLE[38] ; 12.456 ; 12.456 ; 12.456 ; 12.456 ;
; MODE[0]    ; POP_ENABLE[39] ; 12.480 ; 12.480 ; 12.480 ; 12.480 ;
; MODE[0]    ; POP_ENABLE[40] ; 11.075 ; 11.075 ; 11.075 ; 11.075 ;
; MODE[0]    ; POP_ENABLE[41] ; 12.514 ; 12.514 ; 12.514 ; 12.514 ;
; MODE[0]    ; POP_ENABLE[42] ; 11.728 ; 11.728 ; 11.728 ; 11.728 ;
; MODE[0]    ; POP_ENABLE[43] ; 11.830 ; 11.830 ; 11.830 ; 11.830 ;
; MODE[0]    ; POP_ENABLE[44] ; 11.625 ; 11.625 ; 11.625 ; 11.625 ;
; MODE[0]    ; POP_ENABLE[45] ; 11.215 ; 11.215 ; 11.215 ; 11.215 ;
; MODE[0]    ; POP_ENABLE[46] ; 12.081 ; 12.081 ; 12.081 ; 12.081 ;
; MODE[0]    ; POP_ENABLE[47] ; 11.411 ; 11.411 ; 11.411 ; 11.411 ;
; MODE[0]    ; POP_ENABLE[48] ; 11.805 ; 11.805 ; 11.805 ; 11.805 ;
; MODE[0]    ; POP_ENABLE[49] ; 11.565 ; 11.565 ; 11.565 ; 11.565 ;
; MODE[0]    ; POP_ENABLE[50] ; 12.360 ; 12.360 ; 12.360 ; 12.360 ;
; MODE[0]    ; POP_ENABLE[51] ; 12.300 ; 12.300 ; 12.300 ; 12.300 ;
; MODE[1]    ; INIT           ;        ; 7.767  ; 7.767  ;        ;
; MODE[1]    ; POP            ; 8.395  ;        ;        ; 8.395  ;
; MODE[1]    ; POP_ENABLE[0]  ; 10.886 ; 10.695 ; 10.695 ; 10.886 ;
; MODE[1]    ; POP_ENABLE[1]  ; 9.868  ; 9.677  ; 9.677  ; 9.868  ;
; MODE[1]    ; POP_ENABLE[2]  ; 10.874 ; 10.683 ; 10.683 ; 10.874 ;
; MODE[1]    ; POP_ENABLE[3]  ; 11.269 ; 11.269 ; 11.269 ; 11.269 ;
; MODE[1]    ; POP_ENABLE[4]  ; 10.826 ; 10.635 ; 10.635 ; 10.826 ;
; MODE[1]    ; POP_ENABLE[5]  ; 10.434 ; 10.434 ; 10.434 ; 10.434 ;
; MODE[1]    ; POP_ENABLE[6]  ; 11.817 ; 11.626 ; 11.626 ; 11.817 ;
; MODE[1]    ; POP_ENABLE[7]  ; 11.620 ; 11.620 ; 11.620 ; 11.620 ;
; MODE[1]    ; POP_ENABLE[8]  ; 11.510 ; 11.510 ; 11.510 ; 11.510 ;
; MODE[1]    ; POP_ENABLE[9]  ; 11.090 ; 10.987 ; 10.987 ; 11.090 ;
; MODE[1]    ; POP_ENABLE[10] ; 10.028 ; 9.837  ; 9.837  ; 10.028 ;
; MODE[1]    ; POP_ENABLE[11] ; 11.202 ; 11.202 ; 11.202 ; 11.202 ;
; MODE[1]    ; POP_ENABLE[12] ; 10.398 ; 10.398 ; 10.398 ; 10.398 ;
; MODE[1]    ; POP_ENABLE[13] ; 10.968 ; 10.968 ; 10.968 ; 10.968 ;
; MODE[1]    ; POP_ENABLE[14] ; 10.617 ; 10.617 ; 10.617 ; 10.617 ;
; MODE[1]    ; POP_ENABLE[15] ; 9.414  ; 9.223  ; 9.223  ; 9.414  ;
; MODE[1]    ; POP_ENABLE[16] ; 10.659 ; 10.659 ; 10.659 ; 10.659 ;
; MODE[1]    ; POP_ENABLE[17] ; 11.128 ; 11.128 ; 11.128 ; 11.128 ;
; MODE[1]    ; POP_ENABLE[18] ; 11.244 ; 11.244 ; 11.244 ; 11.244 ;
; MODE[1]    ; POP_ENABLE[19] ; 10.594 ; 10.594 ; 10.594 ; 10.594 ;
; MODE[1]    ; POP_ENABLE[20] ; 10.540 ; 10.540 ; 10.540 ; 10.540 ;
; MODE[1]    ; POP_ENABLE[21] ; 10.010 ; 10.010 ; 10.010 ; 10.010 ;
; MODE[1]    ; POP_ENABLE[22] ; 11.777 ; 11.777 ; 11.777 ; 11.777 ;
; MODE[1]    ; POP_ENABLE[23] ; 10.919 ; 10.919 ; 10.919 ; 10.919 ;
; MODE[1]    ; POP_ENABLE[24] ; 11.019 ; 11.019 ; 11.019 ; 11.019 ;
; MODE[1]    ; POP_ENABLE[25] ; 10.715 ; 10.715 ; 10.715 ; 10.715 ;
; MODE[1]    ; POP_ENABLE[26] ; 11.372 ; 11.372 ; 11.372 ; 11.372 ;
; MODE[1]    ; POP_ENABLE[27] ; 11.170 ; 11.170 ; 11.170 ; 11.170 ;
; MODE[1]    ; POP_ENABLE[28] ; 10.439 ; 10.439 ; 10.439 ; 10.439 ;
; MODE[1]    ; POP_ENABLE[29] ; 11.285 ; 11.285 ; 11.285 ; 11.285 ;
; MODE[1]    ; POP_ENABLE[30] ; 10.622 ; 10.622 ; 10.622 ; 10.622 ;
; MODE[1]    ; POP_ENABLE[31] ; 10.082 ; 10.082 ; 10.082 ; 10.082 ;
; MODE[1]    ; POP_ENABLE[32] ; 11.182 ; 11.182 ; 11.182 ; 11.182 ;
; MODE[1]    ; POP_ENABLE[33] ; 10.782 ; 10.782 ; 10.782 ; 10.782 ;
; MODE[1]    ; POP_ENABLE[34] ; 12.164 ; 12.164 ; 12.164 ; 12.164 ;
; MODE[1]    ; POP_ENABLE[35] ; 12.159 ; 12.159 ; 12.159 ; 12.159 ;
; MODE[1]    ; POP_ENABLE[36] ; 11.542 ; 11.542 ; 11.542 ; 11.542 ;
; MODE[1]    ; POP_ENABLE[37] ; 10.708 ; 10.708 ; 10.708 ; 10.708 ;
; MODE[1]    ; POP_ENABLE[38] ; 11.821 ; 11.821 ; 11.821 ; 11.821 ;
; MODE[1]    ; POP_ENABLE[39] ; 11.845 ; 11.845 ; 11.845 ; 11.845 ;
; MODE[1]    ; POP_ENABLE[40] ; 10.440 ; 10.440 ; 10.440 ; 10.440 ;
; MODE[1]    ; POP_ENABLE[41] ; 11.879 ; 11.776 ; 11.776 ; 11.879 ;
; MODE[1]    ; POP_ENABLE[42] ; 11.093 ; 11.093 ; 11.093 ; 11.093 ;
; MODE[1]    ; POP_ENABLE[43] ; 11.195 ; 11.195 ; 11.195 ; 11.195 ;
; MODE[1]    ; POP_ENABLE[44] ; 10.990 ; 10.990 ; 10.990 ; 10.990 ;
; MODE[1]    ; POP_ENABLE[45] ; 10.580 ; 10.580 ; 10.580 ; 10.580 ;
; MODE[1]    ; POP_ENABLE[46] ; 11.446 ; 11.446 ; 11.446 ; 11.446 ;
; MODE[1]    ; POP_ENABLE[47] ; 10.776 ; 10.776 ; 10.776 ; 10.776 ;
; MODE[1]    ; POP_ENABLE[48] ; 11.170 ; 11.170 ; 11.170 ; 11.170 ;
; MODE[1]    ; POP_ENABLE[49] ; 10.930 ; 10.930 ; 10.930 ; 10.930 ;
; MODE[1]    ; POP_ENABLE[50] ; 11.725 ; 11.725 ; 11.725 ; 11.725 ;
; MODE[1]    ; POP_ENABLE[51] ; 11.665 ; 11.665 ; 11.665 ; 11.665 ;
+------------+----------------+--------+--------+--------+--------+


----------------------------
; Fast Model Setup Summary ;
----------------------------
No paths to report.


---------------------------
; Fast Model Hold Summary ;
---------------------------
No paths to report.


-------------------------------
; Fast Model Recovery Summary ;
-------------------------------
No paths to report.


------------------------------
; Fast Model Removal Summary ;
------------------------------
No paths to report.


+----------------------------------------------+
; Fast Model Minimum Pulse Width Summary       ;
+---------------------+--------+---------------+
; Clock               ; Slack  ; End Point TNS ;
+---------------------+--------+---------------+
; altera_reserved_tck ; 97.778 ; 0.000         ;
+---------------------+--------+---------------+


+-------------------------------------------------------------------------------------------------------------+
; Fast Model Minimum Pulse Width: 'altera_reserved_tck'                                                       ;
+--------+--------------+----------------+-----------+---------------------+------------+---------------------+
; Slack  ; Actual Width ; Required Width ; Type      ; Clock               ; Clock Edge ; Target              ;
+--------+--------------+----------------+-----------+---------------------+------------+---------------------+
; 97.778 ; 100.000      ; 2.222          ; Port Rate ; altera_reserved_tck ; Rise       ; altera_reserved_tck ;
+--------+--------------+----------------+-----------+---------------------+------------+---------------------+


+-------------------------------------------------------------+
; Propagation Delay                                           ;
+------------+----------------+-------+-------+-------+-------+
; Input Port ; Output Port    ; RR    ; RF    ; FR    ; FF    ;
+------------+----------------+-------+-------+-------+-------+
; MODE[0]    ; INIT           ; 4.790 ;       ;       ; 4.790 ;
; MODE[0]    ; POP            ; 4.999 ; 4.999 ; 4.999 ; 4.999 ;
; MODE[0]    ; POP_ENABLE[0]  ; 6.468 ; 5.530 ; 5.530 ; 6.468 ;
; MODE[0]    ; POP_ENABLE[1]  ; 6.320 ; 5.395 ; 5.395 ; 6.320 ;
; MODE[0]    ; POP_ENABLE[2]  ; 6.318 ; 5.393 ; 5.393 ; 6.318 ;
; MODE[0]    ; POP_ENABLE[3]  ; 6.396 ; 5.485 ; 5.485 ; 6.396 ;
; MODE[0]    ; POP_ENABLE[4]  ; 6.113 ; 5.143 ; 5.143 ; 6.113 ;
; MODE[0]    ; POP_ENABLE[5]  ; 6.327 ; 5.416 ; 5.416 ; 6.327 ;
; MODE[0]    ; POP_ENABLE[6]  ; 6.888 ; 5.606 ; 5.606 ; 6.888 ;
; MODE[0]    ; POP_ENABLE[7]  ; 6.565 ; 5.654 ; 5.654 ; 6.565 ;
; MODE[0]    ; POP_ENABLE[8]  ; 6.398 ; 5.632 ; 5.632 ; 6.398 ;
; MODE[0]    ; POP_ENABLE[9]  ; 6.420 ; 5.509 ; 5.509 ; 6.420 ;
; MODE[0]    ; POP_ENABLE[10] ; 5.693 ; 4.802 ; 4.802 ; 5.693 ;
; MODE[0]    ; POP_ENABLE[11] ; 6.424 ; 5.513 ; 5.513 ; 6.424 ;
; MODE[0]    ; POP_ENABLE[12] ; 5.928 ; 5.162 ; 5.162 ; 5.928 ;
; MODE[0]    ; POP_ENABLE[13] ; 6.152 ; 5.331 ; 5.331 ; 6.152 ;
; MODE[0]    ; POP_ENABLE[14] ; 6.330 ; 5.310 ; 5.310 ; 6.330 ;
; MODE[0]    ; POP_ENABLE[15] ; 5.306 ; 4.540 ; 4.540 ; 5.306 ;
; MODE[0]    ; POP_ENABLE[16] ; 6.201 ; 5.290 ; 5.290 ; 6.201 ;
; MODE[0]    ; POP_ENABLE[17] ; 6.124 ; 5.222 ; 5.222 ; 6.124 ;
; MODE[0]    ; POP_ENABLE[18] ; 6.412 ; 5.501 ; 5.501 ; 6.412 ;
; MODE[0]    ; POP_ENABLE[19] ; 6.193 ; 5.282 ; 5.282 ; 6.193 ;
; MODE[0]    ; POP_ENABLE[20] ; 6.309 ; 5.233 ; 5.233 ; 6.309 ;
; MODE[0]    ; POP_ENABLE[21] ; 5.750 ; 4.936 ; 4.936 ; 5.750 ;
; MODE[0]    ; POP_ENABLE[22] ; 6.802 ; 5.654 ; 5.654 ; 6.802 ;
; MODE[0]    ; POP_ENABLE[23] ; 6.331 ; 5.420 ; 5.420 ; 6.331 ;
; MODE[0]    ; POP_ENABLE[24] ; 6.761 ; 5.660 ; 5.660 ; 6.761 ;
; MODE[0]    ; POP_ENABLE[25] ; 6.045 ; 5.151 ; 5.151 ; 6.045 ;
; MODE[0]    ; POP_ENABLE[26] ; 6.523 ; 5.612 ; 5.612 ; 6.523 ;
; MODE[0]    ; POP_ENABLE[27] ; 6.350 ; 5.439 ; 5.439 ; 6.350 ;
; MODE[0]    ; POP_ENABLE[28] ; 6.369 ; 5.328 ; 5.328 ; 6.369 ;
; MODE[0]    ; POP_ENABLE[29] ; 6.511 ; 5.494 ; 5.494 ; 6.511 ;
; MODE[0]    ; POP_ENABLE[30] ; 6.416 ; 5.342 ; 5.342 ; 6.416 ;
; MODE[0]    ; POP_ENABLE[31] ; 5.684 ; 4.773 ; 4.773 ; 5.684 ;
; MODE[0]    ; POP_ENABLE[32] ; 6.415 ; 5.504 ; 5.504 ; 6.415 ;
; MODE[0]    ; POP_ENABLE[33] ; 6.206 ; 5.289 ; 5.289 ; 6.206 ;
; MODE[0]    ; POP_ENABLE[34] ; 6.640 ; 5.654 ; 5.654 ; 6.640 ;
; MODE[0]    ; POP_ENABLE[35] ; 6.815 ; 5.904 ; 5.904 ; 6.815 ;
; MODE[0]    ; POP_ENABLE[36] ; 6.572 ; 5.424 ; 5.424 ; 6.572 ;
; MODE[0]    ; POP_ENABLE[37] ; 6.321 ; 5.410 ; 5.410 ; 6.321 ;
; MODE[0]    ; POP_ENABLE[38] ; 6.742 ; 5.594 ; 5.594 ; 6.742 ;
; MODE[0]    ; POP_ENABLE[39] ; 6.605 ; 5.694 ; 5.694 ; 6.605 ;
; MODE[0]    ; POP_ENABLE[40] ; 6.746 ; 5.830 ; 5.830 ; 6.746 ;
; MODE[0]    ; POP_ENABLE[41] ; 6.543 ; 5.632 ; 5.632 ; 6.543 ;
; MODE[0]    ; POP_ENABLE[42] ; 6.418 ; 5.507 ; 5.507 ; 6.418 ;
; MODE[0]    ; POP_ENABLE[43] ; 6.430 ; 5.519 ; 5.519 ; 6.430 ;
; MODE[0]    ; POP_ENABLE[44] ; 6.629 ; 5.583 ; 5.583 ; 6.629 ;
; MODE[0]    ; POP_ENABLE[45] ; 5.968 ; 5.147 ; 5.147 ; 5.968 ;
; MODE[0]    ; POP_ENABLE[46] ; 6.639 ; 5.619 ; 5.619 ; 6.639 ;
; MODE[0]    ; POP_ENABLE[47] ; 6.329 ; 5.181 ; 5.181 ; 6.329 ;
; MODE[0]    ; POP_ENABLE[48] ; 6.488 ; 5.577 ; 5.577 ; 6.488 ;
; MODE[0]    ; POP_ENABLE[49] ; 6.127 ; 5.225 ; 5.225 ; 6.127 ;
; MODE[0]    ; POP_ENABLE[50] ; 6.523 ; 5.598 ; 5.598 ; 6.523 ;
; MODE[0]    ; POP_ENABLE[51] ; 6.577 ; 5.666 ; 5.666 ; 6.577 ;
; MODE[1]    ; INIT           ;       ; 3.640 ; 3.640 ;       ;
; MODE[1]    ; POP            ; 3.845 ;       ;       ; 3.845 ;
; MODE[1]    ; POP_ENABLE[0]  ; 5.243 ; 5.310 ; 5.310 ; 5.243 ;
; MODE[1]    ; POP_ENABLE[1]  ; 5.108 ; 5.162 ; 5.162 ; 5.108 ;
; MODE[1]    ; POP_ENABLE[2]  ; 5.106 ; 5.160 ; 5.160 ; 5.106 ;
; MODE[1]    ; POP_ENABLE[3]  ; 5.198 ; 5.238 ; 5.238 ; 5.198 ;
; MODE[1]    ; POP_ENABLE[4]  ; 4.856 ; 4.955 ; 4.955 ; 4.856 ;
; MODE[1]    ; POP_ENABLE[5]  ; 5.129 ; 5.169 ; 5.169 ; 5.129 ;
; MODE[1]    ; POP_ENABLE[6]  ; 5.319 ; 5.730 ; 5.730 ; 5.319 ;
; MODE[1]    ; POP_ENABLE[7]  ; 5.367 ; 5.407 ; 5.407 ; 5.367 ;
; MODE[1]    ; POP_ENABLE[8]  ; 5.345 ; 5.345 ; 5.345 ; 5.345 ;
; MODE[1]    ; POP_ENABLE[9]  ; 5.222 ; 5.262 ; 5.262 ; 5.222 ;
; MODE[1]    ; POP_ENABLE[10] ; 4.515 ; 4.535 ; 4.535 ; 4.515 ;
; MODE[1]    ; POP_ENABLE[11] ; 5.226 ; 5.266 ; 5.266 ; 5.226 ;
; MODE[1]    ; POP_ENABLE[12] ; 4.875 ; 4.875 ; 4.875 ; 4.875 ;
; MODE[1]    ; POP_ENABLE[13] ; 5.044 ; 5.044 ; 5.044 ; 5.044 ;
; MODE[1]    ; POP_ENABLE[14] ; 5.023 ; 5.172 ; 5.172 ; 5.023 ;
; MODE[1]    ; POP_ENABLE[15] ; 4.253 ; 4.253 ; 4.253 ; 4.253 ;
; MODE[1]    ; POP_ENABLE[16] ; 5.003 ; 5.043 ; 5.043 ; 5.003 ;
; MODE[1]    ; POP_ENABLE[17] ; 4.935 ; 4.966 ; 4.966 ; 4.935 ;
; MODE[1]    ; POP_ENABLE[18] ; 5.214 ; 5.254 ; 5.254 ; 5.214 ;
; MODE[1]    ; POP_ENABLE[19] ; 4.995 ; 5.035 ; 5.035 ; 4.995 ;
; MODE[1]    ; POP_ENABLE[20] ; 4.946 ; 5.151 ; 5.151 ; 4.946 ;
; MODE[1]    ; POP_ENABLE[21] ; 4.649 ; 4.649 ; 4.649 ; 4.649 ;
; MODE[1]    ; POP_ENABLE[22] ; 5.367 ; 5.644 ; 5.644 ; 5.367 ;
; MODE[1]    ; POP_ENABLE[23] ; 5.133 ; 5.173 ; 5.173 ; 5.133 ;
; MODE[1]    ; POP_ENABLE[24] ; 5.373 ; 5.603 ; 5.603 ; 5.373 ;
; MODE[1]    ; POP_ENABLE[25] ; 4.864 ; 4.887 ; 4.887 ; 4.864 ;
; MODE[1]    ; POP_ENABLE[26] ; 5.325 ; 5.365 ; 5.365 ; 5.325 ;
; MODE[1]    ; POP_ENABLE[27] ; 5.152 ; 5.192 ; 5.192 ; 5.152 ;
; MODE[1]    ; POP_ENABLE[28] ; 5.041 ; 5.211 ; 5.211 ; 5.041 ;
; MODE[1]    ; POP_ENABLE[29] ; 5.207 ; 5.353 ; 5.353 ; 5.207 ;
; MODE[1]    ; POP_ENABLE[30] ; 5.055 ; 5.258 ; 5.258 ; 5.055 ;
; MODE[1]    ; POP_ENABLE[31] ; 4.486 ; 4.526 ; 4.526 ; 4.486 ;
; MODE[1]    ; POP_ENABLE[32] ; 5.217 ; 5.257 ; 5.257 ; 5.217 ;
; MODE[1]    ; POP_ENABLE[33] ; 5.002 ; 5.048 ; 5.048 ; 5.002 ;
; MODE[1]    ; POP_ENABLE[34] ; 5.367 ; 5.482 ; 5.482 ; 5.367 ;
; MODE[1]    ; POP_ENABLE[35] ; 5.617 ; 5.657 ; 5.657 ; 5.617 ;
; MODE[1]    ; POP_ENABLE[36] ; 5.137 ; 5.414 ; 5.414 ; 5.137 ;
; MODE[1]    ; POP_ENABLE[37] ; 5.123 ; 5.163 ; 5.163 ; 5.123 ;
; MODE[1]    ; POP_ENABLE[38] ; 5.307 ; 5.584 ; 5.584 ; 5.307 ;
; MODE[1]    ; POP_ENABLE[39] ; 5.407 ; 5.447 ; 5.447 ; 5.407 ;
; MODE[1]    ; POP_ENABLE[40] ; 5.543 ; 5.588 ; 5.588 ; 5.543 ;
; MODE[1]    ; POP_ENABLE[41] ; 5.345 ; 5.385 ; 5.385 ; 5.345 ;
; MODE[1]    ; POP_ENABLE[42] ; 5.220 ; 5.260 ; 5.260 ; 5.220 ;
; MODE[1]    ; POP_ENABLE[43] ; 5.232 ; 5.272 ; 5.272 ; 5.232 ;
; MODE[1]    ; POP_ENABLE[44] ; 5.296 ; 5.471 ; 5.471 ; 5.296 ;
; MODE[1]    ; POP_ENABLE[45] ; 4.860 ; 4.860 ; 4.860 ; 4.860 ;
; MODE[1]    ; POP_ENABLE[46] ; 5.332 ; 5.481 ; 5.481 ; 5.332 ;
; MODE[1]    ; POP_ENABLE[47] ; 4.894 ; 5.171 ; 5.171 ; 4.894 ;
; MODE[1]    ; POP_ENABLE[48] ; 5.290 ; 5.330 ; 5.330 ; 5.290 ;
; MODE[1]    ; POP_ENABLE[49] ; 4.938 ; 4.969 ; 4.969 ; 4.938 ;
; MODE[1]    ; POP_ENABLE[50] ; 5.311 ; 5.365 ; 5.365 ; 5.311 ;
; MODE[1]    ; POP_ENABLE[51] ; 5.379 ; 5.419 ; 5.419 ; 5.379 ;
+------------+----------------+-------+-------+-------+-------+


+-------------------------------------------------------------+
; Minimum Propagation Delay                                   ;
+------------+----------------+-------+-------+-------+-------+
; Input Port ; Output Port    ; RR    ; RF    ; FR    ; FF    ;
+------------+----------------+-------+-------+-------+-------+
; MODE[0]    ; INIT           ; 4.790 ;       ;       ; 4.790 ;
; MODE[0]    ; POP            ; 4.999 ; 4.999 ; 4.999 ; 4.999 ;
; MODE[0]    ; POP_ENABLE[0]  ; 5.175 ; 5.175 ; 5.175 ; 5.175 ;
; MODE[0]    ; POP_ENABLE[1]  ; 4.715 ; 4.715 ; 4.715 ; 4.715 ;
; MODE[0]    ; POP_ENABLE[2]  ; 5.112 ; 5.112 ; 5.112 ; 5.112 ;
; MODE[0]    ; POP_ENABLE[3]  ; 5.200 ; 5.200 ; 5.200 ; 5.200 ;
; MODE[0]    ; POP_ENABLE[4]  ; 5.070 ; 5.070 ; 5.070 ; 5.070 ;
; MODE[0]    ; POP_ENABLE[5]  ; 4.895 ; 4.895 ; 4.895 ; 4.895 ;
; MODE[0]    ; POP_ENABLE[6]  ; 5.603 ; 5.603 ; 5.603 ; 5.603 ;
; MODE[0]    ; POP_ENABLE[7]  ; 5.395 ; 5.395 ; 5.395 ; 5.395 ;
; MODE[0]    ; POP_ENABLE[8]  ; 5.318 ; 5.318 ; 5.318 ; 5.318 ;
; MODE[0]    ; POP_ENABLE[9]  ; 5.151 ; 5.151 ; 5.151 ; 5.151 ;
; MODE[0]    ; POP_ENABLE[10] ; 4.769 ; 4.769 ; 4.769 ; 4.769 ;
; MODE[0]    ; POP_ENABLE[11] ; 5.228 ; 5.228 ; 5.228 ; 5.228 ;
; MODE[0]    ; POP_ENABLE[12] ; 4.818 ; 4.818 ; 4.818 ; 4.818 ;
; MODE[0]    ; POP_ENABLE[13] ; 5.129 ; 5.129 ; 5.129 ; 5.129 ;
; MODE[0]    ; POP_ENABLE[14] ; 4.996 ; 4.996 ; 4.996 ; 4.996 ;
; MODE[0]    ; POP_ENABLE[15] ; 4.540 ; 4.540 ; 4.540 ; 4.540 ;
; MODE[0]    ; POP_ENABLE[16] ; 4.976 ; 4.976 ; 4.976 ; 4.976 ;
; MODE[0]    ; POP_ENABLE[17] ; 5.149 ; 5.149 ; 5.149 ; 5.149 ;
; MODE[0]    ; POP_ENABLE[18] ; 5.193 ; 5.193 ; 5.193 ; 5.193 ;
; MODE[0]    ; POP_ENABLE[19] ; 4.973 ; 4.973 ; 4.973 ; 4.973 ;
; MODE[0]    ; POP_ENABLE[20] ; 4.917 ; 4.917 ; 4.917 ; 4.917 ;
; MODE[0]    ; POP_ENABLE[21] ; 4.743 ; 4.743 ; 4.743 ; 4.743 ;
; MODE[0]    ; POP_ENABLE[22] ; 5.371 ; 5.371 ; 5.371 ; 5.371 ;
; MODE[0]    ; POP_ENABLE[23] ; 5.120 ; 5.120 ; 5.120 ; 5.120 ;
; MODE[0]    ; POP_ENABLE[24] ; 5.122 ; 5.122 ; 5.122 ; 5.122 ;
; MODE[0]    ; POP_ENABLE[25] ; 5.045 ; 5.045 ; 5.045 ; 5.045 ;
; MODE[0]    ; POP_ENABLE[26] ; 5.309 ; 5.309 ; 5.309 ; 5.309 ;
; MODE[0]    ; POP_ENABLE[27] ; 5.138 ; 5.138 ; 5.138 ; 5.138 ;
; MODE[0]    ; POP_ENABLE[28] ; 4.853 ; 4.853 ; 4.853 ; 4.853 ;
; MODE[0]    ; POP_ENABLE[29] ; 5.231 ; 5.231 ; 5.231 ; 5.231 ;
; MODE[0]    ; POP_ENABLE[30] ; 4.959 ; 4.959 ; 4.959 ; 4.959 ;
; MODE[0]    ; POP_ENABLE[31] ; 4.773 ; 4.773 ; 4.773 ; 4.773 ;
; MODE[0]    ; POP_ENABLE[32] ; 5.205 ; 5.205 ; 5.205 ; 5.205 ;
; MODE[0]    ; POP_ENABLE[33] ; 5.058 ; 5.058 ; 5.058 ; 5.058 ;
; MODE[0]    ; POP_ENABLE[34] ; 5.467 ; 5.467 ; 5.467 ; 5.467 ;
; MODE[0]    ; POP_ENABLE[35] ; 5.591 ; 5.591 ; 5.591 ; 5.591 ;
; MODE[0]    ; POP_ENABLE[36] ; 5.316 ; 5.316 ; 5.316 ; 5.316 ;
; MODE[0]    ; POP_ENABLE[37] ; 4.926 ; 4.926 ; 4.926 ; 4.926 ;
; MODE[0]    ; POP_ENABLE[38] ; 5.313 ; 5.313 ; 5.313 ; 5.313 ;
; MODE[0]    ; POP_ENABLE[39] ; 5.389 ; 5.389 ; 5.389 ; 5.389 ;
; MODE[0]    ; POP_ENABLE[40] ; 4.878 ; 4.878 ; 4.878 ; 4.878 ;
; MODE[0]    ; POP_ENABLE[41] ; 5.466 ; 5.466 ; 5.466 ; 5.466 ;
; MODE[0]    ; POP_ENABLE[42] ; 5.204 ; 5.204 ; 5.204 ; 5.204 ;
; MODE[0]    ; POP_ENABLE[43] ; 5.219 ; 5.219 ; 5.219 ; 5.219 ;
; MODE[0]    ; POP_ENABLE[44] ; 5.114 ; 5.114 ; 5.114 ; 5.114 ;
; MODE[0]    ; POP_ENABLE[45] ; 4.948 ; 4.948 ; 4.948 ; 4.948 ;
; MODE[0]    ; POP_ENABLE[46] ; 5.306 ; 5.306 ; 5.306 ; 5.306 ;
; MODE[0]    ; POP_ENABLE[47] ; 5.067 ; 5.067 ; 5.067 ; 5.067 ;
; MODE[0]    ; POP_ENABLE[48] ; 5.277 ; 5.277 ; 5.277 ; 5.277 ;
; MODE[0]    ; POP_ENABLE[49] ; 5.107 ; 5.107 ; 5.107 ; 5.107 ;
; MODE[0]    ; POP_ENABLE[50] ; 5.325 ; 5.325 ; 5.325 ; 5.325 ;
; MODE[0]    ; POP_ENABLE[51] ; 5.382 ; 5.382 ; 5.382 ; 5.382 ;
; MODE[1]    ; INIT           ;       ; 3.640 ; 3.640 ;       ;
; MODE[1]    ; POP            ; 3.845 ;       ;       ; 3.845 ;
; MODE[1]    ; POP_ENABLE[0]  ; 4.888 ; 4.783 ; 4.783 ; 4.888 ;
; MODE[1]    ; POP_ENABLE[1]  ; 4.428 ; 4.323 ; 4.323 ; 4.428 ;
; MODE[1]    ; POP_ENABLE[2]  ; 4.825 ; 4.720 ; 4.720 ; 4.825 ;
; MODE[1]    ; POP_ENABLE[3]  ; 4.913 ; 4.913 ; 4.913 ; 4.913 ;
; MODE[1]    ; POP_ENABLE[4]  ; 4.783 ; 4.678 ; 4.678 ; 4.783 ;
; MODE[1]    ; POP_ENABLE[5]  ; 4.608 ; 4.608 ; 4.608 ; 4.608 ;
; MODE[1]    ; POP_ENABLE[6]  ; 5.316 ; 5.211 ; 5.211 ; 5.316 ;
; MODE[1]    ; POP_ENABLE[7]  ; 5.108 ; 5.108 ; 5.108 ; 5.108 ;
; MODE[1]    ; POP_ENABLE[8]  ; 5.031 ; 5.031 ; 5.031 ; 5.031 ;
; MODE[1]    ; POP_ENABLE[9]  ; 4.864 ; 4.800 ; 4.800 ; 4.864 ;
; MODE[1]    ; POP_ENABLE[10] ; 4.482 ; 4.377 ; 4.377 ; 4.482 ;
; MODE[1]    ; POP_ENABLE[11] ; 4.941 ; 4.941 ; 4.941 ; 4.941 ;
; MODE[1]    ; POP_ENABLE[12] ; 4.531 ; 4.531 ; 4.531 ; 4.531 ;
; MODE[1]    ; POP_ENABLE[13] ; 4.842 ; 4.842 ; 4.842 ; 4.842 ;
; MODE[1]    ; POP_ENABLE[14] ; 4.709 ; 4.709 ; 4.709 ; 4.709 ;
; MODE[1]    ; POP_ENABLE[15] ; 4.253 ; 4.148 ; 4.148 ; 4.253 ;
; MODE[1]    ; POP_ENABLE[16] ; 4.689 ; 4.689 ; 4.689 ; 4.689 ;
; MODE[1]    ; POP_ENABLE[17] ; 4.862 ; 4.862 ; 4.862 ; 4.862 ;
; MODE[1]    ; POP_ENABLE[18] ; 4.906 ; 4.906 ; 4.906 ; 4.906 ;
; MODE[1]    ; POP_ENABLE[19] ; 4.686 ; 4.686 ; 4.686 ; 4.686 ;
; MODE[1]    ; POP_ENABLE[20] ; 4.630 ; 4.630 ; 4.630 ; 4.630 ;
; MODE[1]    ; POP_ENABLE[21] ; 4.456 ; 4.456 ; 4.456 ; 4.456 ;
; MODE[1]    ; POP_ENABLE[22] ; 5.084 ; 5.084 ; 5.084 ; 5.084 ;
; MODE[1]    ; POP_ENABLE[23] ; 4.833 ; 4.833 ; 4.833 ; 4.833 ;
; MODE[1]    ; POP_ENABLE[24] ; 4.835 ; 4.835 ; 4.835 ; 4.835 ;
; MODE[1]    ; POP_ENABLE[25] ; 4.758 ; 4.758 ; 4.758 ; 4.758 ;
; MODE[1]    ; POP_ENABLE[26] ; 5.022 ; 5.022 ; 5.022 ; 5.022 ;
; MODE[1]    ; POP_ENABLE[27] ; 4.851 ; 4.851 ; 4.851 ; 4.851 ;
; MODE[1]    ; POP_ENABLE[28] ; 4.566 ; 4.566 ; 4.566 ; 4.566 ;
; MODE[1]    ; POP_ENABLE[29] ; 4.944 ; 4.944 ; 4.944 ; 4.944 ;
; MODE[1]    ; POP_ENABLE[30] ; 4.672 ; 4.672 ; 4.672 ; 4.672 ;
; MODE[1]    ; POP_ENABLE[31] ; 4.486 ; 4.486 ; 4.486 ; 4.486 ;
; MODE[1]    ; POP_ENABLE[32] ; 4.918 ; 4.918 ; 4.918 ; 4.918 ;
; MODE[1]    ; POP_ENABLE[33] ; 4.771 ; 4.771 ; 4.771 ; 4.771 ;
; MODE[1]    ; POP_ENABLE[34] ; 5.180 ; 5.180 ; 5.180 ; 5.180 ;
; MODE[1]    ; POP_ENABLE[35] ; 5.304 ; 5.304 ; 5.304 ; 5.304 ;
; MODE[1]    ; POP_ENABLE[36] ; 5.029 ; 5.029 ; 5.029 ; 5.029 ;
; MODE[1]    ; POP_ENABLE[37] ; 4.639 ; 4.639 ; 4.639 ; 4.639 ;
; MODE[1]    ; POP_ENABLE[38] ; 5.026 ; 5.026 ; 5.026 ; 5.026 ;
; MODE[1]    ; POP_ENABLE[39] ; 5.102 ; 5.102 ; 5.102 ; 5.102 ;
; MODE[1]    ; POP_ENABLE[40] ; 4.591 ; 4.591 ; 4.591 ; 4.591 ;
; MODE[1]    ; POP_ENABLE[41] ; 5.179 ; 5.115 ; 5.115 ; 5.179 ;
; MODE[1]    ; POP_ENABLE[42] ; 4.917 ; 4.917 ; 4.917 ; 4.917 ;
; MODE[1]    ; POP_ENABLE[43] ; 4.932 ; 4.932 ; 4.932 ; 4.932 ;
; MODE[1]    ; POP_ENABLE[44] ; 4.827 ; 4.827 ; 4.827 ; 4.827 ;
; MODE[1]    ; POP_ENABLE[45] ; 4.661 ; 4.661 ; 4.661 ; 4.661 ;
; MODE[1]    ; POP_ENABLE[46] ; 5.019 ; 5.019 ; 5.019 ; 5.019 ;
; MODE[1]    ; POP_ENABLE[47] ; 4.780 ; 4.780 ; 4.780 ; 4.780 ;
; MODE[1]    ; POP_ENABLE[48] ; 4.990 ; 4.990 ; 4.990 ; 4.990 ;
; MODE[1]    ; POP_ENABLE[49] ; 4.820 ; 4.820 ; 4.820 ; 4.820 ;
; MODE[1]    ; POP_ENABLE[50] ; 5.038 ; 5.038 ; 5.038 ; 5.038 ;
; MODE[1]    ; POP_ENABLE[51] ; 5.095 ; 5.095 ; 5.095 ; 5.095 ;
+------------+----------------+-------+-------+-------+-------+


+--------------------------------------------------------------------------------+
; Multicorner Timing Analysis Summary                                            ;
+----------------------+-------+------+----------+---------+---------------------+
; Clock                ; Setup ; Hold ; Recovery ; Removal ; Minimum Pulse Width ;
+----------------------+-------+------+----------+---------+---------------------+
; Worst-case Slack     ; N/A   ; N/A  ; N/A      ; N/A     ; 97.531              ;
;  altera_reserved_tck ; N/A   ; N/A  ; N/A      ; N/A     ; 97.531              ;
; Design-wide TNS      ; 0.0   ; 0.0  ; 0.0      ; 0.0     ; 0.0                 ;
;  altera_reserved_tck ; N/A   ; N/A  ; N/A      ; N/A     ; 0.000               ;
+----------------------+-------+------+----------+---------+---------------------+


+-----------------------------------------------------------------+
; Progagation Delay                                               ;
+------------+----------------+--------+--------+--------+--------+
; Input Port ; Output Port    ; RR     ; RF     ; FR     ; FF     ;
+------------+----------------+--------+--------+--------+--------+
; MODE[0]    ; INIT           ; 10.608 ;        ;        ; 10.608 ;
; MODE[0]    ; POP            ; 11.252 ; 11.252 ; 11.252 ; 11.252 ;
; MODE[0]    ; POP_ENABLE[0]  ; 14.990 ; 12.709 ; 12.709 ; 14.990 ;
; MODE[0]    ; POP_ENABLE[1]  ; 14.622 ; 12.385 ; 12.385 ; 14.622 ;
; MODE[0]    ; POP_ENABLE[2]  ; 14.733 ; 12.499 ; 12.499 ; 14.733 ;
; MODE[0]    ; POP_ENABLE[3]  ; 15.027 ; 12.645 ; 12.645 ; 15.027 ;
; MODE[0]    ; POP_ENABLE[4]  ; 14.194 ; 11.662 ; 11.662 ; 14.194 ;
; MODE[0]    ; POP_ENABLE[5]  ; 14.714 ; 12.332 ; 12.332 ; 14.714 ;
; MODE[0]    ; POP_ENABLE[6]  ; 15.902 ; 12.702 ; 12.702 ; 15.902 ;
; MODE[0]    ; POP_ENABLE[7]  ; 15.296 ; 12.914 ; 12.914 ; 15.296 ;
; MODE[0]    ; POP_ENABLE[8]  ; 14.739 ; 12.707 ; 12.707 ; 14.739 ;
; MODE[0]    ; POP_ENABLE[9]  ; 15.018 ; 12.636 ; 12.636 ; 15.018 ;
; MODE[0]    ; POP_ENABLE[10] ; 13.194 ; 10.779 ; 10.779 ; 13.194 ;
; MODE[0]    ; POP_ENABLE[11] ; 14.954 ; 12.572 ; 12.572 ; 14.954 ;
; MODE[0]    ; POP_ENABLE[12] ; 13.742 ; 11.710 ; 11.710 ; 13.742 ;
; MODE[0]    ; POP_ENABLE[13] ; 14.244 ; 12.115 ; 12.115 ; 14.244 ;
; MODE[0]    ; POP_ENABLE[14] ; 14.664 ; 11.980 ; 11.980 ; 14.664 ;
; MODE[0]    ; POP_ENABLE[15] ; 12.081 ; 10.049 ; 10.049 ; 12.081 ;
; MODE[0]    ; POP_ENABLE[16] ; 14.406 ; 12.024 ; 12.024 ; 14.406 ;
; MODE[0]    ; POP_ENABLE[17] ; 14.292 ; 11.947 ; 11.947 ; 14.292 ;
; MODE[0]    ; POP_ENABLE[18] ; 14.966 ; 12.584 ; 12.584 ; 14.966 ;
; MODE[0]    ; POP_ENABLE[19] ; 14.333 ; 11.994 ; 11.994 ; 14.333 ;
; MODE[0]    ; POP_ENABLE[20] ; 14.718 ; 11.967 ; 11.967 ; 14.718 ;
; MODE[0]    ; POP_ENABLE[21] ; 13.239 ; 11.116 ; 11.116 ; 13.239 ;
; MODE[0]    ; POP_ENABLE[22] ; 15.997 ; 13.119 ; 13.119 ; 15.997 ;
; MODE[0]    ; POP_ENABLE[23] ; 14.651 ; 12.269 ; 12.269 ; 14.651 ;
; MODE[0]    ; POP_ENABLE[24] ; 15.803 ; 12.936 ; 12.936 ; 15.803 ;
; MODE[0]    ; POP_ENABLE[25] ; 13.906 ; 11.571 ; 11.571 ; 13.906 ;
; MODE[0]    ; POP_ENABLE[26] ; 15.230 ; 12.848 ; 12.848 ; 15.230 ;
; MODE[0]    ; POP_ENABLE[27] ; 14.901 ; 12.571 ; 12.571 ; 14.901 ;
; MODE[0]    ; POP_ENABLE[28] ; 14.911 ; 12.272 ; 12.272 ; 14.911 ;
; MODE[0]    ; POP_ENABLE[29] ; 15.119 ; 12.542 ; 12.542 ; 15.119 ;
; MODE[0]    ; POP_ENABLE[30] ; 14.864 ; 12.177 ; 12.177 ; 14.864 ;
; MODE[0]    ; POP_ENABLE[31] ; 13.099 ; 10.717 ; 10.717 ; 13.099 ;
; MODE[0]    ; POP_ENABLE[32] ; 14.917 ; 12.535 ; 12.535 ; 14.917 ;
; MODE[0]    ; POP_ENABLE[33] ; 14.347 ; 11.965 ; 11.965 ; 14.347 ;
; MODE[0]    ; POP_ENABLE[34] ; 15.708 ; 13.328 ; 13.328 ; 15.708 ;
; MODE[0]    ; POP_ENABLE[35] ; 15.911 ; 13.576 ; 13.576 ; 15.911 ;
; MODE[0]    ; POP_ENABLE[36] ; 15.370 ; 12.492 ; 12.492 ; 15.370 ;
; MODE[0]    ; POP_ENABLE[37] ; 14.951 ; 12.569 ; 12.569 ; 14.951 ;
; MODE[0]    ; POP_ENABLE[38] ; 16.043 ; 13.165 ; 13.165 ; 16.043 ;
; MODE[0]    ; POP_ENABLE[39] ; 15.585 ; 13.203 ; 13.203 ; 15.585 ;
; MODE[0]    ; POP_ENABLE[40] ; 15.860 ; 13.478 ; 13.478 ; 15.860 ;
; MODE[0]    ; POP_ENABLE[41] ; 15.225 ; 12.843 ; 12.843 ; 15.225 ;
; MODE[0]    ; POP_ENABLE[42] ; 14.946 ; 12.564 ; 12.564 ; 14.946 ;
; MODE[0]    ; POP_ENABLE[43] ; 14.930 ; 12.626 ; 12.626 ; 14.930 ;
; MODE[0]    ; POP_ENABLE[44] ; 15.461 ; 12.818 ; 12.818 ; 15.461 ;
; MODE[0]    ; POP_ENABLE[45] ; 13.916 ; 11.787 ; 11.787 ; 13.916 ;
; MODE[0]    ; POP_ENABLE[46] ; 15.534 ; 12.816 ; 12.816 ; 15.534 ;
; MODE[0]    ; POP_ENABLE[47] ; 14.605 ; 11.727 ; 11.727 ; 14.605 ;
; MODE[0]    ; POP_ENABLE[48] ; 14.904 ; 12.522 ; 12.522 ; 14.904 ;
; MODE[0]    ; POP_ENABLE[49] ; 14.244 ; 11.899 ; 11.899 ; 14.244 ;
; MODE[0]    ; POP_ENABLE[50] ; 15.496 ; 13.262 ; 13.262 ; 15.496 ;
; MODE[0]    ; POP_ENABLE[51] ; 15.322 ; 12.940 ; 12.940 ; 15.322 ;
; MODE[1]    ; INIT           ;        ; 7.767  ; 7.767  ;        ;
; MODE[1]    ; POP            ; 8.395  ;        ;        ; 8.395  ;
; MODE[1]    ; POP_ENABLE[0]  ; 12.074 ; 12.132 ; 12.132 ; 12.074 ;
; MODE[1]    ; POP_ENABLE[1]  ; 11.750 ; 11.764 ; 11.764 ; 11.750 ;
; MODE[1]    ; POP_ENABLE[2]  ; 11.864 ; 11.875 ; 11.875 ; 11.864 ;
; MODE[1]    ; POP_ENABLE[3]  ; 12.010 ; 12.169 ; 12.169 ; 12.010 ;
; MODE[1]    ; POP_ENABLE[4]  ; 11.027 ; 11.336 ; 11.336 ; 11.027 ;
; MODE[1]    ; POP_ENABLE[5]  ; 11.697 ; 11.856 ; 11.856 ; 11.697 ;
; MODE[1]    ; POP_ENABLE[6]  ; 12.067 ; 13.044 ; 13.044 ; 12.067 ;
; MODE[1]    ; POP_ENABLE[7]  ; 12.279 ; 12.438 ; 12.438 ; 12.279 ;
; MODE[1]    ; POP_ENABLE[8]  ; 12.072 ; 12.072 ; 12.072 ; 12.072 ;
; MODE[1]    ; POP_ENABLE[9]  ; 12.001 ; 12.160 ; 12.160 ; 12.001 ;
; MODE[1]    ; POP_ENABLE[10] ; 10.144 ; 10.336 ; 10.336 ; 10.144 ;
; MODE[1]    ; POP_ENABLE[11] ; 11.937 ; 12.096 ; 12.096 ; 11.937 ;
; MODE[1]    ; POP_ENABLE[12] ; 11.075 ; 11.075 ; 11.075 ; 11.075 ;
; MODE[1]    ; POP_ENABLE[13] ; 11.480 ; 11.480 ; 11.480 ; 11.480 ;
; MODE[1]    ; POP_ENABLE[14] ; 11.345 ; 11.806 ; 11.806 ; 11.345 ;
; MODE[1]    ; POP_ENABLE[15] ; 9.414  ; 9.414  ; 9.414  ; 9.414  ;
; MODE[1]    ; POP_ENABLE[16] ; 11.389 ; 11.548 ; 11.548 ; 11.389 ;
; MODE[1]    ; POP_ENABLE[17] ; 11.312 ; 11.434 ; 11.434 ; 11.312 ;
; MODE[1]    ; POP_ENABLE[18] ; 11.949 ; 12.108 ; 12.108 ; 11.949 ;
; MODE[1]    ; POP_ENABLE[19] ; 11.359 ; 11.475 ; 11.475 ; 11.359 ;
; MODE[1]    ; POP_ENABLE[20] ; 11.332 ; 11.860 ; 11.860 ; 11.332 ;
; MODE[1]    ; POP_ENABLE[21] ; 10.481 ; 10.481 ; 10.481 ; 10.481 ;
; MODE[1]    ; POP_ENABLE[22] ; 12.484 ; 13.139 ; 13.139 ; 12.484 ;
; MODE[1]    ; POP_ENABLE[23] ; 11.634 ; 11.793 ; 11.793 ; 11.634 ;
; MODE[1]    ; POP_ENABLE[24] ; 12.301 ; 12.945 ; 12.945 ; 12.301 ;
; MODE[1]    ; POP_ENABLE[25] ; 10.936 ; 11.048 ; 11.048 ; 10.936 ;
; MODE[1]    ; POP_ENABLE[26] ; 12.213 ; 12.372 ; 12.372 ; 12.213 ;
; MODE[1]    ; POP_ENABLE[27] ; 11.936 ; 12.043 ; 12.043 ; 11.936 ;
; MODE[1]    ; POP_ENABLE[28] ; 11.637 ; 12.053 ; 12.053 ; 11.637 ;
; MODE[1]    ; POP_ENABLE[29] ; 11.907 ; 12.261 ; 12.261 ; 11.907 ;
; MODE[1]    ; POP_ENABLE[30] ; 11.542 ; 12.006 ; 12.006 ; 11.542 ;
; MODE[1]    ; POP_ENABLE[31] ; 10.082 ; 10.241 ; 10.241 ; 10.082 ;
; MODE[1]    ; POP_ENABLE[32] ; 11.900 ; 12.059 ; 12.059 ; 11.900 ;
; MODE[1]    ; POP_ENABLE[33] ; 11.330 ; 11.489 ; 11.489 ; 11.330 ;
; MODE[1]    ; POP_ENABLE[34] ; 12.693 ; 12.850 ; 12.850 ; 12.693 ;
; MODE[1]    ; POP_ENABLE[35] ; 12.941 ; 13.053 ; 13.053 ; 12.941 ;
; MODE[1]    ; POP_ENABLE[36] ; 11.857 ; 12.512 ; 12.512 ; 11.857 ;
; MODE[1]    ; POP_ENABLE[37] ; 11.934 ; 12.093 ; 12.093 ; 11.934 ;
; MODE[1]    ; POP_ENABLE[38] ; 12.530 ; 13.185 ; 13.185 ; 12.530 ;
; MODE[1]    ; POP_ENABLE[39] ; 12.568 ; 12.727 ; 12.727 ; 12.568 ;
; MODE[1]    ; POP_ENABLE[40] ; 12.843 ; 13.002 ; 13.002 ; 12.843 ;
; MODE[1]    ; POP_ENABLE[41] ; 12.208 ; 12.367 ; 12.367 ; 12.208 ;
; MODE[1]    ; POP_ENABLE[42] ; 11.929 ; 12.088 ; 12.088 ; 11.929 ;
; MODE[1]    ; POP_ENABLE[43] ; 11.991 ; 12.072 ; 12.072 ; 11.991 ;
; MODE[1]    ; POP_ENABLE[44] ; 12.183 ; 12.603 ; 12.603 ; 12.183 ;
; MODE[1]    ; POP_ENABLE[45] ; 11.152 ; 11.152 ; 11.152 ; 11.152 ;
; MODE[1]    ; POP_ENABLE[46] ; 12.181 ; 12.676 ; 12.676 ; 12.181 ;
; MODE[1]    ; POP_ENABLE[47] ; 11.092 ; 11.747 ; 11.747 ; 11.092 ;
; MODE[1]    ; POP_ENABLE[48] ; 11.887 ; 12.046 ; 12.046 ; 11.887 ;
; MODE[1]    ; POP_ENABLE[49] ; 11.264 ; 11.386 ; 11.386 ; 11.264 ;
; MODE[1]    ; POP_ENABLE[50] ; 12.627 ; 12.638 ; 12.638 ; 12.627 ;
; MODE[1]    ; POP_ENABLE[51] ; 12.305 ; 12.464 ; 12.464 ; 12.305 ;
+------------+----------------+--------+--------+--------+--------+


+-------------------------------------------------------------+
; Minimum Progagation Delay                                   ;
+------------+----------------+-------+-------+-------+-------+
; Input Port ; Output Port    ; RR    ; RF    ; FR    ; FF    ;
+------------+----------------+-------+-------+-------+-------+
; MODE[0]    ; INIT           ; 4.790 ;       ;       ; 4.790 ;
; MODE[0]    ; POP            ; 4.999 ; 4.999 ; 4.999 ; 4.999 ;
; MODE[0]    ; POP_ENABLE[0]  ; 5.175 ; 5.175 ; 5.175 ; 5.175 ;
; MODE[0]    ; POP_ENABLE[1]  ; 4.715 ; 4.715 ; 4.715 ; 4.715 ;
; MODE[0]    ; POP_ENABLE[2]  ; 5.112 ; 5.112 ; 5.112 ; 5.112 ;
; MODE[0]    ; POP_ENABLE[3]  ; 5.200 ; 5.200 ; 5.200 ; 5.200 ;
; MODE[0]    ; POP_ENABLE[4]  ; 5.070 ; 5.070 ; 5.070 ; 5.070 ;
; MODE[0]    ; POP_ENABLE[5]  ; 4.895 ; 4.895 ; 4.895 ; 4.895 ;
; MODE[0]    ; POP_ENABLE[6]  ; 5.603 ; 5.603 ; 5.603 ; 5.603 ;
; MODE[0]    ; POP_ENABLE[7]  ; 5.395 ; 5.395 ; 5.395 ; 5.395 ;
; MODE[0]    ; POP_ENABLE[8]  ; 5.318 ; 5.318 ; 5.318 ; 5.318 ;
; MODE[0]    ; POP_ENABLE[9]  ; 5.151 ; 5.151 ; 5.151 ; 5.151 ;
; MODE[0]    ; POP_ENABLE[10] ; 4.769 ; 4.769 ; 4.769 ; 4.769 ;
; MODE[0]    ; POP_ENABLE[11] ; 5.228 ; 5.228 ; 5.228 ; 5.228 ;
; MODE[0]    ; POP_ENABLE[12] ; 4.818 ; 4.818 ; 4.818 ; 4.818 ;
; MODE[0]    ; POP_ENABLE[13] ; 5.129 ; 5.129 ; 5.129 ; 5.129 ;
; MODE[0]    ; POP_ENABLE[14] ; 4.996 ; 4.996 ; 4.996 ; 4.996 ;
; MODE[0]    ; POP_ENABLE[15] ; 4.540 ; 4.540 ; 4.540 ; 4.540 ;
; MODE[0]    ; POP_ENABLE[16] ; 4.976 ; 4.976 ; 4.976 ; 4.976 ;
; MODE[0]    ; POP_ENABLE[17] ; 5.149 ; 5.149 ; 5.149 ; 5.149 ;
; MODE[0]    ; POP_ENABLE[18] ; 5.193 ; 5.193 ; 5.193 ; 5.193 ;
; MODE[0]    ; POP_ENABLE[19] ; 4.973 ; 4.973 ; 4.973 ; 4.973 ;
; MODE[0]    ; POP_ENABLE[20] ; 4.917 ; 4.917 ; 4.917 ; 4.917 ;
; MODE[0]    ; POP_ENABLE[21] ; 4.743 ; 4.743 ; 4.743 ; 4.743 ;
; MODE[0]    ; POP_ENABLE[22] ; 5.371 ; 5.371 ; 5.371 ; 5.371 ;
; MODE[0]    ; POP_ENABLE[23] ; 5.120 ; 5.120 ; 5.120 ; 5.120 ;
; MODE[0]    ; POP_ENABLE[24] ; 5.122 ; 5.122 ; 5.122 ; 5.122 ;
; MODE[0]    ; POP_ENABLE[25] ; 5.045 ; 5.045 ; 5.045 ; 5.045 ;
; MODE[0]    ; POP_ENABLE[26] ; 5.309 ; 5.309 ; 5.309 ; 5.309 ;
; MODE[0]    ; POP_ENABLE[27] ; 5.138 ; 5.138 ; 5.138 ; 5.138 ;
; MODE[0]    ; POP_ENABLE[28] ; 4.853 ; 4.853 ; 4.853 ; 4.853 ;
; MODE[0]    ; POP_ENABLE[29] ; 5.231 ; 5.231 ; 5.231 ; 5.231 ;
; MODE[0]    ; POP_ENABLE[30] ; 4.959 ; 4.959 ; 4.959 ; 4.959 ;
; MODE[0]    ; POP_ENABLE[31] ; 4.773 ; 4.773 ; 4.773 ; 4.773 ;
; MODE[0]    ; POP_ENABLE[32] ; 5.205 ; 5.205 ; 5.205 ; 5.205 ;
; MODE[0]    ; POP_ENABLE[33] ; 5.058 ; 5.058 ; 5.058 ; 5.058 ;
; MODE[0]    ; POP_ENABLE[34] ; 5.467 ; 5.467 ; 5.467 ; 5.467 ;
; MODE[0]    ; POP_ENABLE[35] ; 5.591 ; 5.591 ; 5.591 ; 5.591 ;
; MODE[0]    ; POP_ENABLE[36] ; 5.316 ; 5.316 ; 5.316 ; 5.316 ;
; MODE[0]    ; POP_ENABLE[37] ; 4.926 ; 4.926 ; 4.926 ; 4.926 ;
; MODE[0]    ; POP_ENABLE[38] ; 5.313 ; 5.313 ; 5.313 ; 5.313 ;
; MODE[0]    ; POP_ENABLE[39] ; 5.389 ; 5.389 ; 5.389 ; 5.389 ;
; MODE[0]    ; POP_ENABLE[40] ; 4.878 ; 4.878 ; 4.878 ; 4.878 ;
; MODE[0]    ; POP_ENABLE[41] ; 5.466 ; 5.466 ; 5.466 ; 5.466 ;
; MODE[0]    ; POP_ENABLE[42] ; 5.204 ; 5.204 ; 5.204 ; 5.204 ;
; MODE[0]    ; POP_ENABLE[43] ; 5.219 ; 5.219 ; 5.219 ; 5.219 ;
; MODE[0]    ; POP_ENABLE[44] ; 5.114 ; 5.114 ; 5.114 ; 5.114 ;
; MODE[0]    ; POP_ENABLE[45] ; 4.948 ; 4.948 ; 4.948 ; 4.948 ;
; MODE[0]    ; POP_ENABLE[46] ; 5.306 ; 5.306 ; 5.306 ; 5.306 ;
; MODE[0]    ; POP_ENABLE[47] ; 5.067 ; 5.067 ; 5.067 ; 5.067 ;
; MODE[0]    ; POP_ENABLE[48] ; 5.277 ; 5.277 ; 5.277 ; 5.277 ;
; MODE[0]    ; POP_ENABLE[49] ; 5.107 ; 5.107 ; 5.107 ; 5.107 ;
; MODE[0]    ; POP_ENABLE[50] ; 5.325 ; 5.325 ; 5.325 ; 5.325 ;
; MODE[0]    ; POP_ENABLE[51] ; 5.382 ; 5.382 ; 5.382 ; 5.382 ;
; MODE[1]    ; INIT           ;       ; 3.640 ; 3.640 ;       ;
; MODE[1]    ; POP            ; 3.845 ;       ;       ; 3.845 ;
; MODE[1]    ; POP_ENABLE[0]  ; 4.888 ; 4.783 ; 4.783 ; 4.888 ;
; MODE[1]    ; POP_ENABLE[1]  ; 4.428 ; 4.323 ; 4.323 ; 4.428 ;
; MODE[1]    ; POP_ENABLE[2]  ; 4.825 ; 4.720 ; 4.720 ; 4.825 ;
; MODE[1]    ; POP_ENABLE[3]  ; 4.913 ; 4.913 ; 4.913 ; 4.913 ;
; MODE[1]    ; POP_ENABLE[4]  ; 4.783 ; 4.678 ; 4.678 ; 4.783 ;
; MODE[1]    ; POP_ENABLE[5]  ; 4.608 ; 4.608 ; 4.608 ; 4.608 ;
; MODE[1]    ; POP_ENABLE[6]  ; 5.316 ; 5.211 ; 5.211 ; 5.316 ;
; MODE[1]    ; POP_ENABLE[7]  ; 5.108 ; 5.108 ; 5.108 ; 5.108 ;
; MODE[1]    ; POP_ENABLE[8]  ; 5.031 ; 5.031 ; 5.031 ; 5.031 ;
; MODE[1]    ; POP_ENABLE[9]  ; 4.864 ; 4.800 ; 4.800 ; 4.864 ;
; MODE[1]    ; POP_ENABLE[10] ; 4.482 ; 4.377 ; 4.377 ; 4.482 ;
; MODE[1]    ; POP_ENABLE[11] ; 4.941 ; 4.941 ; 4.941 ; 4.941 ;
; MODE[1]    ; POP_ENABLE[12] ; 4.531 ; 4.531 ; 4.531 ; 4.531 ;
; MODE[1]    ; POP_ENABLE[13] ; 4.842 ; 4.842 ; 4.842 ; 4.842 ;
; MODE[1]    ; POP_ENABLE[14] ; 4.709 ; 4.709 ; 4.709 ; 4.709 ;
; MODE[1]    ; POP_ENABLE[15] ; 4.253 ; 4.148 ; 4.148 ; 4.253 ;
; MODE[1]    ; POP_ENABLE[16] ; 4.689 ; 4.689 ; 4.689 ; 4.689 ;
; MODE[1]    ; POP_ENABLE[17] ; 4.862 ; 4.862 ; 4.862 ; 4.862 ;
; MODE[1]    ; POP_ENABLE[18] ; 4.906 ; 4.906 ; 4.906 ; 4.906 ;
; MODE[1]    ; POP_ENABLE[19] ; 4.686 ; 4.686 ; 4.686 ; 4.686 ;
; MODE[1]    ; POP_ENABLE[20] ; 4.630 ; 4.630 ; 4.630 ; 4.630 ;
; MODE[1]    ; POP_ENABLE[21] ; 4.456 ; 4.456 ; 4.456 ; 4.456 ;
; MODE[1]    ; POP_ENABLE[22] ; 5.084 ; 5.084 ; 5.084 ; 5.084 ;
; MODE[1]    ; POP_ENABLE[23] ; 4.833 ; 4.833 ; 4.833 ; 4.833 ;
; MODE[1]    ; POP_ENABLE[24] ; 4.835 ; 4.835 ; 4.835 ; 4.835 ;
; MODE[1]    ; POP_ENABLE[25] ; 4.758 ; 4.758 ; 4.758 ; 4.758 ;
; MODE[1]    ; POP_ENABLE[26] ; 5.022 ; 5.022 ; 5.022 ; 5.022 ;
; MODE[1]    ; POP_ENABLE[27] ; 4.851 ; 4.851 ; 4.851 ; 4.851 ;
; MODE[1]    ; POP_ENABLE[28] ; 4.566 ; 4.566 ; 4.566 ; 4.566 ;
; MODE[1]    ; POP_ENABLE[29] ; 4.944 ; 4.944 ; 4.944 ; 4.944 ;
; MODE[1]    ; POP_ENABLE[30] ; 4.672 ; 4.672 ; 4.672 ; 4.672 ;
; MODE[1]    ; POP_ENABLE[31] ; 4.486 ; 4.486 ; 4.486 ; 4.486 ;
; MODE[1]    ; POP_ENABLE[32] ; 4.918 ; 4.918 ; 4.918 ; 4.918 ;
; MODE[1]    ; POP_ENABLE[33] ; 4.771 ; 4.771 ; 4.771 ; 4.771 ;
; MODE[1]    ; POP_ENABLE[34] ; 5.180 ; 5.180 ; 5.180 ; 5.180 ;
; MODE[1]    ; POP_ENABLE[35] ; 5.304 ; 5.304 ; 5.304 ; 5.304 ;
; MODE[1]    ; POP_ENABLE[36] ; 5.029 ; 5.029 ; 5.029 ; 5.029 ;
; MODE[1]    ; POP_ENABLE[37] ; 4.639 ; 4.639 ; 4.639 ; 4.639 ;
; MODE[1]    ; POP_ENABLE[38] ; 5.026 ; 5.026 ; 5.026 ; 5.026 ;
; MODE[1]    ; POP_ENABLE[39] ; 5.102 ; 5.102 ; 5.102 ; 5.102 ;
; MODE[1]    ; POP_ENABLE[40] ; 4.591 ; 4.591 ; 4.591 ; 4.591 ;
; MODE[1]    ; POP_ENABLE[41] ; 5.179 ; 5.115 ; 5.115 ; 5.179 ;
; MODE[1]    ; POP_ENABLE[42] ; 4.917 ; 4.917 ; 4.917 ; 4.917 ;
; MODE[1]    ; POP_ENABLE[43] ; 4.932 ; 4.932 ; 4.932 ; 4.932 ;
; MODE[1]    ; POP_ENABLE[44] ; 4.827 ; 4.827 ; 4.827 ; 4.827 ;
; MODE[1]    ; POP_ENABLE[45] ; 4.661 ; 4.661 ; 4.661 ; 4.661 ;
; MODE[1]    ; POP_ENABLE[46] ; 5.019 ; 5.019 ; 5.019 ; 5.019 ;
; MODE[1]    ; POP_ENABLE[47] ; 4.780 ; 4.780 ; 4.780 ; 4.780 ;
; MODE[1]    ; POP_ENABLE[48] ; 4.990 ; 4.990 ; 4.990 ; 4.990 ;
; MODE[1]    ; POP_ENABLE[49] ; 4.820 ; 4.820 ; 4.820 ; 4.820 ;
; MODE[1]    ; POP_ENABLE[50] ; 5.038 ; 5.038 ; 5.038 ; 5.038 ;
; MODE[1]    ; POP_ENABLE[51] ; 5.095 ; 5.095 ; 5.095 ; 5.095 ;
+------------+----------------+-------+-------+-------+-------+


-------------------
; Clock Transfers ;
-------------------
Nothing to report.


---------------
; Report TCCS ;
---------------
No dedicated SERDES Transmitter circuitry present in device or used in design


---------------
; Report RSKM ;
---------------
No dedicated SERDES Receiver circuitry present in device or used in design


+------------------------------------------------+
; Unconstrained Paths                            ;
+---------------------------------+-------+------+
; Property                        ; Setup ; Hold ;
+---------------------------------+-------+------+
; Illegal Clocks                  ; 0     ; 0    ;
; Unconstrained Clocks            ; 1     ; 1    ;
; Unconstrained Input Ports       ; 5     ; 5    ;
; Unconstrained Input Port Paths  ; 1081  ; 1081 ;
; Unconstrained Output Ports      ; 154   ; 154  ;
; Unconstrained Output Port Paths ; 3087  ; 3087 ;
+---------------------------------+-------+------+


+------------------------------------+
; TimeQuest Timing Analyzer Messages ;
+------------------------------------+
Warning (125092): Tcl Script File ../Lab3/lpm_add_sub0.qip not found
    Info (125063): set_global_assignment -name QIP_FILE ../Lab3/lpm_add_sub0.qip
Info: *******************************************************************
Info: Running Quartus II 64-Bit TimeQuest Timing Analyzer
    Info: Version 13.0.1 Build 232 06/12/2013 Service Pack 1 SJ Full Version
    Info: Processing started: Fri Nov 24 15:14:08 2017
Info: Command: quartus_sta lab4 -c lab4
Info: qsta_default_script.tcl version: #1
Info (11104): Parallel Compilation has detected 8 hyper-threaded processors. However, the extra hyper-threaded processors will not be used by default. Parallel Compilation will use 4 of the 4 physical processors detected instead.
Info (21077): Low junction temperature is 0 degrees C
Info (21077): High junction temperature is 85 degrees C
Info (332164): Evaluating HDL-embedded SDC commands
    Info (332165): Entity sld_jtag_hub
        Info (332166): create_clock -name altera_reserved_tck [get_ports {altera_reserved_tck}] -period 10MHz   
        Info (332166): set_clock_groups -asynchronous -group {altera_reserved_tck}
Critical Warning (332012): Synopsys Design Constraints File file not found: 'lab4.sdc'. A Synopsys Design Constraints File is required by the TimeQuest Timing Analyzer to get proper timing constraints. Without it, the Compiler will not properly optimize the design.
Warning (332060): Node: CLK was determined to be a clock but was found without an associated clock assignment.
Info: Found TIMEQUEST_REPORT_SCRIPT_INCLUDE_DEFAULT_ANALYSIS = ON
Info: Analyzing Slow Model
Info (332140): No fmax paths to report
Info (332140): No Setup paths to report
Info (332140): No Hold paths to report
Info (332140): No Recovery paths to report
Info (332140): No Removal paths to report
Info (332146): Worst-case minimum pulse width slack is 97.531
    Info (332119):     Slack End Point TNS Clock 
    Info (332119): ========= ============= =====================
    Info (332119):    97.531         0.000 altera_reserved_tck 
Info (332001): The selected device family is not supported by the report_metastability command.
Info: Analyzing Fast Model
Warning (332060): Node: CLK was determined to be a clock but was found without an associated clock assignment.
Info (332140): No Setup paths to report
Info (332140): No Hold paths to report
Info (332140): No Recovery paths to report
Info (332140): No Removal paths to report
Info (332146): Worst-case minimum pulse width slack is 97.778
    Info (332119):     Slack End Point TNS Clock 
    Info (332119): ========= ============= =====================
    Info (332119):    97.778         0.000 altera_reserved_tck 
Info (332001): The selected device family is not supported by the report_metastability command.
Info (332102): Design is not fully constrained for setup requirements
Info (332102): Design is not fully constrained for hold requirements
Info: Quartus II 64-Bit TimeQuest Timing Analyzer was successful. 0 errors, 4 warnings
    Info: Peak virtual memory: 493 megabytes
    Info: Processing ended: Fri Nov 24 15:14:15 2017
    Info: Elapsed time: 00:00:07
    Info: Total CPU time (on all processors): 00:00:01


